Archive member included to satisfy reference by file (symbol)

C:/nxp/MCUXpressoIDE_24.12.148/ide/plugins/com.nxp.mcuxpresso.tools.win32_24.12.0.202407110909/tools/bin/../lib/gcc/arm-none-eabi/13.2.1/../../../../arm-none-eabi/lib/thumb/v7e-m+fp/hard\libcr_c.a(memcpy.o)
                              ./utilities/fsl_str.o (memcpy)
C:/nxp/MCUXpressoIDE_24.12.148/ide/plugins/com.nxp.mcuxpresso.tools.win32_24.12.0.202407110909/tools/bin/../lib/gcc/arm-none-eabi/13.2.1/../../../../arm-none-eabi/lib/thumb/v7e-m+fp/hard\libcr_c.a(memset.o)
                              ./utilities/fsl_debug_console.o (memset)
C:/nxp/MCUXpressoIDE_24.12.148/ide/plugins/com.nxp.mcuxpresso.tools.win32_24.12.0.202407110909/tools/bin/../lib/gcc/arm-none-eabi/13.2.1/../../../../arm-none-eabi/lib/thumb/v7e-m+fp/hard\libcr_c.a(alloc.o)
                              ./drivers/fsl_common.o (malloc)
C:/nxp/MCUXpressoIDE_24.12.148/ide/plugins/com.nxp.mcuxpresso.tools.win32_24.12.0.202407110909/tools/bin/../lib/gcc/arm-none-eabi/13.2.1/../../../../arm-none-eabi/lib/thumb/v7e-m+fp/hard\libcr_c.a(fpprintf.o)
                              ./source/generateGamma.o (printf)
C:/nxp/MCUXpressoIDE_24.12.148/ide/plugins/com.nxp.mcuxpresso.tools.win32_24.12.0.202407110909/tools/bin/../lib/gcc/arm-none-eabi/13.2.1/../../../../arm-none-eabi/lib/thumb/v7e-m+fp/hard\libcr_c.a(pow.o)
                              ./source/generateGamma.o (pow)
C:/nxp/MCUXpressoIDE_24.12.148/ide/plugins/com.nxp.mcuxpresso.tools.win32_24.12.0.202407110909/tools/bin/../lib/gcc/arm-none-eabi/13.2.1/../../../../arm-none-eabi/lib/thumb/v7e-m+fp/hard\libcr_c.a(printf.o)
                              C:/nxp/MCUXpressoIDE_24.12.148/ide/plugins/com.nxp.mcuxpresso.tools.win32_24.12.0.202407110909/tools/bin/../lib/gcc/arm-none-eabi/13.2.1/../../../../arm-none-eabi/lib/thumb/v7e-m+fp/hard\libcr_c.a(fpprintf.o) (__vfprintf)
C:/nxp/MCUXpressoIDE_24.12.148/ide/plugins/com.nxp.mcuxpresso.tools.win32_24.12.0.202407110909/tools/bin/../lib/gcc/arm-none-eabi/13.2.1/../../../../arm-none-eabi/lib/thumb/v7e-m+fp/hard\libcr_c.a(scanf.o)
                              ./utilities/fsl_str.o (strtoul)
C:/nxp/MCUXpressoIDE_24.12.148/ide/plugins/com.nxp.mcuxpresso.tools.win32_24.12.0.202407110909/tools/bin/../lib/gcc/arm-none-eabi/13.2.1/../../../../arm-none-eabi/lib/thumb/v7e-m+fp/hard\libcr_c.a(strlen.o)
                              ./utilities/fsl_str.o (strlen)
C:/nxp/MCUXpressoIDE_24.12.148/ide/plugins/com.nxp.mcuxpresso.tools.win32_24.12.0.202407110909/tools/bin/../lib/gcc/arm-none-eabi/13.2.1/../../../../arm-none-eabi/lib/thumb/v7e-m+fp/hard\libcr_c.a(ungetc.o)
                              C:/nxp/MCUXpressoIDE_24.12.148/ide/plugins/com.nxp.mcuxpresso.tools.win32_24.12.0.202407110909/tools/bin/../lib/gcc/arm-none-eabi/13.2.1/../../../../arm-none-eabi/lib/thumb/v7e-m+fp/hard\libcr_c.a(scanf.o) (ungetc)
C:/nxp/MCUXpressoIDE_24.12.148/ide/plugins/com.nxp.mcuxpresso.tools.win32_24.12.0.202407110909/tools/bin/../lib/gcc/arm-none-eabi/13.2.1/../../../../arm-none-eabi/lib/thumb/v7e-m+fp/hard\libcr_c.a(__fillbuf.o)
                              C:/nxp/MCUXpressoIDE_24.12.148/ide/plugins/com.nxp.mcuxpresso.tools.win32_24.12.0.202407110909/tools/bin/../lib/gcc/arm-none-eabi/13.2.1/../../../../arm-none-eabi/lib/thumb/v7e-m+fp/hard\libcr_c.a(scanf.o) (__filbuf)
C:/nxp/MCUXpressoIDE_24.12.148/ide/plugins/com.nxp.mcuxpresso.tools.win32_24.12.0.202407110909/tools/bin/../lib/gcc/arm-none-eabi/13.2.1/../../../../arm-none-eabi/lib/thumb/v7e-m+fp/hard\libcr_c.a(__init_alloc.o)
                              C:/nxp/MCUXpressoIDE_24.12.148/ide/plugins/com.nxp.mcuxpresso.tools.win32_24.12.0.202407110909/tools/bin/../lib/gcc/arm-none-eabi/13.2.1/../../../../arm-none-eabi/lib/thumb/v7e-m+fp/hard\libcr_c.a(alloc.o) (__heaps)
C:/nxp/MCUXpressoIDE_24.12.148/ide/plugins/com.nxp.mcuxpresso.tools.win32_24.12.0.202407110909/tools/bin/../lib/gcc/arm-none-eabi/13.2.1/../../../../arm-none-eabi/lib/thumb/v7e-m+fp/hard\libcr_c.a(_cr_sbrk.o)
                              C:/nxp/MCUXpressoIDE_24.12.148/ide/plugins/com.nxp.mcuxpresso.tools.win32_24.12.0.202407110909/tools/bin/../lib/gcc/arm-none-eabi/13.2.1/../../../../arm-none-eabi/lib/thumb/v7e-m+fp/hard\libcr_c.a(alloc.o) (_sbrk)
C:/nxp/MCUXpressoIDE_24.12.148/ide/plugins/com.nxp.mcuxpresso.tools.win32_24.12.0.202407110909/tools/bin/../lib/gcc/arm-none-eabi/13.2.1/../../../../arm-none-eabi/lib/thumb/v7e-m+fp/hard\libcr_c.a(_deferredlazyseek.o)
                              C:/nxp/MCUXpressoIDE_24.12.148/ide/plugins/com.nxp.mcuxpresso.tools.win32_24.12.0.202407110909/tools/bin/../lib/gcc/arm-none-eabi/13.2.1/../../../../arm-none-eabi/lib/thumb/v7e-m+fp/hard\libcr_c.a(__fillbuf.o) (_deferredlazyseek)
C:/nxp/MCUXpressoIDE_24.12.148/ide/plugins/com.nxp.mcuxpresso.tools.win32_24.12.0.202407110909/tools/bin/../lib/gcc/arm-none-eabi/13.2.1/../../../../arm-none-eabi/lib/thumb/v7e-m+fp/hard\libcr_c.a(_fflush.o)
[...]
Memory Configuration

Name             Origin             Length             Attributes
PROGRAM_FLASH    0x00000000         0x00100000         xr
SRAM_UPPER       0x20000000         0x00030000         xrw
SRAM_LOWER       0x1fff0000         0x00010000         xrw
FLEX_RAM         0x14000000         0x00001000         xrw
*default*        0x00000000         0xffffffff

Linker script and memory map

LOAD ./utilities/fsl_debug_console.o
LOAD ./utilities/fsl_str.o
LOAD ./source/rtos/uCOSIII/src/uCOS-III/Source/os_cfg_app.o
LOAD ./source/rtos/uCOSIII/src/uCOS-III/Source/os_core.o
LOAD ./source/rtos/uCOSIII/src/uCOS-III/Source/os_dbg.o
LOAD ./source/rtos/uCOSIII/src/uCOS-III/Source/os_flag.o
LOAD ./source/rtos/uCOSIII/src/uCOS-III/Source/os_int.o
LOAD ./source/rtos/uCOSIII/src/uCOS-III/Source/os_mem.o
LOAD ./source/rtos/uCOSIII/src/uCOS-III/Source/os_msg.o
LOAD ./source/rtos/uCOSIII/src/uCOS-III/Source/os_mutex.o
LOAD ./source/rtos/uCOSIII/src/uCOS-III/Source/os_pend_multi.o
LOAD ./source/rtos/uCOSIII/src/uCOS-III/Source/os_prio.o
LOAD ./source/rtos/uCOSIII/src/uCOS-III/Source/os_q.o
LOAD ./source/rtos/uCOSIII/src/uCOS-III/Source/os_sem.o
LOAD ./source/rtos/uCOSIII/src/uCOS-III/Source/os_stat.o
LOAD ./source/rtos/uCOSIII/src/uCOS-III/Source/os_task.o
LOAD ./source/rtos/uCOSIII/src/uCOS-III/Source/os_tick.o
LOAD ./source/rtos/uCOSIII/src/uCOS-III/Source/os_time.o
LOAD ./source/rtos/uCOSIII/src/uCOS-III/Source/os_tmr.o
LOAD ./source/rtos/uCOSIII/src/uCOS-III/Source/os_var.o
LOAD ./source/rtos/uCOSIII/src/uCOS-III/Ports/ARM-Cortex-M4/Generic/GNU/os_cpu_a.o
LOAD ./source/rtos/uCOSIII/src/uCOS-III/Ports/ARM-Cortex-M4/Generic/GNU/os_cpu_c.o
LOAD ./source/rtos/uCOSIII/src/uC-CPU/ARM-Cortex-M4/GNU/cpu_a.o
LOAD ./source/rtos/uCOSIII/src/uC-CPU/ARM-Cortex-M4/GNU/cpu_c.o
LOAD ./source/rtos/uCOSIII/src/uC-CPU/cpu_core.o
LOAD ./source/rtos/uCOSIII/BSP/cpu_bsp.o
LOAD ./source/DMAPixel.o
LOAD ./source/generateGamma.o
LOAD ./source/main.o
LOAD ./drivers/fsl_adc16.o
LOAD ./drivers/fsl_clock.o
LOAD ./drivers/fsl_common.o
LOAD ./drivers/fsl_common_arm.o
LOAD ./drivers/fsl_dmamux.o
LOAD ./drivers/fsl_dspi.o
LOAD ./drivers/fsl_edma.o
LOAD ./drivers/fsl_ftfx_cache.o
LOAD ./drivers/fsl_ftfx_controller.o
LOAD ./drivers/fsl_ftfx_flash.o
LOAD ./drivers/fsl_ftfx_flexnvm.o
LOAD ./drivers/fsl_ftm.o
LOAD ./drivers/fsl_gpio.o
LOAD ./drivers/fsl_i2c.o
LOAD ./drivers/fsl_rtc.o
LOAD ./drivers/fsl_smc.o
LOAD ./drivers/fsl_uart.o
LOAD ./device/system_MK64F12.o
LOAD ./component/uart/fsl_adapter_uart.o
LOAD ./component/serial_manager/fsl_component_serial_manager.o
LOAD ./component/serial_manager/fsl_component_serial_port_uart.o
LOAD ./component/lists/fsl_component_generic_list.o
LOAD ./board/board.o
LOAD ./board/clock_config.o
LOAD ./board/peripherals.o
LOAD ./board/pin_mux.o
LOAD ./SDK/startup/hardware.o
LOAD ./SDK/startup/semihost_hardfault.o
LOAD ./SDK/startup/startup_mk64f12.o
START GROUP
LOAD C:/nxp/MCUXpressoIDE_24.12.148/ide/plugins/com.nxp.mcuxpresso.tools.win32_24.12.0.202407110909/tools/bin/../lib/gcc/arm-none-eabi/13.2.1/../../../../arm-none-eabi/lib/thumb/v7e-m+fp/hard\libcr_c.a
LOAD C:/nxp/MCUXpressoIDE_24.12.148/ide/plugins/com.nxp.mcuxpresso.tools.win32_24.12.0.202407110909/tools/bin/../lib/gcc/arm-none-eabi/13.2.1/thumb/v7e-m+fp/hard\libcr_eabihelpers.a
LOAD C:/nxp/MCUXpressoIDE_24.12.148/ide/plugins/com.nxp.mcuxpresso.tools.win32_24.12.0.202407110909/tools/bin/../lib/gcc/arm-none-eabi/13.2.1/thumb/v7e-m+fp/hard\libgcc.a
END GROUP
                0x00000000                        __base_PROGRAM_FLASH = 0x0
                0x00000000                        __base_Flash = 0x0
                0x00100000                        __top_PROGRAM_FLASH = 0x100000
                0x00100000                        __top_Flash = 0x100000
                0x20000000                        __base_SRAM_UPPER = 0x20000000
                0x20000000                        __base_RAM = 0x20000000
                0x20030000                        __top_SRAM_UPPER = 0x20030000
                0x20030000                        __top_RAM = 0x20030000
                0x1fff0000                        __base_SRAM_LOWER = 0x1fff0000
                0x1fff0000                        __base_RAM2 = 0x1fff0000
                0x20000000                        __top_SRAM_LOWER = 0x20000000
                0x20000000                        __top_RAM2 = 0x20000000
                0x14000000                        __base_FLEX_RAM = 0x14000000
                0x14000000                        __base_RAM3 = 0x14000000
                0x14001000                        __top_FLEX_RAM = 0x14001000
                0x14001000                        __top_RAM3 = 0x14001000

.text           0x00000000     0x7d38
 FILL mask 0xff
                0x00000000                        __vectors_start__ = ABSOLUTE (.)
 *(SORT_BY_ALIGNMENT(.isr_vector))
 .isr_vector    0x00000000      0x198 ./SDK/startup/startup_mk64f12.o
                0x00000000                g_pfnVectors
                0x00000000                __Vectors
                0x00000198                        . = ALIGN (0x4)
                0x00000198                        __section_table_start = .
                0x00000198                        __data_section_table = .
                0x00000198        0x4 LONG 0x7d38 LOADADDR (.data)
                0x0000019c        0x4 LONG 0x20000000 ADDR (.data)
                0x000001a0        0x4 LONG 0x18 SIZEOF (.data)
                0x000001a4        0x4 LONG 0x7d38 LOADADDR (.data_RAM2)
                0x000001a8        0x4 LONG 0x1fff0000 ADDR (.data_RAM2)
                0x000001ac        0x4 LONG 0x0 SIZEOF (.data_RAM2)
                0x000001b0        0x4 LONG 0x7d38 LOADADDR (.data_RAM3)
                0x000001b4        0x4 LONG 0x14000000 ADDR (.data_RAM3)
                0x000001b8        0x4 LONG 0x0 SIZEOF (.data_RAM3)
                0x000001bc                        __data_section_table_end = .
                0x000001bc                        __bss_section_table = .
                0x000001bc        0x4 LONG 0x20000018 ADDR (.bss)
                0x000001c0        0x4 LONG 0x2f38 SIZEOF (.bss)
                0x000001c4        0x4 LONG 0x1fff0000 ADDR (.bss_RAM2)
                0x000001c8        0x4 LONG 0x0 SIZEOF (.bss_RAM2)
                0x000001cc        0x4 LONG 0x14000000 ADDR (.bss_RAM3)
                0x000001d0        0x4 LONG 0x0 SIZEOF (.bss_RAM3)
                0x000001d4                        __bss_section_table_end = .
                0x000001d4                        __section_table_end = .
 *(SORT_BY_ALIGNMENT(.after_vectors*))
 .after_vectors.reset
                0x000001d4       0x4c ./SDK/startup/startup_mk64f12.o
                0x000001d4                ResetISR
 .after_vectors.init_data
                0x00000220       0x1e ./SDK/startup/startup_mk64f12.o
                0x00000220                data_init
 .after_vectors.init_bss
                0x0000023e       0x12 ./SDK/startup/startup_mk64f12.o
                0x0000023e                bss_init
 .after_vectors
                0x00000250       0x14 ./SDK/startup/startup_mk64f12.o
                0x00000250                NMI_Handler
                0x00000254                MemManage_Handler
                0x00000256                BusFault_Handler
                0x00000258                UsageFault_Handler
                0x0000025a                SVC_Handler
                0x0000025c                DebugMon_Handler
                0x00000262                FTM2_DriverIRQHandler
                0x00000262                PIT2_DriverIRQHandler
                0x00000262                SDHC_DriverIRQHandler
                0x00000262                I2S0_Tx_DriverIRQHandler
                0x00000262                RTC_Seconds_DriverIRQHandler
                0x00000262                LLWU_DriverIRQHandler
                0x00000262                MCM_DriverIRQHandler
                0x00000262                MCG_DriverIRQHandler
                0x00000262                ENET_1588_Timer_DriverIRQHandler
                0x00000262                DAC1_DriverIRQHandler
                0x00000262                FTM1_DriverIRQHandler
                0x00000262                CMP1_DriverIRQHandler
                0x00000262                FTM0_DriverIRQHandler
                0x00000262                IntDefaultHandler
                0x00000262                USB0_DriverIRQHandler
                0x00000262                UART5_ERR_DriverIRQHandler
                0x00000262                PORTC_DriverIRQHandler
                0x00000262                DAC0_DriverIRQHandler
                0x00000262                CMP2_DriverIRQHandler
                0x00000262                UART2_ERR_DriverIRQHandler
                0x00000262                LVD_LVW_DriverIRQHandler
                0x00000262                DMA_Error_DriverIRQHandler
                0x00000262                RNG_DriverIRQHandler
                0x00000262                USBDCD_DriverIRQHandler
                0x00000262                UART3_ERR_DriverIRQHandler
                0x00000262                UART0_ERR_DriverIRQHandler
                0x00000262                CMT_DriverIRQHandler
                0x00000262                Reserved71_DriverIRQHandler
                0x00000262                ADC1_DriverIRQHandler
                0x00000262                PORTA_DriverIRQHandler
                0x00000262                PIT3_DriverIRQHandler
                0x00000262                PIT1_DriverIRQHandler
                0x00000262                WDOG_EWM_DriverIRQHandler
                0x00000262                PDB0_DriverIRQHandler
                0x00000262                RTC_DriverIRQHandler
                0x00000262                I2S0_Rx_DriverIRQHandler
                0x00000262                Read_Collision_DriverIRQHandler
                0x00000262                SWI_DriverIRQHandler
                0x00000262                UART4_ERR_DriverIRQHandler
                0x00000262                LPTMR0_DriverIRQHandler
                0x00000262                UART0_LON_DriverIRQHandler
                0x00000262                PORTB_DriverIRQHandler
                0x00000262                ENET_Receive_DriverIRQHandler
                0x00000262                ENET_Error_DriverIRQHandler
                0x00000262                ADC0_DriverIRQHandler
                0x00000262                CMP0_DriverIRQHandler
                0x00000262                CAN0_DriverIRQHandler
                0x00000262                FTM3_DriverIRQHandler
                0x00000262                PIT0_DriverIRQHandler
                0x00000262                UART1_ERR_DriverIRQHandler
                0x00000262                ENET_Transmit_DriverIRQHandler
                0x00000262                PORTD_DriverIRQHandler
                0x00000262                PORTE_DriverIRQHandler
                0x00000262                FTFE_DriverIRQHandler
                0x00000400                        . = 0x400
 *fill*         0x00000264      0x19c ff
                0x00000400                        PROVIDE (__FLASH_CONFIG_START__ = .)
 *(SORT_BY_ALIGNMENT(.FlashConfig))
 .FlashConfig   0x00000400       0x10 ./SDK/startup/startup_mk64f12.o
                0x00000400                Flash_Config
                0x00000410                        PROVIDE (__FLASH_CONFIG_END__ = .)
                0x00000001                        ASSERT (! ((__FLASH_CONFIG_START__ == __FLASH_CONFIG_END__)), Linker Flash Config Support Enabled, but no .FlashConfig section provided within application)
 *(SORT_BY_ALIGNMENT(.text*))
 .text.OSInit   0x00000410      0x1ec ./source/rtos/uCOSIII/src/uCOS-III/Source/os_core.o
                0x00000410                OSInit
 .text.OSIntEnter
                0x000005fc       0x38 ./source/rtos/uCOSIII/src/uCOS-III/Source/os_core.o
                0x000005fc                OSIntEnter
 .text.OSIntExit
                0x00000634       0xd8 ./source/rtos/uCOSIII/src/uCOS-III/Source/os_core.o
                0x00000634                OSIntExit
 .text.OSSched  0x0000070c       0xa8 ./source/rtos/uCOSIII/src/uCOS-III/Source/os_core.o
                0x0000070c                OSSched
 .text.OSSchedLock
                0x000007b4       0x74 ./source/rtos/uCOSIII/src/uCOS-III/Source/os_core.o
                0x000007b4                OSSchedLock
 .text.OSSchedUnlock
                0x00000828       0x90 ./source/rtos/uCOSIII/src/uCOS-III/Source/os_core.o
                0x00000828                OSSchedUnlock
 .text.OSSchedRoundRobinCfg
                0x000008b8       0x70 ./source/rtos/uCOSIII/src/uCOS-III/Source/os_core.o
                0x000008b8                OSSchedRoundRobinCfg
 .text.OSStart  0x00000928       0x80 ./source/rtos/uCOSIII/src/uCOS-III/Source/os_core.o
                0x00000928                OSStart
 .text.OS_IdleTask
                0x000009a8       0x3c ./source/rtos/uCOSIII/src/uCOS-III/Source/os_core.o
                0x000009a8                OS_IdleTask
 .text.OS_IdleTaskInit
                0x000009e4       0x68 ./source/rtos/uCOSIII/src/uCOS-III/Source/os_core.o
                0x000009e4                OS_IdleTaskInit
 .text.OS_Pend  0x00000a4c       0x84 ./source/rtos/uCOSIII/src/uCOS-III/Source/os_core.o
                0x00000a4c                OS_Pend
 .text.OS_PendDbgNameAdd
                0x00000ad0       0x7c ./source/rtos/uCOSIII/src/uCOS-III/Source/os_core.o
                0x00000ad0                OS_PendDbgNameAdd
 .text.OS_PendDbgNameRemove
                0x00000b4c       0x4c ./source/rtos/uCOSIII/src/uCOS-III/Source/os_core.o
                0x00000b4c                OS_PendDbgNameRemove
 .text.OS_Post  0x00000b98      0x130 ./source/rtos/uCOSIII/src/uCOS-III/Source/os_core.o
                0x00000b98                OS_Post
 .text.OS_RdyListInit
                0x00000cc8       0x4c ./source/rtos/uCOSIII/src/uCOS-III/Source/os_core.o
                0x00000cc8                OS_RdyListInit
 .text.OS_RdyListInsert
                0x00000d14       0x3c ./source/rtos/uCOSIII/src/uCOS-III/Source/os_core.o
                0x00000d14                OS_RdyListInsert
 .text.OS_RdyListInsertHead
                0x00000d50       0x84 ./source/rtos/uCOSIII/src/uCOS-III/Source/os_core.o
                0x00000d50                OS_RdyListInsertHead
 .text.OS_RdyListInsertTail
                0x00000dd4       0x80 ./source/rtos/uCOSIII/src/uCOS-III/Source/os_core.o
                0x00000dd4                OS_RdyListInsertTail
 .text.OS_RdyListRemove
                0x00000e54       0xb0 ./source/rtos/uCOSIII/src/uCOS-III/Source/os_core.o
                0x00000e54                OS_RdyListRemove
 .text.OS_SchedRoundRobin
                0x00000f04       0xc8 ./source/rtos/uCOSIII/src/uCOS-III/Source/os_core.o
                0x00000f04                OS_SchedRoundRobin
 .text.OS_TaskBlock
                0x00000fcc       0x40 ./source/rtos/uCOSIII/src/uCOS-III/Source/os_core.o
                0x00000fcc                OS_TaskBlock
 .text.OS_Dbg_Init
                0x0000100c      0x23c ./source/rtos/uCOSIII/src/uCOS-III/Source/os_dbg.o
                0x0000100c                OS_Dbg_Init
 .text.OS_FlagInit
                0x00001248       0x30 ./source/rtos/uCOSIII/src/uCOS-III/Source/os_flag.o
                0x00001248                OS_FlagInit
 .text.OS_MemInit
                0x00001278       0x30 ./source/rtos/uCOSIII/src/uCOS-III/Source/os_mem.o
                0x00001278                OS_MemInit
 .text.OS_MsgPoolInit
                0x000012a8       0xd0 ./source/rtos/uCOSIII/src/uCOS-III/Source/os_msg.o
                0x000012a8                OS_MsgPoolInit
 .text.OS_MsgQFreeAll
                0x00001378       0x78 ./source/rtos/uCOSIII/src/uCOS-III/Source/os_msg.o
                0x00001378                OS_MsgQFreeAll
 .text.OS_MsgQGet
                0x000013f0       0xc0 ./source/rtos/uCOSIII/src/uCOS-III/Source/os_msg.o
                0x000013f0                OS_MsgQGet
 .text.OS_MsgQPut
                0x000014b0      0x114 ./source/rtos/uCOSIII/src/uCOS-III/Source/os_msg.o
                0x000014b0                OS_MsgQPut
 .text.OSMutexCreate
                0x000015c4       0x98 ./source/rtos/uCOSIII/src/uCOS-III/Source/os_mutex.o
                0x000015c4                OSMutexCreate
 .text.OSMutexPend
                0x0000165c      0x210 ./source/rtos/uCOSIII/src/uCOS-III/Source/os_mutex.o
                0x0000165c                OSMutexPend
 .text.OSMutexPost
                0x0000186c      0x1b8 ./source/rtos/uCOSIII/src/uCOS-III/Source/os_mutex.o
                0x0000186c                OSMutexPost
 .text.OS_MutexDbgListAdd
                0x00001a24       0x50 ./source/rtos/uCOSIII/src/uCOS-III/Source/os_mutex.o
                0x00001a24                OS_MutexDbgListAdd
 .text.OS_MutexInit
                0x00001a74       0x30 ./source/rtos/uCOSIII/src/uCOS-III/Source/os_mutex.o
                0x00001a74                OS_MutexInit
 .text.OS_PrioInit
                0x00001aa4       0x34 ./source/rtos/uCOSIII/src/uCOS-III/Source/os_prio.o
                0x00001aa4                OS_PrioInit
 .text.OS_PrioGetHighest
                0x00001ad8       0x48 ./source/rtos/uCOSIII/src/uCOS-III/Source/os_prio.o
                0x00001ad8                OS_PrioGetHighest
 .text.OS_PrioInsert
                0x00001b20       0x50 ./source/rtos/uCOSIII/src/uCOS-III/Source/os_prio.o
                0x00001b20                OS_PrioInsert
 .text.OS_PrioRemove
                0x00001b70       0x50 ./source/rtos/uCOSIII/src/uCOS-III/Source/os_prio.o
                0x00001b70                OS_PrioRemove
 .text.OSQCreate
                0x00001bc0       0xa0 ./source/rtos/uCOSIII/src/uCOS-III/Source/os_q.o
                0x00001bc0                OSQCreate
 .text.OSQPend  0x00001c60      0x1f0 ./source/rtos/uCOSIII/src/uCOS-III/Source/os_q.o
                0x00001c60                OSQPend
 .text.OSQPost  0x00001e50       0xc4 ./source/rtos/uCOSIII/src/uCOS-III/Source/os_q.o
                0x00001e50                OSQPost
 .text.OS_QDbgListAdd
                0x00001f14       0x50 ./source/rtos/uCOSIII/src/uCOS-III/Source/os_q.o
                0x00001f14                OS_QDbgListAdd
 .text.OS_QInit
                0x00001f64       0x30 ./source/rtos/uCOSIII/src/uCOS-III/Source/os_q.o
                0x00001f64                OS_QInit
 .text.OSSemCreate
                0x00001f94       0x8c ./source/rtos/uCOSIII/src/uCOS-III/Source/os_sem.o
                0x00001f94                OSSemCreate
 .text.OSSemPend
                0x00002020      0x1c8 ./source/rtos/uCOSIII/src/uCOS-III/Source/os_sem.o
                0x00002020                OSSemPend
 .text.OSSemPost
                0x000021e8       0x88 ./source/rtos/uCOSIII/src/uCOS-III/Source/os_sem.o
                0x000021e8                OSSemPost
 .text.OS_SemDbgListAdd
                0x00002270       0x50 ./source/rtos/uCOSIII/src/uCOS-III/Source/os_sem.o
                0x00002270                OS_SemDbgListAdd
 .text.OS_SemInit
                0x000022c0       0x30 ./source/rtos/uCOSIII/src/uCOS-III/Source/os_sem.o
                0x000022c0                OS_SemInit
 .text.OSStatReset
                0x000022f0      0x118 ./source/rtos/uCOSIII/src/uCOS-III/Source/os_stat.o
                0x000022f0                OSStatReset
 .text.OSStatTaskCPUUsageInit
                0x00002408       0xfc ./source/rtos/uCOSIII/src/uCOS-III/Source/os_stat.o
                0x00002408                OSStatTaskCPUUsageInit
 .text.OS_StatTask
                0x00002504      0x310 ./source/rtos/uCOSIII/src/uCOS-III/Source/os_stat.o
                0x00002504                OS_StatTask
 .text.OS_StatTaskInit
                0x00002814       0xd4 ./source/rtos/uCOSIII/src/uCOS-III/Source/os_stat.o
                0x00002814                OS_StatTaskInit
 .text.OSTaskCreate
                0x000028e8      0x21c ./source/rtos/uCOSIII/src/uCOS-III/Source/os_task.o
                0x000028e8                OSTaskCreate
 .text.OSTaskDel
                0x00002b04      0x200 ./source/rtos/uCOSIII/src/uCOS-III/Source/os_task.o
                0x00002b04                OSTaskDel
 .text.OSTaskResume
                0x00002d04       0x64 ./source/rtos/uCOSIII/src/uCOS-III/Source/os_task.o
                0x00002d04                OSTaskResume
 .text.OSTaskSemPend
                0x00002d68      0x1d8 ./source/rtos/uCOSIII/src/uCOS-III/Source/os_task.o
                0x00002d68                OSTaskSemPend
 .text.OSTaskStkChk
                0x00002f40       0xf0 ./source/rtos/uCOSIII/src/uCOS-III/Source/os_task.o
                0x00002f40                OSTaskStkChk
 .text.OSTaskSuspend
                0x00003030       0x44 ./source/rtos/uCOSIII/src/uCOS-III/Source/os_task.o
                0x00003030                OSTaskSuspend
 .text.OS_TaskDbgListAdd
                0x00003074       0x4c ./source/rtos/uCOSIII/src/uCOS-III/Source/os_task.o
                0x00003074                OS_TaskDbgListAdd
 .text.OS_TaskDbgListRemove
                0x000030c0       0x84 ./source/rtos/uCOSIII/src/uCOS-III/Source/os_task.o
                0x000030c0                OS_TaskDbgListRemove
 .text.OS_TaskInit
                0x00003144       0x38 ./source/rtos/uCOSIII/src/uCOS-III/Source/os_task.o
                0x00003144                OS_TaskInit
 .text.OS_TaskInitTCB
                0x0000317c      0x1a0 ./source/rtos/uCOSIII/src/uCOS-III/Source/os_task.o
                0x0000317c                OS_TaskInitTCB
 .text.OS_TaskResume
                0x0000331c      0x124 ./source/rtos/uCOSIII/src/uCOS-III/Source/os_task.o
                0x0000331c                OS_TaskResume
 .text.OS_TaskReturn
                0x00003440       0x28 ./source/rtos/uCOSIII/src/uCOS-III/Source/os_task.o
                0x00003440                OS_TaskReturn
 .text.OS_TaskSemPost
                0x00003468      0x128 ./source/rtos/uCOSIII/src/uCOS-III/Source/os_task.o
                0x00003468                OS_TaskSemPost
 .text.OS_TaskSuspend
                0x00003590      0x118 ./source/rtos/uCOSIII/src/uCOS-III/Source/os_task.o
                0x00003590                OS_TaskSuspend
 .text.OS_TaskChangePrio
                0x000036a8      0x148 ./source/rtos/uCOSIII/src/uCOS-III/Source/os_task.o
                0x000036a8                OS_TaskChangePrio
 .text.OS_TickTask
                0x000037f0       0x64 ./source/rtos/uCOSIII/src/uCOS-III/Source/os_tick.o
                0x000037f0                OS_TickTask
 .text.OS_TickTaskInit
                0x00003854       0xd8 ./source/rtos/uCOSIII/src/uCOS-III/Source/os_tick.o
                0x00003854                OS_TickTaskInit
 .text.OS_TickListInsertDly
                0x0000392c      0x108 ./source/rtos/uCOSIII/src/uCOS-III/Source/os_tick.o
                0x0000392c                OS_TickListInsertDly
 .text.OS_TickListUpdateDly
                0x00003a34       0xbc ./source/rtos/uCOSIII/src/uCOS-III/Source/os_tick.o
 .text.OS_TickListUpdateTimeout
                0x00003af0      0x158 ./source/rtos/uCOSIII/src/uCOS-III/Source/os_tick.o
 .text.OSTimeDly
                0x00003c48       0xd8 ./source/rtos/uCOSIII/src/uCOS-III/Source/os_time.o
                0x00003c48                OSTimeDly
 .text.OSTimeDlyHMSM
                0x00003d20      0x1f0 ./source/rtos/uCOSIII/src/uCOS-III/Source/os_time.o
                0x00003d20                OSTimeDlyHMSM
 .text.OSTimeTick
                0x00003f10       0x74 ./source/rtos/uCOSIII/src/uCOS-III/Source/os_time.o
                0x00003f10                OSTimeTick
 .text.OS_TmrInit
                0x00003f84      0x138 ./source/rtos/uCOSIII/src/uCOS-III/Source/os_tmr.o
                0x00003f84                OS_TmrInit
 .text.OS_TmrUnlink
                0x000040bc       0x80 ./source/rtos/uCOSIII/src/uCOS-III/Source/os_tmr.o
                0x000040bc                OS_TmrUnlink
 .text.OS_TmrTask
                0x0000413c       0xc8 ./source/rtos/uCOSIII/src/uCOS-III/Source/os_tmr.o
                0x0000413c                OS_TmrTask
 .text.OS_TmrLock
                0x00004204       0x24 ./source/rtos/uCOSIII/src/uCOS-III/Source/os_tmr.o
 .text.OS_TmrUnlock
                0x00004228       0x20 ./source/rtos/uCOSIII/src/uCOS-III/Source/os_tmr.o
 .text          0x00004248       0xfc ./source/rtos/uCOSIII/src/uCOS-III/Ports/ARM-Cortex-M4/Generic/GNU/os_cpu_a.o
                0x00004248                OS_CPU_FP_Reg_Push
                0x0000425a                OS_CPU_FP_Reg_Pop
                0x00004266                OSStartHighRdy
                0x000042d6                OSCtxSw
                0x000042e0                OSIntCtxSw
                0x000042ea                PendSV_Handler
 .text.OSIdleTaskHook
                0x00004344       0x1c ./source/rtos/uCOSIII/src/uCOS-III/Ports/ARM-Cortex-M4/Generic/GNU/os_cpu_c.o
                0x00004344                OSIdleTaskHook
 .text.OSInitHook
                0x00004360       0x38 ./source/rtos/uCOSIII/src/uCOS-III/Ports/ARM-Cortex-M4/Generic/GNU/os_cpu_c.o
                0x00004360                OSInitHook
 .text.OSStatTaskHook
                0x00004398       0x1c ./source/rtos/uCOSIII/src/uCOS-III/Ports/ARM-Cortex-M4/Generic/GNU/os_cpu_c.o
                0x00004398                OSStatTaskHook
 .text.OSTaskCreateHook
                0x000043b4       0x24 ./source/rtos/uCOSIII/src/uCOS-III/Ports/ARM-Cortex-M4/Generic/GNU/os_cpu_c.o
                0x000043b4                OSTaskCreateHook
 .text.OSTaskDelHook
                0x000043d8       0x24 ./source/rtos/uCOSIII/src/uCOS-III/Ports/ARM-Cortex-M4/Generic/GNU/os_cpu_c.o
                0x000043d8                OSTaskDelHook
 .text.OSTaskReturnHook
                0x000043fc       0x24 ./source/rtos/uCOSIII/src/uCOS-III/Ports/ARM-Cortex-M4/Generic/GNU/os_cpu_c.o
                0x000043fc                OSTaskReturnHook
 .text.OSTaskStkInit
                0x00004420      0x34c ./source/rtos/uCOSIII/src/uCOS-III/Ports/ARM-Cortex-M4/Generic/GNU/os_cpu_c.o
                0x00004420                OSTaskStkInit
 .text.OSTaskSwHook
                0x0000476c       0xa8 ./source/rtos/uCOSIII/src/uCOS-III/Ports/ARM-Cortex-M4/Generic/GNU/os_cpu_c.o
                0x0000476c                OSTaskSwHook
 .text.OSTimeTickHook
                0x00004814       0x1c ./source/rtos/uCOSIII/src/uCOS-III/Ports/ARM-Cortex-M4/Generic/GNU/os_cpu_c.o
                0x00004814                OSTimeTickHook
 .text.OS_CPU_SysTickInit
                0x00004830       0x54 ./source/rtos/uCOSIII/src/uCOS-III/Ports/ARM-Cortex-M4/Generic/GNU/os_cpu_c.o
                0x00004830                OS_CPU_SysTickInit
 .text          0x00004884       0x34 ./source/rtos/uCOSIII/src/uC-CPU/ARM-Cortex-M4/GNU/cpu_a.o
                0x00004884                CPU_IntDis
                0x00004888                CPU_IntEn
                0x0000488c                CPU_SR_Save
                0x00004894                CPU_SR_Restore
                0x0000489a                CPU_WaitForInt
                0x0000489e                CPU_WaitForExcept
                0x000048a2                CPU_CntLeadZeros
                0x000048a8                CPU_CntTrailZeros
                0x000048b2                CPU_RevBits
 .text.CPU_TS_TmrFreqSet
                0x000048b8       0x20 ./source/rtos/uCOSIII/src/uC-CPU/cpu_core.o
                0x000048b8                CPU_TS_TmrFreqSet
 .text.CPU_TS_Init
                0x000048d8       0x18 ./source/rtos/uCOSIII/src/uC-CPU/cpu_core.o
 .text.CPU_TS_TmrInit
                0x000048f0       0x48 ./source/rtos/uCOSIII/BSP/cpu_bsp.o
                0x000048f0                CPU_TS_TmrInit
 .text.__NVIC_EnableIRQ
                0x00004938       0x3c ./source/DMAPixel.o
 .text.EDMA_Callback
                0x00004974       0x2c ./source/DMAPixel.o
                0x00004974                EDMA_Callback
 .text.StartStopFTM
                0x000049a0       0x30 ./source/DMAPixel.o
 .text.ResetFTM
                0x000049d0       0x40 ./source/DMAPixel.o
 .text.StopFTMDMA
                0x00004a10       0x48 ./source/DMAPixel.o
 .text.InitFlexTimer
                0x00004a58       0x5c ./source/DMAPixel.o
 .text.DMA2_IRQHandler
                0x00004ab4       0x30 ./source/DMAPixel.o
                0x00004ab4                DMA2_IRQHandler
 .text.DMA_Transfer
                0x00004ae4      0x104 ./source/DMAPixel.o
                0x00004ae4                DMA_Transfer
 .text.DMA_Transfer_finished
                0x00004be8       0x30 ./source/DMAPixel.o
                0x00004be8                DMA_Transfer_finished
 .text.InitHardware
                0x00004c18       0xac ./source/DMAPixel.o
 .text.DMA_Init
                0x00004cc4       0xdc ./source/DMAPixel.o
                0x00004cc4                DMA_Init
 .text.IncrementOccupancy
                0x00004da0       0x94 ./source/DMAPixel.o
                0x00004da0                IncrementOccupancy
 .text.DrawOccupancy
                0x00004e34      0x178 ./source/DMAPixel.o
                0x00004e34                DrawOccupancy
 .text.RNG_Init
                0x00004fac       0x50 ./source/DMAPixel.o
                0x00004fac                RNG_Init
 .text.initBuffer
                0x00004ffc       0x38 ./source/DMAPixel.o
                0x00004ffc                initBuffer
 .text.setPixel
                0x00005034       0xf8 ./source/DMAPixel.o
                0x00005034                setPixel
 .text.__NVIC_SetPriority
                0x0000512c       0x54 ./source/main.o
 .text.Task2    0x00005180       0x84 ./source/main.o
 .text.Task3    0x00005204       0x94 ./source/main.o
 .text.TaskStart
                0x00005298      0x118 ./source/main.o
 .text.main     0x000053b0      0x124 ./source/main.o
                0x000053b0                main
 .text.DMAMUX_GetInstance
                0x000054d4       0x38 ./drivers/fsl_dmamux.o
 .text.DMAMUX_Init
                0x0000550c       0x24 ./drivers/fsl_dmamux.o
                0x0000550c                DMAMUX_Init
 .text.DSPI_CommonIRQHandler
                0x00005530       0x44 ./drivers/fsl_dspi.o
 .text.SPI0_DriverIRQHandler
                0x00005574       0x1c ./drivers/fsl_dspi.o
                0x00005574                SPI0_DriverIRQHandler
 .text.SPI1_DriverIRQHandler
                0x00005590       0x1c ./drivers/fsl_dspi.o
                0x00005590                SPI1_DriverIRQHandler
 .text.SPI2_DriverIRQHandler
                0x000055ac       0x1c ./drivers/fsl_dspi.o
                0x000055ac                SPI2_DriverIRQHandler
 .text.__NVIC_EnableIRQ
                0x000055c8       0x3c ./drivers/fsl_edma.o
 .text.EDMA_GetInstance
                0x00005604       0x38 ./drivers/fsl_edma.o
 .text.EDMA_Init
                0x0000563c       0x88 ./drivers/fsl_edma.o
                0x0000563c                EDMA_Init
 .text.EDMA_GetInstanceOffset
                0x000056c4       0x30 ./drivers/fsl_edma.o
 .text.EDMA_CreateHandle
                0x000056f4       0xc0 ./drivers/fsl_edma.o
                0x000056f4                EDMA_CreateHandle
 .text.EDMA_TransferWidthMapping
                0x000057b4       0xcc ./drivers/fsl_edma.o
 .text.EDMA_PrepareTransfer
                0x00005880       0x8c ./drivers/fsl_edma.o
                0x00005880                EDMA_PrepareTransfer
 .text.DMA0_DriverIRQHandler
                0x0000590c       0x1c ./drivers/fsl_edma.o
                0x0000590c                DMA0_DriverIRQHandler
 .text.DMA1_DriverIRQHandler
                0x00005928       0x1c ./drivers/fsl_edma.o
                0x00005928                DMA1_DriverIRQHandler
 .text.DMA3_DriverIRQHandler
                0x00005944       0x1c ./drivers/fsl_edma.o
                0x00005944                DMA3_DriverIRQHandler
 .text.DMA4_DriverIRQHandler
                0x00005960       0x1c ./drivers/fsl_edma.o
                0x00005960                DMA4_DriverIRQHandler
 .text.DMA5_DriverIRQHandler
                0x0000597c       0x1c ./drivers/fsl_edma.o
                0x0000597c                DMA5_DriverIRQHandler
 .text.DMA6_DriverIRQHandler
                0x00005998       0x1c ./drivers/fsl_edma.o
                0x00005998                DMA6_DriverIRQHandler
 .text.DMA7_DriverIRQHandler
                0x000059b4       0x1c ./drivers/fsl_edma.o
                0x000059b4                DMA7_DriverIRQHandler
 .text.DMA8_DriverIRQHandler
                0x000059d0       0x1c ./drivers/fsl_edma.o
                0x000059d0                DMA8_DriverIRQHandler
 .text.DMA9_DriverIRQHandler
                0x000059ec       0x1c ./drivers/fsl_edma.o
                0x000059ec                DMA9_DriverIRQHandler
 .text.DMA10_DriverIRQHandler
                0x00005a08       0x1c ./drivers/fsl_edma.o
                0x00005a08                DMA10_DriverIRQHandler
 .text.DMA11_DriverIRQHandler
                0x00005a24       0x1c ./drivers/fsl_edma.o
                0x00005a24                DMA11_DriverIRQHandler
 .text.DMA12_DriverIRQHandler
                0x00005a40       0x1c ./drivers/fsl_edma.o
                0x00005a40                DMA12_DriverIRQHandler
 .text.DMA13_DriverIRQHandler
                0x00005a5c       0x1c ./drivers/fsl_edma.o
                0x00005a5c                DMA13_DriverIRQHandler
 .text.DMA14_DriverIRQHandler
                0x00005a78       0x1c ./drivers/fsl_edma.o
                0x00005a78                DMA14_DriverIRQHandler
 .text.DMA15_DriverIRQHandler
                0x00005a94       0x1c ./drivers/fsl_edma.o
                0x00005a94                DMA15_DriverIRQHandler
 .text.FTM_GetInstance
                0x00005ab0       0x44 ./drivers/fsl_ftm.o
 .text.FTM_SetPwmSync
                0x00005af4      0x11c ./drivers/fsl_ftm.o
 .text.FTM_SetReloadPoints
                0x00005c10      0x128 ./drivers/fsl_ftm.o
 .text.FTM_Init
                0x00005d38       0xe4 ./drivers/fsl_ftm.o
                0x00005d38                FTM_Init
 .text.I2C_TransferCommonIRQHandler
                0x00005e1c       0x58 ./drivers/fsl_i2c.o
 .text.I2C0_DriverIRQHandler
                0x00005e74       0x1c ./drivers/fsl_i2c.o
                0x00005e74                I2C0_DriverIRQHandler
 .text.I2C1_DriverIRQHandler
                0x00005e90       0x1c ./drivers/fsl_i2c.o
                0x00005e90                I2C1_DriverIRQHandler
 .text.I2C2_DriverIRQHandler
                0x00005eac       0x1c ./drivers/fsl_i2c.o
                0x00005eac                I2C2_DriverIRQHandler
 .text.UART0_DriverIRQHandler
                0x00005ec8       0x28 ./drivers/fsl_uart.o
                0x00005ec8                UART0_DriverIRQHandler
 .text.UART1_DriverIRQHandler
                0x00005ef0       0x28 ./drivers/fsl_uart.o
                0x00005ef0                UART1_DriverIRQHandler
 .text.UART2_DriverIRQHandler
                0x00005f18       0x28 ./drivers/fsl_uart.o
                0x00005f18                UART2_DriverIRQHandler
 .text.UART3_DriverIRQHandler
                0x00005f40       0x28 ./drivers/fsl_uart.o
                0x00005f40                UART3_DriverIRQHandler
 .text.UART4_DriverIRQHandler
                0x00005f68       0x28 ./drivers/fsl_uart.o
                0x00005f68                UART4_DriverIRQHandler
 .text.UART5_DriverIRQHandler
                0x00005f90       0x28 ./drivers/fsl_uart.o
                0x00005f90                UART5_DriverIRQHandler
 .text.SystemInit
                0x00005fb8       0x3c ./device/system_MK64F12.o
                0x00005fb8                SystemInit
 .text.SystemCoreClockUpdate
                0x00005ff4      0x290 ./device/system_MK64F12.o
                0x00005ff4                SystemCoreClockUpdate
 .text.hw_Init  0x00006284      0x104 ./SDK/startup/hardware.o
                0x00006284                hw_Init
 .text.OSCfg_Init
                0x00006388        0xe ./source/rtos/uCOSIII/src/uCOS-III/Source/os_cfg_app.o
                0x00006388                OSCfg_Init
 .text.OS_PendDataInit
                0x00006396       0x6e ./source/rtos/uCOSIII/src/uCOS-III/Source/os_core.o
                0x00006396                OS_PendDataInit
 .text.OS_PendListChangePrio
                0x00006404       0x58 ./source/rtos/uCOSIII/src/uCOS-III/Source/os_core.o
                0x00006404                OS_PendListChangePrio
 .text.OS_PendListInit
                0x0000645c       0x26 ./source/rtos/uCOSIII/src/uCOS-III/Source/os_core.o
                0x0000645c                OS_PendListInit
 .text.OS_PendListInsertPrio
                0x00006482       0xe8 ./source/rtos/uCOSIII/src/uCOS-III/Source/os_core.o
                0x00006482                OS_PendListInsertPrio
 .text.OS_PendListRemove
                0x0000656a       0x54 ./source/rtos/uCOSIII/src/uCOS-III/Source/os_core.o
                0x0000656a                OS_PendListRemove
 .text.OS_PendListRemove1
                0x000065be       0x94 ./source/rtos/uCOSIII/src/uCOS-III/Source/os_core.o
                0x000065be                OS_PendListRemove1
 .text.OS_Post1
                0x00006652       0x62 ./source/rtos/uCOSIII/src/uCOS-III/Source/os_core.o
                0x00006652                OS_Post1
 .text.OS_RdyListMoveHeadToTail
                0x000066b4       0x92 ./source/rtos/uCOSIII/src/uCOS-III/Source/os_core.o
                0x000066b4                OS_RdyListMoveHeadToTail
 .text.OS_MsgQInit
                0x00006746       0x36 ./source/rtos/uCOSIII/src/uCOS-III/Source/os_msg.o
                0x00006746                OS_MsgQInit
 .text.OS_MutexGrpAdd
                0x0000677c       0x24 ./source/rtos/uCOSIII/src/uCOS-III/Source/os_mutex.o
                0x0000677c                OS_MutexGrpAdd
 .text.OS_MutexGrpRemove
                0x000067a0       0x3a ./source/rtos/uCOSIII/src/uCOS-III/Source/os_mutex.o
                0x000067a0                OS_MutexGrpRemove
 .text.OS_MutexGrpPrioFindHighest
                0x000067da       0x56 ./source/rtos/uCOSIII/src/uCOS-III/Source/os_mutex.o
                0x000067da                OS_MutexGrpPrioFindHighest
 .text.OS_MutexGrpPostAll
                0x00006830       0x88 ./source/rtos/uCOSIII/src/uCOS-III/Source/os_mutex.o
                0x00006830                OS_MutexGrpPostAll
 .text.OS_QPost
                0x000068b8       0xce ./source/rtos/uCOSIII/src/uCOS-III/Source/os_q.o
                0x000068b8                OS_QPost
 .text.OS_SemPost
                0x00006986       0xde ./source/rtos/uCOSIII/src/uCOS-III/Source/os_sem.o
                0x00006986                OS_SemPost
 .text.OSTaskSemPost
                0x00006a64       0x44 ./source/rtos/uCOSIII/src/uCOS-III/Source/os_task.o
                0x00006a64                OSTaskSemPost
 .text.OS_TickListInsert
                0x00006aa8      0x12e ./source/rtos/uCOSIII/src/uCOS-III/Source/os_tick.o
                0x00006aa8                OS_TickListInsert
 .text.OS_TickListRemove
                0x00006bd6       0xca ./source/rtos/uCOSIII/src/uCOS-III/Source/os_tick.o
                0x00006bd6                OS_TickListRemove
 .text.OS_TickListResetPeak
                0x00006ca0        0xe ./source/rtos/uCOSIII/src/uCOS-III/Source/os_tick.o
                0x00006ca0                OS_TickListResetPeak
 .text.OS_TmrResetPeak
                0x00006cae        0xe ./source/rtos/uCOSIII/src/uCOS-III/Source/os_tmr.o
                0x00006cae                OS_TmrResetPeak
 .text.SysTick_Handler
                0x00006cbc       0x2a ./source/rtos/uCOSIII/src/uCOS-III/Ports/ARM-Cortex-M4/Generic/GNU/os_cpu_c.o
                0x00006cbc                SysTick_Handler
 .text.CPU_Init
                0x00006ce6        0xc ./source/rtos/uCOSIII/src/uC-CPU/cpu_core.o
                0x00006ce6                CPU_Init
 .text.CLOCK_EnableClock
                0x00006cf2       0x34 ./source/DMAPixel.o
 .text.PORT_SetPinConfig
                0x00006d26       0x2a ./source/DMAPixel.o
 .text.PORT_SetPinMux
                0x00006d50       0x3a ./source/DMAPixel.o
 .text.FTM_SetTimerPeriod
                0x00006d8a       0x22 ./source/DMAPixel.o
 .text.FTM_StartTimer
                0x00006dac       0x3a ./source/DMAPixel.o
 .text.FTM_StopTimer
                0x00006de6       0x20 ./source/DMAPixel.o
 .text.DMAMUX_EnableChannel
                0x00006e06       0x30 ./source/DMAPixel.o
 .text.DMAMUX_SetSource
                0x00006e36       0x40 ./source/DMAPixel.o
 .text.setPixelXY
                0x00006e76       0x3c ./source/DMAPixel.o
                0x00006e76                setPixelXY
 .text.setAll   0x00006eb2       0x2e ./source/DMAPixel.o
                0x00006eb2                setAll
 .text.CLOCK_EnableClock
                0x00006ee0       0x34 ./drivers/fsl_dmamux.o
 .text.DSPI_IsMaster
                0x00006f14       0x26 ./drivers/fsl_dspi.o
 .text.CLOCK_EnableClock
                0x00006f3a       0x34 ./drivers/fsl_edma.o
 .text.EnableIRQ
                0x00006f6e       0x32 ./drivers/fsl_edma.o
 .text.DisableGlobalIRQ
                0x00006fa0       0x22 ./drivers/fsl_edma.o
 .text.EnableGlobalIRQ
                0x00006fc2       0x20 ./drivers/fsl_edma.o
 .text.EDMA_GetDefaultConfig
                0x00006fe2       0x32 ./drivers/fsl_edma.o
                0x00006fe2                EDMA_GetDefaultConfig
 .text.EDMA_SetTransferConfig
                0x00007014       0x2a ./drivers/fsl_edma.o
                0x00007014                EDMA_SetTransferConfig
 .text.EDMA_EnableChannelInterrupts
                0x0000703e       0x9c ./drivers/fsl_edma.o
                0x0000703e                EDMA_EnableChannelInterrupts
 .text.EDMA_TcdSetTransferConfig
                0x000070da       0x9e ./drivers/fsl_edma.o
                0x000070da                EDMA_TcdSetTransferConfig
 .text.EDMA_ClearChannelStatusFlags
                0x00007178       0x4e ./drivers/fsl_edma.o
                0x00007178                EDMA_ClearChannelStatusFlags
 .text.EDMA_SetCallback
                0x000071c6       0x24 ./drivers/fsl_edma.o
                0x000071c6                EDMA_SetCallback
 .text.EDMA_PrepareTransferConfig
                0x000071ea       0x66 ./drivers/fsl_edma.o
                0x000071ea                EDMA_PrepareTransferConfig
 .text.EDMA_StartTransfer
                0x00007250       0xa0 ./drivers/fsl_edma.o
                0x00007250                EDMA_StartTransfer
 .text.EDMA_HandleIRQ
                0x000072f0      0x19e ./drivers/fsl_edma.o
                0x000072f0                EDMA_HandleIRQ
 .text.CLOCK_EnableClock
                0x0000748e       0x34 ./drivers/fsl_ftm.o
 .text.FTM_GetDefaultConfig
                0x000074c2       0x62 ./drivers/fsl_ftm.o
                0x000074c2                FTM_GetDefaultConfig
 .text.FTM_ClearStatusFlags
                0x00007524       0x68 ./drivers/fsl_ftm.o
                0x00007524                FTM_ClearStatusFlags
 .text.GPIO_PinWrite
                0x0000758c       0x36 ./drivers/fsl_gpio.o
 .text.GPIO_PinInit
                0x000075c2       0x52 ./drivers/fsl_gpio.o
                0x000075c2                GPIO_PinInit
 .text.UART0_RX_TX_DriverIRQHandler
                0x00007614       0x12 ./drivers/fsl_uart.o
                0x00007614                UART0_RX_TX_DriverIRQHandler
 .text.UART1_RX_TX_DriverIRQHandler
                0x00007626       0x12 ./drivers/fsl_uart.o
                0x00007626                UART1_RX_TX_DriverIRQHandler
 .text.UART2_RX_TX_DriverIRQHandler
                0x00007638       0x12 ./drivers/fsl_uart.o
                0x00007638                UART2_RX_TX_DriverIRQHandler
 .text.UART3_RX_TX_DriverIRQHandler
                0x0000764a       0x12 ./drivers/fsl_uart.o
                0x0000764a                UART3_RX_TX_DriverIRQHandler
 .text.UART4_RX_TX_DriverIRQHandler
                0x0000765c       0x12 ./drivers/fsl_uart.o
                0x0000765c                UART4_RX_TX_DriverIRQHandler
 .text.UART5_RX_TX_DriverIRQHandler
                0x0000766e       0x12 ./drivers/fsl_uart.o
                0x0000766e                UART5_RX_TX_DriverIRQHandler
 .text.SystemInitHook
                0x00007680        0xe ./device/system_MK64F12.o
                0x00007680                SystemInitHook
 .text.HardFault_Handler
                0x0000768e       0x2c ./SDK/startup/semihost_hardfault.o
                0x0000768e                HardFault_Handler
 .text.DMA0_IRQHandler
                0x000076ba        0x8 ./SDK/startup/startup_mk64f12.o
                0x000076ba                DMA0_IRQHandler
 .text.DMA1_IRQHandler
                0x000076c2        0x8 ./SDK/startup/startup_mk64f12.o
                0x000076c2                DMA1_IRQHandler
 .text.DMA3_IRQHandler
                0x000076ca        0x8 ./SDK/startup/startup_mk64f12.o
                0x000076ca                DMA3_IRQHandler
 .text.DMA4_IRQHandler
                0x000076d2        0x8 ./SDK/startup/startup_mk64f12.o
                0x000076d2                DMA4_IRQHandler
 .text.DMA5_IRQHandler
                0x000076da        0x8 ./SDK/startup/startup_mk64f12.o
                0x000076da                DMA5_IRQHandler
 .text.DMA6_IRQHandler
                0x000076e2        0x8 ./SDK/startup/startup_mk64f12.o
                0x000076e2                DMA6_IRQHandler
 .text.DMA7_IRQHandler
                0x000076ea        0x8 ./SDK/startup/startup_mk64f12.o
                0x000076ea                DMA7_IRQHandler
 .text.DMA8_IRQHandler
                0x000076f2        0x8 ./SDK/startup/startup_mk64f12.o
                0x000076f2                DMA8_IRQHandler
 .text.DMA9_IRQHandler
                0x000076fa        0x8 ./SDK/startup/startup_mk64f12.o
                0x000076fa                DMA9_IRQHandler
 .text.DMA10_IRQHandler
                0x00007702        0x8 ./SDK/startup/startup_mk64f12.o
                0x00007702                DMA10_IRQHandler
 .text.DMA11_IRQHandler
                0x0000770a        0x8 ./SDK/startup/startup_mk64f12.o
                0x0000770a                DMA11_IRQHandler
 .text.DMA12_IRQHandler
                0x00007712        0x8 ./SDK/startup/startup_mk64f12.o
                0x00007712                DMA12_IRQHandler
 .text.DMA13_IRQHandler
                0x0000771a        0x8 ./SDK/startup/startup_mk64f12.o
                0x0000771a                DMA13_IRQHandler
 .text.DMA14_IRQHandler
                0x00007722        0x8 ./SDK/startup/startup_mk64f12.o
                0x00007722                DMA14_IRQHandler
 .text.DMA15_IRQHandler
                0x0000772a        0x8 ./SDK/startup/startup_mk64f12.o
                0x0000772a                DMA15_IRQHandler
 .text.DMA_Error_IRQHandler
                0x00007732        0x8 ./SDK/startup/startup_mk64f12.o
                0x00007732                DMA_Error_IRQHandler
 .text.MCM_IRQHandler
                0x0000773a        0x8 ./SDK/startup/startup_mk64f12.o
                0x0000773a                MCM_IRQHandler
 .text.FTFE_IRQHandler
                0x00007742        0x8 ./SDK/startup/startup_mk64f12.o
                0x00007742                FTFE_IRQHandler
 .text.Read_Collision_IRQHandler
                0x0000774a        0x8 ./SDK/startup/startup_mk64f12.o
                0x0000774a                Read_Collision_IRQHandler
 .text.LVD_LVW_IRQHandler
                0x00007752        0x8 ./SDK/startup/startup_mk64f12.o
                0x00007752                LVD_LVW_IRQHandler
 .text.LLWU_IRQHandler
                0x0000775a        0x8 ./SDK/startup/startup_mk64f12.o
                0x0000775a                LLWU_IRQHandler
 .text.WDOG_EWM_IRQHandler
                0x00007762        0x8 ./SDK/startup/startup_mk64f12.o
                0x00007762                WDOG_EWM_IRQHandler
 .text.RNG_IRQHandler
                0x0000776a        0x8 ./SDK/startup/startup_mk64f12.o
                0x0000776a                RNG_IRQHandler
 .text.I2C0_IRQHandler
                0x00007772        0x8 ./SDK/startup/startup_mk64f12.o
                0x00007772                I2C0_IRQHandler
 .text.I2C1_IRQHandler
                0x0000777a        0x8 ./SDK/startup/startup_mk64f12.o
                0x0000777a                I2C1_IRQHandler
 .text.SPI0_IRQHandler
                0x00007782        0x8 ./SDK/startup/startup_mk64f12.o
                0x00007782                SPI0_IRQHandler
 .text.SPI1_IRQHandler
                0x0000778a        0x8 ./SDK/startup/startup_mk64f12.o
                0x0000778a                SPI1_IRQHandler
 .text.I2S0_Tx_IRQHandler
                0x00007792        0x8 ./SDK/startup/startup_mk64f12.o
                0x00007792                I2S0_Tx_IRQHandler
 .text.I2S0_Rx_IRQHandler
                0x0000779a        0x8 ./SDK/startup/startup_mk64f12.o
                0x0000779a                I2S0_Rx_IRQHandler
 .text.UART0_LON_IRQHandler
                0x000077a2        0x8 ./SDK/startup/startup_mk64f12.o
                0x000077a2                UART0_LON_IRQHandler
 .text.UART0_RX_TX_IRQHandler
                0x000077aa        0x8 ./SDK/startup/startup_mk64f12.o
                0x000077aa                UART0_RX_TX_IRQHandler
 .text.UART0_ERR_IRQHandler
                0x000077b2        0x8 ./SDK/startup/startup_mk64f12.o
                0x000077b2                UART0_ERR_IRQHandler
 .text.UART1_RX_TX_IRQHandler
                0x000077ba        0x8 ./SDK/startup/startup_mk64f12.o
                0x000077ba                UART1_RX_TX_IRQHandler
 .text.UART1_ERR_IRQHandler
                0x000077c2        0x8 ./SDK/startup/startup_mk64f12.o
                0x000077c2                UART1_ERR_IRQHandler
 .text.UART2_RX_TX_IRQHandler
                0x000077ca        0x8 ./SDK/startup/startup_mk64f12.o
                0x000077ca                UART2_RX_TX_IRQHandler
 .text.UART2_ERR_IRQHandler
                0x000077d2        0x8 ./SDK/startup/startup_mk64f12.o
                0x000077d2                UART2_ERR_IRQHandler
 .text.UART3_RX_TX_IRQHandler
                0x000077da        0x8 ./SDK/startup/startup_mk64f12.o
                0x000077da                UART3_RX_TX_IRQHandler
 .text.UART3_ERR_IRQHandler
                0x000077e2        0x8 ./SDK/startup/startup_mk64f12.o
                0x000077e2                UART3_ERR_IRQHandler
 .text.ADC0_IRQHandler
                0x000077ea        0x8 ./SDK/startup/startup_mk64f12.o
                0x000077ea                ADC0_IRQHandler
 .text.CMP0_IRQHandler
                0x000077f2        0x8 ./SDK/startup/startup_mk64f12.o
                0x000077f2                CMP0_IRQHandler
 .text.CMP1_IRQHandler
                0x000077fa        0x8 ./SDK/startup/startup_mk64f12.o
                0x000077fa                CMP1_IRQHandler
 .text.FTM0_IRQHandler
                0x00007802        0x8 ./SDK/startup/startup_mk64f12.o
                0x00007802                FTM0_IRQHandler
 .text.FTM1_IRQHandler
                0x0000780a        0x8 ./SDK/startup/startup_mk64f12.o
                0x0000780a                FTM1_IRQHandler
 .text.FTM2_IRQHandler
                0x00007812        0x8 ./SDK/startup/startup_mk64f12.o
                0x00007812                FTM2_IRQHandler
 .text.CMT_IRQHandler
                0x0000781a        0x8 ./SDK/startup/startup_mk64f12.o
                0x0000781a                CMT_IRQHandler
 .text.RTC_IRQHandler
                0x00007822        0x8 ./SDK/startup/startup_mk64f12.o
                0x00007822                RTC_IRQHandler
 .text.RTC_Seconds_IRQHandler
                0x0000782a        0x8 ./SDK/startup/startup_mk64f12.o
                0x0000782a                RTC_Seconds_IRQHandler
 .text.PIT0_IRQHandler
                0x00007832        0x8 ./SDK/startup/startup_mk64f12.o
                0x00007832                PIT0_IRQHandler
 .text.PIT1_IRQHandler
                0x0000783a        0x8 ./SDK/startup/startup_mk64f12.o
                0x0000783a                PIT1_IRQHandler
 .text.PIT2_IRQHandler
                0x00007842        0x8 ./SDK/startup/startup_mk64f12.o
                0x00007842                PIT2_IRQHandler
 .text.PIT3_IRQHandler
                0x0000784a        0x8 ./SDK/startup/startup_mk64f12.o
                0x0000784a                PIT3_IRQHandler
 .text.PDB0_IRQHandler
                0x00007852        0x8 ./SDK/startup/startup_mk64f12.o
                0x00007852                PDB0_IRQHandler
 .text.USB0_IRQHandler
                0x0000785a        0x8 ./SDK/startup/startup_mk64f12.o
                0x0000785a                USB0_IRQHandler
 .text.USBDCD_IRQHandler
                0x00007862        0x8 ./SDK/startup/startup_mk64f12.o
                0x00007862                USBDCD_IRQHandler
 .text.Reserved71_IRQHandler
                0x0000786a        0x8 ./SDK/startup/startup_mk64f12.o
                0x0000786a                Reserved71_IRQHandler
 .text.DAC0_IRQHandler
                0x00007872        0x8 ./SDK/startup/startup_mk64f12.o
                0x00007872                DAC0_IRQHandler
 .text.MCG_IRQHandler
                0x0000787a        0x8 ./SDK/startup/startup_mk64f12.o
                0x0000787a                MCG_IRQHandler
 .text.LPTMR0_IRQHandler
                0x00007882        0x8 ./SDK/startup/startup_mk64f12.o
                0x00007882                LPTMR0_IRQHandler
 .text.PORTA_IRQHandler
                0x0000788a        0x8 ./SDK/startup/startup_mk64f12.o
                0x0000788a                PORTA_IRQHandler
 .text.PORTB_IRQHandler
                0x00007892        0x8 ./SDK/startup/startup_mk64f12.o
                0x00007892                PORTB_IRQHandler
 .text.PORTC_IRQHandler
                0x0000789a        0x8 ./SDK/startup/startup_mk64f12.o
                0x0000789a                PORTC_IRQHandler
 .text.PORTD_IRQHandler
                0x000078a2        0x8 ./SDK/startup/startup_mk64f12.o
                0x000078a2                PORTD_IRQHandler
 .text.PORTE_IRQHandler
                0x000078aa        0x8 ./SDK/startup/startup_mk64f12.o
                0x000078aa                PORTE_IRQHandler
 .text.SWI_IRQHandler
                0x000078b2        0x8 ./SDK/startup/startup_mk64f12.o
                0x000078b2                SWI_IRQHandler
 .text.SPI2_IRQHandler
                0x000078ba        0x8 ./SDK/startup/startup_mk64f12.o
                0x000078ba                SPI2_IRQHandler
 .text.UART4_RX_TX_IRQHandler
                0x000078c2        0x8 ./SDK/startup/startup_mk64f12.o
                0x000078c2                UART4_RX_TX_IRQHandler
 .text.UART4_ERR_IRQHandler
                0x000078ca        0x8 ./SDK/startup/startup_mk64f12.o
                0x000078ca                UART4_ERR_IRQHandler
 .text.UART5_RX_TX_IRQHandler
                0x000078d2        0x8 ./SDK/startup/startup_mk64f12.o
                0x000078d2                UART5_RX_TX_IRQHandler
 .text.UART5_ERR_IRQHandler
                0x000078da        0x8 ./SDK/startup/startup_mk64f12.o
                0x000078da                UART5_ERR_IRQHandler
 .text.CMP2_IRQHandler
                0x000078e2        0x8 ./SDK/startup/startup_mk64f12.o
                0x000078e2                CMP2_IRQHandler
 .text.FTM3_IRQHandler
                0x000078ea        0x8 ./SDK/startup/startup_mk64f12.o
                0x000078ea                FTM3_IRQHandler
 .text.DAC1_IRQHandler
                0x000078f2        0x8 ./SDK/startup/startup_mk64f12.o
                0x000078f2                DAC1_IRQHandler
 .text.ADC1_IRQHandler
                0x000078fa        0x8 ./SDK/startup/startup_mk64f12.o
                0x000078fa                ADC1_IRQHandler
 .text.I2C2_IRQHandler
                0x00007902        0x8 ./SDK/startup/startup_mk64f12.o
                0x00007902                I2C2_IRQHandler
 .text.CAN0_ORed_Message_buffer_IRQHandler
                0x0000790a        0x8 ./SDK/startup/startup_mk64f12.o
                0x0000790a                CAN0_ORed_Message_buffer_IRQHandler
 .text.CAN0_Bus_Off_IRQHandler
                0x00007912        0x8 ./SDK/startup/startup_mk64f12.o
                0x00007912                CAN0_Bus_Off_IRQHandler
 .text.CAN0_Error_IRQHandler
                0x0000791a        0x8 ./SDK/startup/startup_mk64f12.o
                0x0000791a                CAN0_Error_IRQHandler
 .text.CAN0_Tx_Warning_IRQHandler
                0x00007922        0x8 ./SDK/startup/startup_mk64f12.o
                0x00007922                CAN0_Tx_Warning_IRQHandler
 .text.CAN0_Rx_Warning_IRQHandler
                0x0000792a        0x8 ./SDK/startup/startup_mk64f12.o
                0x0000792a                CAN0_Rx_Warning_IRQHandler
 .text.CAN0_Wake_Up_IRQHandler
                0x00007932        0x8 ./SDK/startup/startup_mk64f12.o
                0x00007932                CAN0_Wake_Up_IRQHandler
 .text.SDHC_IRQHandler
                0x0000793a        0x8 ./SDK/startup/startup_mk64f12.o
                0x0000793a                SDHC_IRQHandler
 .text.ENET_1588_Timer_IRQHandler
                0x00007942        0x8 ./SDK/startup/startup_mk64f12.o
                0x00007942                ENET_1588_Timer_IRQHandler
 .text.ENET_Transmit_IRQHandler
                0x0000794a        0x8 ./SDK/startup/startup_mk64f12.o
                0x0000794a                ENET_Transmit_IRQHandler
 .text.ENET_Receive_IRQHandler
                0x00007952        0x8 ./SDK/startup/startup_mk64f12.o
                0x00007952                ENET_Receive_IRQHandler
 .text.ENET_Error_IRQHandler
                0x0000795a        0x8 ./SDK/startup/startup_mk64f12.o
                0x0000795a                ENET_Error_IRQHandler
 .text.memset   0x00007962        0x4 C:/nxp/MCUXpressoIDE_24.12.148/ide/plugins/com.nxp.mcuxpresso.tools.win32_24.12.0.202407110909/tools/bin/../lib/gcc/arm-none-eabi/13.2.1/../../../../arm-none-eabi/lib/thumb/v7e-m+fp/hard\libcr_c.a(memset.o)
                0x00007962                memset
 .text.__aeabi_memset_lowlevel
                0x00007966       0x32 C:/nxp/MCUXpressoIDE_24.12.148/ide/plugins/com.nxp.mcuxpresso.tools.win32_24.12.0.202407110909/tools/bin/../lib/gcc/arm-none-eabi/13.2.1/thumb/v7e-m+fp/hard\libcr_eabihelpers.a(memcpy.o)
                0x00007966                __aeabi_lowlevel_memset
 *(SORT_BY_ALIGNMENT(.rodata) SORT_BY_ALIGNMENT(.rodata.*) SORT_BY_ALIGNMENT(.constdata) SORT_BY_ALIGNMENT(.constdata.*))
 .rodata.OSCfg_IdleTaskStkBasePtr
                0x00007998        0x4 ./source/rtos/uCOSIII/src/uCOS-III/Source/os_cfg_app.o
                0x00007998                OSCfg_IdleTaskStkBasePtr
 .rodata.OSCfg_IdleTaskStkLimit
                0x0000799c        0x4 ./source/rtos/uCOSIII/src/uCOS-III/Source/os_cfg_app.o
                0x0000799c                OSCfg_IdleTaskStkLimit
 .rodata.OSCfg_IdleTaskStkSize
                0x000079a0        0x4 ./source/rtos/uCOSIII/src/uCOS-III/Source/os_cfg_app.o
                0x000079a0                OSCfg_IdleTaskStkSize
 .rodata.OSCfg_ISRStkBasePtr
                0x000079a4        0x4 ./source/rtos/uCOSIII/src/uCOS-III/Source/os_cfg_app.o
                0x000079a4                OSCfg_ISRStkBasePtr
 .rodata.OSCfg_ISRStkSize
                0x000079a8        0x4 ./source/rtos/uCOSIII/src/uCOS-III/Source/os_cfg_app.o
                0x000079a8                OSCfg_ISRStkSize
 .rodata.OSCfg_MsgPoolBasePtr
                0x000079ac        0x4 ./source/rtos/uCOSIII/src/uCOS-III/Source/os_cfg_app.o
                0x000079ac                OSCfg_MsgPoolBasePtr
 .rodata.OSCfg_StatTaskRate_Hz
                0x000079b0        0x4 ./source/rtos/uCOSIII/src/uCOS-III/Source/os_cfg_app.o
                0x000079b0                OSCfg_StatTaskRate_Hz
 .rodata.OSCfg_StatTaskStkBasePtr
                0x000079b4        0x4 ./source/rtos/uCOSIII/src/uCOS-III/Source/os_cfg_app.o
                0x000079b4                OSCfg_StatTaskStkBasePtr
 .rodata.OSCfg_StatTaskStkLimit
                0x000079b8        0x4 ./source/rtos/uCOSIII/src/uCOS-III/Source/os_cfg_app.o
                0x000079b8                OSCfg_StatTaskStkLimit
 .rodata.OSCfg_StatTaskStkSize
                0x000079bc        0x4 ./source/rtos/uCOSIII/src/uCOS-III/Source/os_cfg_app.o
                0x000079bc                OSCfg_StatTaskStkSize
 .rodata.OSCfg_StkSizeMin
                0x000079c0        0x4 ./source/rtos/uCOSIII/src/uCOS-III/Source/os_cfg_app.o
                0x000079c0                OSCfg_StkSizeMin
 .rodata.OSCfg_TickRate_Hz
                0x000079c4        0x4 ./source/rtos/uCOSIII/src/uCOS-III/Source/os_cfg_app.o
                0x000079c4                OSCfg_TickRate_Hz
 .rodata.OSCfg_TickTaskStkBasePtr
                0x000079c8        0x4 ./source/rtos/uCOSIII/src/uCOS-III/Source/os_cfg_app.o
                0x000079c8                OSCfg_TickTaskStkBasePtr
 .rodata.OSCfg_TickTaskStkLimit
                0x000079cc        0x4 ./source/rtos/uCOSIII/src/uCOS-III/Source/os_cfg_app.o
                0x000079cc                OSCfg_TickTaskStkLimit
 .rodata.OSCfg_TickTaskStkSize
                0x000079d0        0x4 ./source/rtos/uCOSIII/src/uCOS-III/Source/os_cfg_app.o
                0x000079d0                OSCfg_TickTaskStkSize
 .rodata.OSCfg_TmrTaskRate_Hz
                0x000079d4        0x4 ./source/rtos/uCOSIII/src/uCOS-III/Source/os_cfg_app.o
                0x000079d4                OSCfg_TmrTaskRate_Hz
 .rodata.OSCfg_TmrTaskStkBasePtr
                0x000079d8        0x4 ./source/rtos/uCOSIII/src/uCOS-III/Source/os_cfg_app.o
                0x000079d8                OSCfg_TmrTaskStkBasePtr
 .rodata.OSCfg_TmrTaskStkLimit
                0x000079dc        0x4 ./source/rtos/uCOSIII/src/uCOS-III/Source/os_cfg_app.o
                0x000079dc                OSCfg_TmrTaskStkLimit
 .rodata.OSCfg_TmrTaskStkSize
                0x000079e0        0x4 ./source/rtos/uCOSIII/src/uCOS-III/Source/os_cfg_app.o
                0x000079e0                OSCfg_TmrTaskStkSize
 .rodata.OS_IdleTaskInit.str1.4
                0x000079e4       0xbf ./source/rtos/uCOSIII/src/uCOS-III/Source/os_core.o
                                 0x14 (size before relaxing)
 .rodata.OS_PendDbgNameAdd.str1.4
                0x00007aa3       0x16 ./source/rtos/uCOSIII/src/uCOS-III/Source/os_core.o
 *fill*         0x00007aa3        0x1 ff
 .rodata.OSDbg_EndiannessTest
                0x00007aa4        0x4 ./source/rtos/uCOSIII/src/uCOS-III/Source/os_dbg.o
                0x00007aa4                OSDbg_EndiannessTest
 .rodata.OSDbg_FlagGrp
                0x00007aa8       0x28 ./source/rtos/uCOSIII/src/uCOS-III/Source/os_dbg.o
                0x00007aa8                OSDbg_FlagGrp
 .rodata.OSDbg_Mem
                0x00007ad0       0x20 ./source/rtos/uCOSIII/src/uCOS-III/Source/os_dbg.o
                0x00007ad0                OSDbg_Mem
 .rodata.OSDbg_Mutex
                0x00007af0       0x30 ./source/rtos/uCOSIII/src/uCOS-III/Source/os_dbg.o
                0x00007af0                OSDbg_Mutex
 .rodata.OSDbg_Q
                0x00007b20       0x30 ./source/rtos/uCOSIII/src/uCOS-III/Source/os_dbg.o
                0x00007b20                OSDbg_Q
 .rodata.OSDbg_Sem
                0x00007b50       0x28 ./source/rtos/uCOSIII/src/uCOS-III/Source/os_dbg.o
                0x00007b50                OSDbg_Sem
 .rodata.OSDbg_RdyListSize
                0x00007b78        0x4 ./source/rtos/uCOSIII/src/uCOS-III/Source/os_dbg.o
                0x00007b78                OSDbg_RdyListSize
 .rodata.OSDbg_Tmr
                0x00007b7c       0x30 ./source/rtos/uCOSIII/src/uCOS-III/Source/os_dbg.o
                0x00007b7c                OSDbg_Tmr
 .rodata.OSDbg_DataSize
                0x00007bac        0x4 ./source/rtos/uCOSIII/src/uCOS-III/Source/os_dbg.o
                0x00007bac                OSDbg_DataSize
 .rodata.OS_MutexDbgListAdd.str1.4
                0x00007bb0        0x2 ./source/rtos/uCOSIII/src/uCOS-III/Source/os_mutex.o
 .rodata.OS_QDbgListAdd.str1.4
                0x00007bb0        0x2 ./source/rtos/uCOSIII/src/uCOS-III/Source/os_q.o
 .rodata.OS_SemDbgListAdd.str1.4
                0x00007bb0        0x2 ./source/rtos/uCOSIII/src/uCOS-III/Source/os_sem.o
 .rodata.OS_StatTaskInit.str1.4
                0x00007bb0       0x14 ./source/rtos/uCOSIII/src/uCOS-III/Source/os_stat.o
 .rodata.OS_TaskInitTCB.str1.4
                0x00007bb0        0xa ./source/rtos/uCOSIII/src/uCOS-III/Source/os_task.o
 .rodata.OS_TickTaskInit.str1.4
                0x00007bb0       0x14 ./source/rtos/uCOSIII/src/uCOS-III/Source/os_tick.o
 .rodata.OS_TmrInit.str1.4
                0x00007bb0       0x25 ./source/rtos/uCOSIII/src/uCOS-III/Source/os_tmr.o
 .rodata.gamma8
                0x00007bb0      0x100 ./source/DMAPixel.o
                0x00007bb0                gamma8
 .rodata.TaskStart.str1.4
                0x00007cb0       0x17 ./source/main.o
 .rodata.main.str1.4
                0x00007cb0       0x1f ./source/main.o
 .rodata.s_edmaIRQNumber
                0x00007cb0       0x10 ./drivers/fsl_edma.o
 .rodata.s_ftmBases
                0x00007cc0       0x10 ./drivers/fsl_ftm.o
 .rodata.s_ftmClocks
                0x00007cd0       0x10 ./drivers/fsl_ftm.o
 .rodata.OSCfg_MsgPoolSize
                0x00007ce0        0x2 ./source/rtos/uCOSIII/src/uCOS-III/Source/os_cfg_app.o
                0x00007ce0                OSCfg_MsgPoolSize
 .rodata.OSDbg_FlagGrpSize
                0x00007ce2        0x2 ./source/rtos/uCOSIII/src/uCOS-III/Source/os_dbg.o
                0x00007ce2                OSDbg_FlagGrpSize
 .rodata.OSDbg_FlagWidth
                0x00007ce4        0x2 ./source/rtos/uCOSIII/src/uCOS-III/Source/os_dbg.o
                0x00007ce4                OSDbg_FlagWidth
 .rodata.OSDbg_MemSize
                0x00007ce6        0x2 ./source/rtos/uCOSIII/src/uCOS-III/Source/os_dbg.o
                0x00007ce6                OSDbg_MemSize
 .rodata.OSDbg_MsgSize
                0x00007ce8        0x2 ./source/rtos/uCOSIII/src/uCOS-III/Source/os_dbg.o
                0x00007ce8                OSDbg_MsgSize
 .rodata.OSDbg_MsgPoolSize
                0x00007cea        0x2 ./source/rtos/uCOSIII/src/uCOS-III/Source/os_dbg.o
                0x00007cea                OSDbg_MsgPoolSize
 .rodata.OSDbg_MsgQSize
                0x00007cec        0x2 ./source/rtos/uCOSIII/src/uCOS-III/Source/os_dbg.o
                0x00007cec                OSDbg_MsgQSize
 .rodata.OSDbg_MutexSize
                0x00007cee        0x2 ./source/rtos/uCOSIII/src/uCOS-III/Source/os_dbg.o
                0x00007cee                OSDbg_MutexSize
 .rodata.OSDbg_PendDataSize
                0x00007cf0        0x2 ./source/rtos/uCOSIII/src/uCOS-III/Source/os_dbg.o
                0x00007cf0                OSDbg_PendDataSize
 .rodata.OSDbg_PendListSize
                0x00007cf2        0x2 ./source/rtos/uCOSIII/src/uCOS-III/Source/os_dbg.o
                0x00007cf2                OSDbg_PendListSize
 .rodata.OSDbg_PendObjSize
                0x00007cf4        0x2 ./source/rtos/uCOSIII/src/uCOS-III/Source/os_dbg.o
                0x00007cf4                OSDbg_PendObjSize
 .rodata.OSDbg_PrioMax
                0x00007cf6        0x2 ./source/rtos/uCOSIII/src/uCOS-III/Source/os_dbg.o
                0x00007cf6                OSDbg_PrioMax
 .rodata.OSDbg_PrioTblSize
                0x00007cf8        0x2 ./source/rtos/uCOSIII/src/uCOS-III/Source/os_dbg.o
                0x00007cf8                OSDbg_PrioTblSize
 .rodata.OSDbg_PtrSize
                0x00007cfa        0x2 ./source/rtos/uCOSIII/src/uCOS-III/Source/os_dbg.o
                0x00007cfa                OSDbg_PtrSize
 .rodata.OSDbg_QSize
                0x00007cfc        0x2 ./source/rtos/uCOSIII/src/uCOS-III/Source/os_dbg.o
                0x00007cfc                OSDbg_QSize
 .rodata.OSDbg_SemSize
                0x00007cfe        0x2 ./source/rtos/uCOSIII/src/uCOS-III/Source/os_dbg.o
                0x00007cfe                OSDbg_SemSize
 .rodata.OSDbg_RdyList
                0x00007d00        0x2 ./source/rtos/uCOSIII/src/uCOS-III/Source/os_dbg.o
                0x00007d00                OSDbg_RdyList
 .rodata.OSDbg_TaskRegTblSize
                0x00007d02        0x2 ./source/rtos/uCOSIII/src/uCOS-III/Source/os_dbg.o
                0x00007d02                OSDbg_TaskRegTblSize
 .rodata.OSDbg_TCBSize
                0x00007d04        0x2 ./source/rtos/uCOSIII/src/uCOS-III/Source/os_dbg.o
                0x00007d04                OSDbg_TCBSize
 .rodata.OSDbg_TickListSize
                0x00007d06        0x2 ./source/rtos/uCOSIII/src/uCOS-III/Source/os_dbg.o
                0x00007d06                OSDbg_TickListSize
 .rodata.OSDbg_TmrSize
                0x00007d08        0x2 ./source/rtos/uCOSIII/src/uCOS-III/Source/os_dbg.o
                0x00007d08                OSDbg_TmrSize
 .rodata.OSDbg_VersionNbr
                0x00007d0a        0x2 ./source/rtos/uCOSIII/src/uCOS-III/Source/os_dbg.o
                0x00007d0a                OSDbg_VersionNbr
 .rodata.OSCfg_StatTaskPrio
                0x00007d0c        0x1 ./source/rtos/uCOSIII/src/uCOS-III/Source/os_cfg_app.o
                0x00007d0c                OSCfg_StatTaskPrio
 .rodata.OSCfg_TickTaskPrio
                0x00007d0d        0x1 ./source/rtos/uCOSIII/src/uCOS-III/Source/os_cfg_app.o
                0x00007d0d                OSCfg_TickTaskPrio
 .rodata.OSCfg_TmrTaskPrio
                0x00007d0e        0x1 ./source/rtos/uCOSIII/src/uCOS-III/Source/os_cfg_app.o
                0x00007d0e                OSCfg_TmrTaskPrio
 .rodata.OSDbg_DbgEn
                0x00007d0f        0x1 ./source/rtos/uCOSIII/src/uCOS-III/Source/os_dbg.o
                0x00007d0f                OSDbg_DbgEn
 .rodata.OSDbg_ArgChkEn
                0x00007d10        0x1 ./source/rtos/uCOSIII/src/uCOS-III/Source/os_dbg.o
                0x00007d10                OSDbg_ArgChkEn
 .rodata.OSDbg_AppHooksEn
                0x00007d11        0x1 ./source/rtos/uCOSIII/src/uCOS-III/Source/os_dbg.o
                0x00007d11                OSDbg_AppHooksEn
 .rodata.OSDbg_CalledFromISRChkEn
                0x00007d12        0x1 ./source/rtos/uCOSIII/src/uCOS-III/Source/os_dbg.o
                0x00007d12                OSDbg_CalledFromISRChkEn
 .rodata.OSDbg_FlagEn
                0x00007d13        0x1 ./source/rtos/uCOSIII/src/uCOS-III/Source/os_dbg.o
                0x00007d13                OSDbg_FlagEn
 .rodata.OSDbg_FlagDelEn
                0x00007d14        0x1 ./source/rtos/uCOSIII/src/uCOS-III/Source/os_dbg.o
                0x00007d14                OSDbg_FlagDelEn
 .rodata.OSDbg_FlagModeClrEn
                0x00007d15        0x1 ./source/rtos/uCOSIII/src/uCOS-III/Source/os_dbg.o
                0x00007d15                OSDbg_FlagModeClrEn
 .rodata.OSDbg_FlagPendAbortEn
                0x00007d16        0x1 ./source/rtos/uCOSIII/src/uCOS-III/Source/os_dbg.o
                0x00007d16                OSDbg_FlagPendAbortEn
 .rodata.OSDbg_ISRPostDeferredEn
                0x00007d17        0x1 ./source/rtos/uCOSIII/src/uCOS-III/Source/os_dbg.o
                0x00007d17                OSDbg_ISRPostDeferredEn
 .rodata.OSDbg_MemEn
                0x00007d18        0x1 ./source/rtos/uCOSIII/src/uCOS-III/Source/os_dbg.o
                0x00007d18                OSDbg_MemEn
 .rodata.OSDbg_MsgEn
                0x00007d19        0x1 ./source/rtos/uCOSIII/src/uCOS-III/Source/os_dbg.o
                0x00007d19                OSDbg_MsgEn
 .rodata.OSDbg_MutexEn
                0x00007d1a        0x1 ./source/rtos/uCOSIII/src/uCOS-III/Source/os_dbg.o
                0x00007d1a                OSDbg_MutexEn
 .rodata.OSDbg_MutexDelEn
                0x00007d1b        0x1 ./source/rtos/uCOSIII/src/uCOS-III/Source/os_dbg.o
                0x00007d1b                OSDbg_MutexDelEn
 .rodata.OSDbg_MutexPendAbortEn
                0x00007d1c        0x1 ./source/rtos/uCOSIII/src/uCOS-III/Source/os_dbg.o
                0x00007d1c                OSDbg_MutexPendAbortEn
 .rodata.OSDbg_ObjTypeChkEn
                0x00007d1d        0x1 ./source/rtos/uCOSIII/src/uCOS-III/Source/os_dbg.o
                0x00007d1d                OSDbg_ObjTypeChkEn
 .rodata.OSDbg_PendMultiEn
                0x00007d1e        0x1 ./source/rtos/uCOSIII/src/uCOS-III/Source/os_dbg.o
                0x00007d1e                OSDbg_PendMultiEn
 .rodata.OSDbg_QEn
                0x00007d1f        0x1 ./source/rtos/uCOSIII/src/uCOS-III/Source/os_dbg.o
                0x00007d1f                OSDbg_QEn
 .rodata.OSDbg_QDelEn
                0x00007d20        0x1 ./source/rtos/uCOSIII/src/uCOS-III/Source/os_dbg.o
                0x00007d20                OSDbg_QDelEn
 .rodata.OSDbg_QFlushEn
                0x00007d21        0x1 ./source/rtos/uCOSIII/src/uCOS-III/Source/os_dbg.o
                0x00007d21                OSDbg_QFlushEn
 .rodata.OSDbg_QPendAbortEn
                0x00007d22        0x1 ./source/rtos/uCOSIII/src/uCOS-III/Source/os_dbg.o
                0x00007d22                OSDbg_QPendAbortEn
 .rodata.OSDbg_SchedRoundRobinEn
                0x00007d23        0x1 ./source/rtos/uCOSIII/src/uCOS-III/Source/os_dbg.o
                0x00007d23                OSDbg_SchedRoundRobinEn
 .rodata.OSDbg_SemEn
                0x00007d24        0x1 ./source/rtos/uCOSIII/src/uCOS-III/Source/os_dbg.o
                0x00007d24                OSDbg_SemEn
 .rodata.OSDbg_SemDelEn
                0x00007d25        0x1 ./source/rtos/uCOSIII/src/uCOS-III/Source/os_dbg.o
                0x00007d25                OSDbg_SemDelEn
 .rodata.OSDbg_SemPendAbortEn
                0x00007d26        0x1 ./source/rtos/uCOSIII/src/uCOS-III/Source/os_dbg.o
                0x00007d26                OSDbg_SemPendAbortEn
 .rodata.OSDbg_SemSetEn
                0x00007d27        0x1 ./source/rtos/uCOSIII/src/uCOS-III/Source/os_dbg.o
                0x00007d27                OSDbg_SemSetEn
 .rodata.OSDbg_StkWidth
                0x00007d28        0x1 ./source/rtos/uCOSIII/src/uCOS-III/Source/os_dbg.o
                0x00007d28                OSDbg_StkWidth
 .rodata.OSDbg_StatTaskEn
                0x00007d29        0x1 ./source/rtos/uCOSIII/src/uCOS-III/Source/os_dbg.o
                0x00007d29                OSDbg_StatTaskEn
 .rodata.OSDbg_StatTaskStkChkEn
                0x00007d2a        0x1 ./source/rtos/uCOSIII/src/uCOS-III/Source/os_dbg.o
                0x00007d2a                OSDbg_StatTaskStkChkEn
 .rodata.OSDbg_TaskChangePrioEn
                0x00007d2b        0x1 ./source/rtos/uCOSIII/src/uCOS-III/Source/os_dbg.o
                0x00007d2b                OSDbg_TaskChangePrioEn
 .rodata.OSDbg_TaskDelEn
                0x00007d2c        0x1 ./source/rtos/uCOSIII/src/uCOS-III/Source/os_dbg.o
                0x00007d2c                OSDbg_TaskDelEn
 .rodata.OSDbg_TaskQEn
                0x00007d2d        0x1 ./source/rtos/uCOSIII/src/uCOS-III/Source/os_dbg.o
                0x00007d2d                OSDbg_TaskQEn
 .rodata.OSDbg_TaskQPendAbortEn
                0x00007d2e        0x1 ./source/rtos/uCOSIII/src/uCOS-III/Source/os_dbg.o
                0x00007d2e                OSDbg_TaskQPendAbortEn
 .rodata.OSDbg_TaskProfileEn
                0x00007d2f        0x1 ./source/rtos/uCOSIII/src/uCOS-III/Source/os_dbg.o
                0x00007d2f                OSDbg_TaskProfileEn
 .rodata.OSDbg_TaskSemPendAbortEn
                0x00007d30        0x1 ./source/rtos/uCOSIII/src/uCOS-III/Source/os_dbg.o
                0x00007d30                OSDbg_TaskSemPendAbortEn
 .rodata.OSDbg_TaskSuspendEn
                0x00007d31        0x1 ./source/rtos/uCOSIII/src/uCOS-III/Source/os_dbg.o
                0x00007d31                OSDbg_TaskSuspendEn
 .rodata.OSDbg_TimeDlyHMSMEn
                0x00007d32        0x1 ./source/rtos/uCOSIII/src/uCOS-III/Source/os_dbg.o
                0x00007d32                OSDbg_TimeDlyHMSMEn
 .rodata.OSDbg_TimeDlyResumeEn
                0x00007d33        0x1 ./source/rtos/uCOSIII/src/uCOS-III/Source/os_dbg.o
                0x00007d33                OSDbg_TimeDlyResumeEn
 .rodata.OSDbg_TmrEn
                0x00007d34        0x1 ./source/rtos/uCOSIII/src/uCOS-III/Source/os_dbg.o
                0x00007d34                OSDbg_TmrEn
 .rodata.OSDbg_TmrDelEn
                0x00007d35        0x1 ./source/rtos/uCOSIII/src/uCOS-III/Source/os_dbg.o
                0x00007d35                OSDbg_TmrDelEn
                0x00007d38                        . = ALIGN (0x8)
 *fill*         0x00007d36        0x2 ff

.glue_7         0x00007d38        0x0
 .glue_7        0x00007d38        0x0 linker stubs

.glue_7t        0x00007d38        0x0
 .glue_7t       0x00007d38        0x0 linker stubs

.vfp11_veneer   0x00007d38        0x0
 .vfp11_veneer  0x00007d38        0x0 linker stubs

.v4_bx          0x00007d38        0x0
 .v4_bx         0x00007d38        0x0 linker stubs

.iplt           0x00007d38        0x0
 .iplt          0x00007d38        0x0 ./source/rtos/uCOSIII/src/uCOS-III/Source/os_cfg_app.o

.rel.dyn        0x00007d38        0x0
 .rel.iplt      0x00007d38        0x0 ./source/rtos/uCOSIII/src/uCOS-III/Source/os_cfg_app.o

.ARM.extab
 *(SORT_BY_ALIGNMENT(.ARM.extab*) SORT_BY_ALIGNMENT(.gnu.linkonce.armextab.*))

.ARM.exidx      0x00007d38        0x0
                0x00007d38                        __exidx_start = .
 *(SORT_BY_ALIGNMENT(.ARM.exidx*) SORT_BY_ALIGNMENT(.gnu.linkonce.armexidx.*))
                0x00007d38                        __exidx_end = .
                0x00007d38                        _etext = .

.m_usb_data
 *(SORT_BY_ALIGNMENT(m_usb_bdt))

.data_RAM2      0x1fff0000        0x0 load address 0x00007d38
 FILL mask 0xff
                [!provide]                        PROVIDE (__start_data_RAM2 = .)
                [!provide]                        PROVIDE (__start_data_SRAM_LOWER = .)
 *(SORT_BY_ALIGNMENT(.ramfunc.$RAM2))
 *(SORT_BY_ALIGNMENT(.ramfunc.$SRAM_LOWER))
 *(SORT_BY_ALIGNMENT(.data.$RAM2))
 *(SORT_BY_ALIGNMENT(.data.$SRAM_LOWER))
 *(SORT_BY_ALIGNMENT(.data.$RAM2.*))
 *(SORT_BY_ALIGNMENT(.data.$SRAM_LOWER.*))
                0x1fff0000                        . = ALIGN (0x8)
                [!provide]                        PROVIDE (__end_data_RAM2 = .)
                [!provide]                        PROVIDE (__end_data_SRAM_LOWER = .)

.data_RAM3      0x14000000        0x0 load address 0x00007d38
 FILL mask 0xff
                [!provide]                        PROVIDE (__start_data_RAM3 = .)
                [!provide]                        PROVIDE (__start_data_FLEX_RAM = .)
 *(SORT_BY_ALIGNMENT(.ramfunc.$RAM3))
 *(SORT_BY_ALIGNMENT(.ramfunc.$FLEX_RAM))
 *(SORT_BY_ALIGNMENT(.data.$RAM3))
 *(SORT_BY_ALIGNMENT(.data.$FLEX_RAM))
 *(SORT_BY_ALIGNMENT(.data.$RAM3.*))
 *(SORT_BY_ALIGNMENT(.data.$FLEX_RAM.*))
                0x14000000                        . = ALIGN (0x8)
                [!provide]                        PROVIDE (__end_data_RAM3 = .)
                [!provide]                        PROVIDE (__end_data_FLEX_RAM = .)

.uninit_RESERVED
                0x20000000        0x0
                0x20000000                        _start_uninit_RESERVED = .
 *(SORT_BY_ALIGNMENT(.bss.$RESERVED*))
                0x20000000                        . = ALIGN (0x8)
                0x20000000                        _end_uninit_RESERVED = .

.data           0x20000000       0x18 load address 0x00007d38
 FILL mask 0xff
                0x20000000                        _data = .
                [!provide]                        PROVIDE (__start_data_RAM = .)
                [!provide]                        PROVIDE (__start_data_SRAM_UPPER = .)
 *(SORT_BY_ALIGNMENT(vtable))
 *(SORT_BY_ALIGNMENT(.ramfunc*))
 *(SORT_BY_ALIGNMENT(CodeQuickAccess))
 *(SORT_BY_ALIGNMENT(DataQuickAccess))
 *(SORT_BY_ALIGNMENT(RamFunction))
 *(SORT_BY_ALIGNMENT(.data*))
 .data.ColorPiso1
                0x20000000        0x3 ./source/DMAPixel.o
                0x20000000                ColorPiso1
 *fill*         0x20000003        0x1 ff
 .data.ColorPiso2
                0x20000004        0x3 ./source/DMAPixel.o
                0x20000004                ColorPiso2
 *fill*         0x20000007        0x1 ff
 .data.ColorPiso3
                0x20000008        0x3 ./source/DMAPixel.o
                0x20000008                ColorPiso3
 *fill*         0x2000000b        0x1 ff
 .data.SystemCoreClock
                0x2000000c        0x4 ./device/system_MK64F12.o
                0x2000000c                SystemCoreClock
 .data.g_BrightnessLevel
                0x20000010        0x1 ./source/DMAPixel.o
                0x20000010                g_BrightnessLevel
 .data.OneValue
                0x20000011        0x1 ./source/DMAPixel.o
 .data.cmd_piso1
                0x20000012        0x1 ./source/main.o
 .data.cmd_piso2
                0x20000013        0x1 ./source/main.o
 .data.cmd_piso3
                0x20000014        0x1 ./source/main.o
                0x20000018                        . = ALIGN (0x8)
 *fill*         0x20000015        0x3 ff
                0x20000018                        _edata = .
                [!provide]                        PROVIDE (__end_data_RAM = .)
                [!provide]                        PROVIDE (__end_data_SRAM_UPPER = .)

.igot.plt       0x20000018        0x0 load address 0x00007d50
 .igot.plt      0x20000018        0x0 ./source/rtos/uCOSIII/src/uCOS-III/Source/os_cfg_app.o

.bss_RAM2       0x1fff0000        0x0
                [!provide]                        PROVIDE (__start_bss_RAM2 = .)
                [!provide]                        PROVIDE (__start_bss_SRAM_LOWER = .)
 *(SORT_BY_ALIGNMENT(.bss.$RAM2))
 *(SORT_BY_ALIGNMENT(.bss.$SRAM_LOWER))
 *(SORT_BY_ALIGNMENT(.bss.$RAM2.*))
 *(SORT_BY_ALIGNMENT(.bss.$SRAM_LOWER.*))
                0x1fff0000                        . = ALIGN ((. != 0x0)?0x8:0x1)
                [!provide]                        PROVIDE (__end_bss_RAM2 = .)
                [!provide]                        PROVIDE (__end_bss_SRAM_LOWER = .)

.bss_RAM3       0x14000000        0x0
                [!provide]                        PROVIDE (__start_bss_RAM3 = .)
                [!provide]                        PROVIDE (__start_bss_FLEX_RAM = .)
 *(SORT_BY_ALIGNMENT(.bss.$RAM3))
 *(SORT_BY_ALIGNMENT(.bss.$FLEX_RAM))
 *(SORT_BY_ALIGNMENT(.bss.$RAM3.*))
 *(SORT_BY_ALIGNMENT(.bss.$FLEX_RAM.*))
                0x14000000                        . = ALIGN ((. != 0x0)?0x8:0x1)
                [!provide]                        PROVIDE (__end_bss_RAM3 = .)
                [!provide]                        PROVIDE (__end_bss_FLEX_RAM = .)

.bss            0x20000018     0x2f38
                0x20000018                        _bss = .
                [!provide]                        PROVIDE (__start_bss_RAM = .)
                [!provide]                        PROVIDE (__start_bss_SRAM_UPPER = .)
 *(SORT_BY_ALIGNMENT(.bss*))
 .bss.OSCfg_IdleTaskStk
                0x20000018      0x200 ./source/rtos/uCOSIII/src/uCOS-III/Source/os_cfg_app.o
                0x20000018                OSCfg_IdleTaskStk
 .bss.OSCfg_ISRStk
                0x20000218      0x200 ./source/rtos/uCOSIII/src/uCOS-III/Source/os_cfg_app.o
                0x20000218                OSCfg_ISRStk
 .bss.OSCfg_MsgPool
                0x20000418      0x640 ./source/rtos/uCOSIII/src/uCOS-III/Source/os_cfg_app.o
                0x20000418                OSCfg_MsgPool
 .bss.OSCfg_StatTaskStk
                0x20000a58      0x200 ./source/rtos/uCOSIII/src/uCOS-III/Source/os_cfg_app.o
                0x20000a58                OSCfg_StatTaskStk
 .bss.OSCfg_TickTaskStk
                0x20000c58      0x200 ./source/rtos/uCOSIII/src/uCOS-III/Source/os_cfg_app.o
                0x20000c58                OSCfg_TickTaskStk
 .bss.OSCfg_TmrTaskStk
                0x20000e58      0x200 ./source/rtos/uCOSIII/src/uCOS-III/Source/os_cfg_app.o
                0x20000e58                OSCfg_TmrTaskStk
 .bss.OSPrioTbl
                0x20001058        0x4 ./source/rtos/uCOSIII/src/uCOS-III/Source/os_prio.o
                0x20001058                OSPrioTbl
 .bss.OS_AppTaskCreateHookPtr
                0x2000105c        0x4 ./source/rtos/uCOSIII/src/uCOS-III/Source/os_var.o
                0x2000105c                OS_AppTaskCreateHookPtr
 .bss.OS_AppTaskDelHookPtr
                0x20001060        0x4 ./source/rtos/uCOSIII/src/uCOS-III/Source/os_var.o
                0x20001060                OS_AppTaskDelHookPtr
 .bss.OS_AppTaskReturnHookPtr
                0x20001064        0x4 ./source/rtos/uCOSIII/src/uCOS-III/Source/os_var.o
                0x20001064                OS_AppTaskReturnHookPtr
 .bss.OS_AppIdleTaskHookPtr
                0x20001068        0x4 ./source/rtos/uCOSIII/src/uCOS-III/Source/os_var.o
                0x20001068                OS_AppIdleTaskHookPtr
 .bss.OS_AppStatTaskHookPtr
                0x2000106c        0x4 ./source/rtos/uCOSIII/src/uCOS-III/Source/os_var.o
                0x2000106c                OS_AppStatTaskHookPtr
 .bss.OS_AppTaskSwHookPtr
                0x20001070        0x4 ./source/rtos/uCOSIII/src/uCOS-III/Source/os_var.o
                0x20001070                OS_AppTaskSwHookPtr
 .bss.OS_AppTimeTickHookPtr
                0x20001074        0x4 ./source/rtos/uCOSIII/src/uCOS-III/Source/os_var.o
                0x20001074                OS_AppTimeTickHookPtr
 .bss.OSIdleTaskCtr
                0x20001078        0x4 ./source/rtos/uCOSIII/src/uCOS-III/Source/os_var.o
                0x20001078                OSIdleTaskCtr
 .bss.OSIdleTaskTCB
                0x2000107c       0xc4 ./source/rtos/uCOSIII/src/uCOS-III/Source/os_var.o
                0x2000107c                OSIdleTaskTCB
 .bss.OSFlagDbgListPtr
                0x20001140        0x4 ./source/rtos/uCOSIII/src/uCOS-III/Source/os_var.o
                0x20001140                OSFlagDbgListPtr
 .bss.OSMemDbgListPtr
                0x20001144        0x4 ./source/rtos/uCOSIII/src/uCOS-III/Source/os_var.o
                0x20001144                OSMemDbgListPtr
 .bss.OSMsgPool
                0x20001148        0xc ./source/rtos/uCOSIII/src/uCOS-III/Source/os_var.o
                0x20001148                OSMsgPool
 .bss.OSMutexDbgListPtr
                0x20001154        0x4 ./source/rtos/uCOSIII/src/uCOS-III/Source/os_var.o
                0x20001154                OSMutexDbgListPtr
 .bss.OSQDbgListPtr
                0x20001158        0x4 ./source/rtos/uCOSIII/src/uCOS-III/Source/os_var.o
                0x20001158                OSQDbgListPtr
 .bss.OSRdyList
                0x2000115c      0x180 ./source/rtos/uCOSIII/src/uCOS-III/Source/os_var.o
                0x2000115c                OSRdyList
 .bss.OSSchedRoundRobinDfltTimeQuanta
                0x200012dc        0x4 ./source/rtos/uCOSIII/src/uCOS-III/Source/os_var.o
                0x200012dc                OSSchedRoundRobinDfltTimeQuanta
 .bss.OSSemDbgListPtr
                0x200012e0        0x4 ./source/rtos/uCOSIII/src/uCOS-III/Source/os_var.o
                0x200012e0                OSSemDbgListPtr
 .bss.OSStatTaskCtr
                0x200012e4        0x4 ./source/rtos/uCOSIII/src/uCOS-III/Source/os_var.o
                0x200012e4                OSStatTaskCtr
 .bss.OSStatTaskCtrMax
                0x200012e8        0x4 ./source/rtos/uCOSIII/src/uCOS-III/Source/os_var.o
                0x200012e8                OSStatTaskCtrMax
 .bss.OSStatTaskCtrRun
                0x200012ec        0x4 ./source/rtos/uCOSIII/src/uCOS-III/Source/os_var.o
                0x200012ec                OSStatTaskCtrRun
 .bss.OSStatTaskTCB
                0x200012f0       0xc4 ./source/rtos/uCOSIII/src/uCOS-III/Source/os_var.o
                0x200012f0                OSStatTaskTCB
 .bss.OSStatTaskTimeMax
                0x200013b4        0x4 ./source/rtos/uCOSIII/src/uCOS-III/Source/os_var.o
                0x200013b4                OSStatTaskTimeMax
 .bss.OSTaskCtxSwCtr
                0x200013b8        0x4 ./source/rtos/uCOSIII/src/uCOS-III/Source/os_var.o
                0x200013b8                OSTaskCtxSwCtr
 .bss.OSTaskDbgListPtr
                0x200013bc        0x4 ./source/rtos/uCOSIII/src/uCOS-III/Source/os_var.o
                0x200013bc                OSTaskDbgListPtr
 .bss.OSTickCtr
                0x200013c0        0x4 ./source/rtos/uCOSIII/src/uCOS-III/Source/os_var.o
                0x200013c0                OSTickCtr
 .bss.OSTickTaskTCB
                0x200013c4       0xc4 ./source/rtos/uCOSIII/src/uCOS-III/Source/os_var.o
                0x200013c4                OSTickTaskTCB
 .bss.OSTickTaskTimeMax
                0x20001488        0x4 ./source/rtos/uCOSIII/src/uCOS-III/Source/os_var.o
                0x20001488                OSTickTaskTimeMax
 .bss.OSTickListDly
                0x2000148c        0x8 ./source/rtos/uCOSIII/src/uCOS-III/Source/os_var.o
                0x2000148c                OSTickListDly
 .bss.OSTickListTimeout
                0x20001494        0x8 ./source/rtos/uCOSIII/src/uCOS-III/Source/os_var.o
                0x20001494                OSTickListTimeout
 .bss.OSTmrDbgListPtr
                0x2000149c        0x4 ./source/rtos/uCOSIII/src/uCOS-III/Source/os_var.o
                0x2000149c                OSTmrDbgListPtr
 .bss.OSTmrListPtr
                0x200014a0        0x4 ./source/rtos/uCOSIII/src/uCOS-III/Source/os_var.o
                0x200014a0                OSTmrListPtr
 .bss.OSTmrMutex
                0x200014a4       0x30 ./source/rtos/uCOSIII/src/uCOS-III/Source/os_var.o
                0x200014a4                OSTmrMutex
 .bss.OSTmrTaskTCB
                0x200014d4       0xc4 ./source/rtos/uCOSIII/src/uCOS-III/Source/os_var.o
                0x200014d4                OSTmrTaskTCB
 .bss.OSTmrTaskTimeMax
                0x20001598        0x4 ./source/rtos/uCOSIII/src/uCOS-III/Source/os_var.o
                0x20001598                OSTmrTaskTimeMax
 .bss.OSTmrTickCtr
                0x2000159c        0x4 ./source/rtos/uCOSIII/src/uCOS-III/Source/os_var.o
                0x2000159c                OSTmrTickCtr
 .bss.OSTmrUpdateCnt
                0x200015a0        0x4 ./source/rtos/uCOSIII/src/uCOS-III/Source/os_var.o
                0x200015a0                OSTmrUpdateCnt
 .bss.OSTmrUpdateCtr
                0x200015a4        0x4 ./source/rtos/uCOSIII/src/uCOS-III/Source/os_var.o
                0x200015a4                OSTmrUpdateCtr
 .bss.OSTCBCurPtr
                0x200015a8        0x4 ./source/rtos/uCOSIII/src/uCOS-III/Source/os_var.o
                0x200015a8                OSTCBCurPtr
 .bss.OSTCBHighRdyPtr
                0x200015ac        0x4 ./source/rtos/uCOSIII/src/uCOS-III/Source/os_var.o
                0x200015ac                OSTCBHighRdyPtr
 .bss.OS_CPU_ExceptStkBase
                0x200015b0        0x4 ./source/rtos/uCOSIII/src/uCOS-III/Ports/ARM-Cortex-M4/Generic/GNU/os_cpu_c.o
                0x200015b0                OS_CPU_ExceptStkBase
 .bss.CPU_TS_TmrFreq_Hz
                0x200015b4        0x4 ./source/rtos/uCOSIII/src/uC-CPU/cpu_core.o
                0x200015b4                CPU_TS_TmrFreq_Hz
 .bss.DMA_SemEndTransfer
                0x200015b8       0x28 ./source/DMAPixel.o
                0x200015b8                DMA_SemEndTransfer
 .bss.g_EDMA_Handle_0
                0x200015e0       0x18 ./source/DMAPixel.o
                0x200015e0                g_EDMA_Handle_0
 .bss.g_EDMA_Handle_1
                0x200015f8       0x18 ./source/DMAPixel.o
                0x200015f8                g_EDMA_Handle_1
 .bss.g_EDMA_Handle_2
                0x20001610       0x18 ./source/DMAPixel.o
                0x20001610                g_EDMA_Handle_2
 .bss.ColorVacio
                0x20001628        0x3 ./source/DMAPixel.o
                0x20001628                ColorVacio
 *fill*         0x2000162b        0x1 
 .bss.transmitBuf
                0x2000162c      0x600 ./source/DMAPixel.o
 .bss.TaskStartTCB
                0x20001c2c       0xc4 ./source/main.o
 .bss.TaskStartStk
                0x20001cf0      0x800 ./source/main.o
 .bss.Task2TCB  0x200024f0       0xc4 ./source/main.o
 .bss.Task2Stk  0x200025b4      0x400 ./source/main.o
 .bss.Task3TCB  0x200029b4       0xc4 ./source/main.o
 .bss.Task3Stk  0x20002a78      0x400 ./source/main.o
 .bss.AppQ      0x20002e78       0x30 ./source/main.o
 .bss.g_dspiHandle
                0x20002ea8        0xc ./drivers/fsl_dspi.o
 .bss.s_dspiMasterIsr
                0x20002eb4        0x4 ./drivers/fsl_dspi.o
 .bss.s_dspiSlaveIsr
                0x20002eb8        0x4 ./drivers/fsl_dspi.o
 .bss.s_EDMAHandle
                0x20002ebc       0x40 ./drivers/fsl_edma.o
 .bss.s_i2cHandle
                0x20002efc        0xc ./drivers/fsl_i2c.o
 .bss.s_i2cMasterIsr
                0x20002f08        0x4 ./drivers/fsl_i2c.o
 .bss.s_i2cSlaveIsr
                0x20002f0c        0x4 ./drivers/fsl_i2c.o
 .bss.s_uartHandle
                0x20002f10       0x18 ./drivers/fsl_uart.o
                0x20002f10                s_uartHandle
 .bss.s_uartIsr
                0x20002f28        0x4 ./drivers/fsl_uart.o
                0x20002f28                s_uartIsr
 .bss.OSFlagQty
                0x20002f2c        0x2 ./source/rtos/uCOSIII/src/uCOS-III/Source/os_var.o
                0x20002f2c                OSFlagQty
 .bss.OSMemQty  0x20002f2e        0x2 ./source/rtos/uCOSIII/src/uCOS-III/Source/os_var.o
                0x20002f2e                OSMemQty
 .bss.OSMutexQty
                0x20002f30        0x2 ./source/rtos/uCOSIII/src/uCOS-III/Source/os_var.o
                0x20002f30                OSMutexQty
 .bss.OSQQty    0x20002f32        0x2 ./source/rtos/uCOSIII/src/uCOS-III/Source/os_var.o
                0x20002f32                OSQQty
 .bss.OSSemQty  0x20002f34        0x2 ./source/rtos/uCOSIII/src/uCOS-III/Source/os_var.o
                0x20002f34                OSSemQty
 .bss.OSStatTaskCPUUsage
                0x20002f36        0x2 ./source/rtos/uCOSIII/src/uCOS-III/Source/os_var.o
                0x20002f36                OSStatTaskCPUUsage
 .bss.OSStatTaskCPUUsageMax
                0x20002f38        0x2 ./source/rtos/uCOSIII/src/uCOS-III/Source/os_var.o
                0x20002f38                OSStatTaskCPUUsageMax
 .bss.OSTaskQty
                0x20002f3a        0x2 ./source/rtos/uCOSIII/src/uCOS-III/Source/os_var.o
                0x20002f3a                OSTaskQty
 .bss.OSTmrListEntries
                0x20002f3c        0x2 ./source/rtos/uCOSIII/src/uCOS-III/Source/os_var.o
                0x20002f3c                OSTmrListEntries
 .bss.OSIntNestingCtr