../source/App.c:128:6:App_Init	24	static
../source/App.c:191:6:App_Run	8	static
../source/App.c:212:5:revisar_eventos	72	static
../source/App.c:501:5:menu_nuevo_pin	8	static
../source/App.c:530:6:menu_cliente	8	static
../source/App.c:560:6:giro_encoder_opciones	8	static
../source/App.c:605:5:atender_llamado_tarjeta_magnetica	8	static
../source/App.c:624:6:ir_a_id_encoder	8	static
../source/App.c:648:6:giro_encoder	40	static
../source/App.c:820:6:giro_encoder_opciones_brillito	8	static
../source/App.c:873:5:revisar_id	40	static
../source/App.c:899:5:revisar_pin	24	static
../source/App.c:930:6:led_azul_prendido	24	static
../source/App.c:941:6:reset_encoder	16	static
../source/App.c:950:6:inicio_a_id_completo	16	static
../source/App.c:961:6:reiniciar	8	static
../source/App.c:974:6:ir_pin_encoder	16	static
../source/App.c:987:6:pin_invalido	8	static
../source/App.c:994:6:bloquear_id	16	static
../source/App.c:1008:6:borrar_id	24	static
../source/App.c:1021:6:reset_boton	8	static
../source/App.c:1026:6:id_invalido	24	static
../source/App.c:1038:6:sleep_reset	8	static
../source/App.c:1044:6:ir_a_estado_cliente	8	static
../source/App.c:1052:6:ir_a_estado_cliente2	16	static
../source/App.c:1064:6:update_cover_pin	16	static
../source/App.c:1074:6:update_cover_pin2	16	static
../source/App.c:1084:6:ir_a_estado_administrador	8	static
../source/App.c:1091:6:ingrese_id	8	static
../source/App.c:1101:6:puerta_timer	24	static
../source/App.c:1111:6:ir_a_cant_dig_pin	8	static
../source/App.c:1120:6:ir_a_nueva_contrasenia	8	static
../source/App.c:1128:6:ir_a_brillo	16	static
../source/App.c:1139:6:ir_a_borrar_usuario	8	static
../source/App.c:1155:6:cambiar_estado_Boton	16	static
../source/App.c:1206:6:fun_timer_encoder	8	static
../source/App.c:1213:6:desplazar_digito_izquierda	8	static
../source/App.c:1232:6:desplazar_digito_derecha	4	static
../source/App.c:1236:6:esperar	4	static
../source/App.c:1241:6:chequear_espacio_user	16	static
../source/App.c:1257:6:imprimir_pin	8	static
