../source/App.c:128:6:App_Init	24	static
../source/App.c:185:6:App_Run	8	static
../source/App.c:206:5:revisar_eventos	72	static
../source/App.c:495:5:menu_nuevo_pin	8	static
../source/App.c:524:6:menu_cliente	8	static
../source/App.c:554:6:giro_encoder_opciones	8	static
../source/App.c:599:5:atender_llamado_tarjeta_magnetica	8	static
../source/App.c:618:6:ir_a_id_encoder	8	static
../source/App.c:642:6:giro_encoder	40	static
../source/App.c:814:6:giro_encoder_opciones_brillito	8	static
../source/App.c:867:5:revisar_id	40	static
../source/App.c:893:5:revisar_pin	24	static
../source/App.c:924:6:led_azul_prendido	24	static
../source/App.c:935:6:reset_encoder	16	static
../source/App.c:944:6:inicio_a_id_completo	16	static
../source/App.c:955:6:reiniciar	8	static
../source/App.c:968:6:ir_pin_encoder	16	static
../source/App.c:981:6:pin_invalido	8	static
../source/App.c:988:6:bloquear_id	16	static
../source/App.c:1002:6:borrar_id	24	static
../source/App.c:1015:6:reset_boton	8	static
../source/App.c:1020:6:id_invalido	24	static
../source/App.c:1032:6:sleep_reset	8	static
../source/App.c:1038:6:ir_a_estado_cliente	8	static
../source/App.c:1046:6:ir_a_estado_cliente2	16	static
../source/App.c:1058:6:update_cover_pin	16	static
../source/App.c:1068:6:update_cover_pin2	16	static
../source/App.c:1078:6:ir_a_estado_administrador	8	static
../source/App.c:1085:6:ingrese_id	8	static
../source/App.c:1095:6:puerta_timer	24	static
../source/App.c:1105:6:ir_a_cant_dig_pin	8	static
../source/App.c:1114:6:ir_a_nueva_contrasenia	8	static
../source/App.c:1122:6:ir_a_brillo	16	static
../source/App.c:1133:6:ir_a_borrar_usuario	8	static
../source/App.c:1149:6:cambiar_estado_Boton	16	static
../source/App.c:1200:6:fun_timer_encoder	8	static
../source/App.c:1207:6:desplazar_digito_izquierda	8	static
../source/App.c:1226:6:desplazar_digito_derecha	4	static
../source/App.c:1230:6:esperar	4	static
../source/App.c:1235:6:chequear_espacio_user	16	static
../source/App.c:1251:6:imprimir_pin	8	static
