../source/display.c:50:6:clear_display	16	static
../source/display.c:55:6:iniciar_display	8	static
../source/display.c:65:6:prender_display	8	static
../source/display.c:83:6:reiniciar_timer	8	static
../source/display.c:89:6:brillantina_de_display	16	static
../source/display.c:108:9:transformar_a_binario	24	static
../source/display.c:135:6:atender_llamada_usuario	32	static
../source/display.c:178:5:traductor_palabra_a_trama	24	static
../source/display.c:195:6:callback_actualizar_display	8	static
../source/display.c:217:6:callback_desplazamiento	4	static
../source/display.c:232:6:prender_ledcitos	16	static
../source/display.c:239:6:mostrar_en_display	24	static
