Archive member included to satisfy reference by file (symbol)

C:/nxp/MCUXpressoIDE_25.6.136/ide/plugins/com.nxp.mcuxpresso.tools.win32_25.6.0.202501151204/tools/bin/../lib/gcc/arm-none-eabi/14.2.1/thumb/v7e-m+fp/hard\libcr_eabihelpers.a(division_64.o)
                              ./source/rtos/uCOSIII/BSP/cpu_bsp.o (__aeabi_uldivmod)
C:/nxp/MCUXpressoIDE_25.6.136/ide/plugins/com.nxp.mcuxpresso.tools.win32_25.6.0.202501151204/tools/bin/../lib/gcc/arm-none-eabi/14.2.1/thumb/v7e-m+fp/hard\libcr_eabihelpers.a(division_idiv0.o)
                              C:/nxp/MCUXpressoIDE_25.6.136/ide/plugins/com.nxp.mcuxpresso.tools.win32_25.6.0.202501151204/tools/bin/../lib/gcc/arm-none-eabi/14.2.1/thumb/v7e-m+fp/hard\libcr_eabihelpers.a(division_64.o) (__aeabi_idiv0)
C:/nxp/MCUXpressoIDE_25.6.136/ide/plugins/com.nxp.mcuxpresso.tools.win32_25.6.0.202501151204/tools/bin/../lib/gcc/arm-none-eabi/14.2.1/thumb/v7e-m+fp/hard\libcr_eabihelpers.a(double.o)
                              ./source/display.o (__aeabi_dsub)

Discarded input sections

 .group         0x00000000        0xc ./source/rtos/uCOSIII/src/uCOS-III/Source/os_cfg_app.o
 .group         0x00000000        0xc ./source/rtos/uCOSIII/src/uCOS-III/Source/os_cfg_app.o
 .group         0x00000000        0xc ./source/rtos/uCOSIII/src/uCOS-III/Source/os_cfg_app.o
 .group         0x00000000        0xc ./source/rtos/uCOSIII/src/uCOS-III/Source/os_cfg_app.o
 .group         0x00000000        0xc ./source/rtos/uCOSIII/src/uCOS-III/Source/os_cfg_app.o
 .group         0x00000000        0xc ./source/rtos/uCOSIII/src/uCOS-III/Source/os_cfg_app.o
 .group         0x00000000        0xc ./source/rtos/uCOSIII/src/uCOS-III/Source/os_cfg_app.o
 .group         0x00000000        0xc ./source/rtos/uCOSIII/src/uCOS-III/Source/os_cfg_app.o
 .group         0x00000000        0xc ./source/rtos/uCOSIII/src/uCOS-III/Source/os_cfg_app.o
 .group         0x00000000        0xc ./source/rtos/uCOSIII/src/uCOS-III/Source/os_cfg_app.o
 .group         0x00000000        0xc ./source/rtos/uCOSIII/src/uCOS-III/Source/os_cfg_app.o
 .group         0x00000000        0xc ./source/rtos/uCOSIII/src/uCOS-III/Source/os_cfg_app.o
 .text          0x00000000        0x0 ./source/rtos/uCOSIII/src/uCOS-III/Source/os_cfg_app.o
 .data          0x00000000        0x0 ./source/rtos/uCOSIII/src/uCOS-III/Source/os_cfg_app.o
 .bss           0x00000000        0x0 ./source/rtos/uCOSIII/src/uCOS-III/Source/os_cfg_app.o
 .rodata.OSCfg_IdleTaskStkSizeRAM
                0x00000000        0x4 ./source/rtos/uCOSIII/src/uCOS-III/Source/os_cfg_app.o
 .rodata.OSCfg_IntQBasePtr
                0x00000000        0x4 ./source/rtos/uCOSIII/src/uCOS-III/Source/os_cfg_app.o
 .rodata.OSCfg_IntQSize
                0x00000000        0x2 ./source/rtos/uCOSIII/src/uCOS-III/Source/os_cfg_app.o
 .rodata.OSCfg_IntQSizeRAM
                0x00000000        0x4 ./source/rtos/uCOSIII/src/uCOS-III/Source/os_cfg_app.o
 .rodata.OSCfg_IntQTaskStkBasePtr
                0x00000000        0x4 ./source/rtos/uCOSIII/src/uCOS-III/Source/os_cfg_app.o
 .rodata.OSCfg_IntQTaskStkLimit
                0x00000000        0x4 ./source/rtos/uCOSIII/src/uCOS-III/Source/os_cfg_app.o
 .rodata.OSCfg_IntQTaskStkSize
                0x00000000        0x4 ./source/rtos/uCOSIII/src/uCOS-III/Source/os_cfg_app.o
 .rodata.OSCfg_IntQTaskStkSizeRAM
                0x00000000        0x4 ./source/rtos/uCOSIII/src/uCOS-III/Source/os_cfg_app.o
 .rodata.OSCfg_ISRStkSizeRAM
                0x00000000        0x4 ./source/rtos/uCOSIII/src/uCOS-III/Source/os_cfg_app.o
 .rodata.OSCfg_MsgPoolSizeRAM
                0x00000000        0x4 ./source/rtos/uCOSIII/src/uCOS-III/Source/os_cfg_app.o
 .rodata.OSCfg_StatTaskStkSizeRAM
                0x00000000        0x4 ./source/rtos/uCOSIII/src/uCOS-III/Source/os_cfg_app.o
 .rodata.OSCfg_TickTaskStkSizeRAM
                0x00000000        0x4 ./source/rtos/uCOSIII/src/uCOS-III/Source/os_cfg_app.o
 .rodata.OSCfg_TmrTaskStkSizeRAM
                0x00000000        0x4 ./source/rtos/uCOSIII/src/uCOS-III/Source/os_cfg_app.o
 .rodata.OSCfg_DataSizeRAM
                0x00000000        0x4 ./source/rtos/uCOSIII/src/uCOS-III/Source/os_cfg_app.o
 .group         0x00000000        0xc ./source/rtos/uCOSIII/src/uCOS-III/Source/os_core.o
 .group         0x00000000        0xc ./source/rtos/uCOSIII/src/uCOS-III/Source/os_core.o
 .group         0x00000000        0xc ./source/rtos/uCOSIII/src/uCOS-III/Source/os_core.o
 .group         0x00000000        0xc ./source/rtos/uCOSIII/src/uCOS-III/Source/os_core.o
 .group         0x00000000        0xc ./source/rtos/uCOSIII/src/uCOS-III/Source/os_core.o
 .group         0x00000000        0xc ./source/rtos/uCOSIII/src/uCOS-III/Source/os_core.o
 .group         0x00000000        0xc ./source/rtos/uCOSIII/src/uCOS-III/Source/os_core.o
 .group         0x00000000        0xc ./source/rtos/uCOSIII/src/uCOS-III/Source/os_core.o
 .group         0x00000000        0xc ./source/rtos/uCOSIII/src/uCOS-III/Source/os_core.o
[...]
Memory Configuration

Name             Origin             Length             Attributes
PROGRAM_FLASH    0x00000000         0x00100000         xr
SRAM_UPPER       0x20000000         0x00030000         xrw
SRAM_LOWER       0x1fff0000         0x00010000         xrw
FLEX_RAM         0x14000000         0x00001000         xrw
*default*        0x00000000         0xffffffff

Linker script and memory map

LOAD ./source/rtos/uCOSIII/src/uCOS-III/Source/os_cfg_app.o
LOAD ./source/rtos/uCOSIII/src/uCOS-III/Source/os_core.o
LOAD ./source/rtos/uCOSIII/src/uCOS-III/Source/os_dbg.o
LOAD ./source/rtos/uCOSIII/src/uCOS-III/Source/os_flag.o
LOAD ./source/rtos/uCOSIII/src/uCOS-III/Source/os_int.o
LOAD ./source/rtos/uCOSIII/src/uCOS-III/Source/os_mem.o
LOAD ./source/rtos/uCOSIII/src/uCOS-III/Source/os_msg.o
LOAD ./source/rtos/uCOSIII/src/uCOS-III/Source/os_mutex.o
LOAD ./source/rtos/uCOSIII/src/uCOS-III/Source/os_pend_multi.o
LOAD ./source/rtos/uCOSIII/src/uCOS-III/Source/os_prio.o
LOAD ./source/rtos/uCOSIII/src/uCOS-III/Source/os_q.o
LOAD ./source/rtos/uCOSIII/src/uCOS-III/Source/os_sem.o
LOAD ./source/rtos/uCOSIII/src/uCOS-III/Source/os_stat.o
LOAD ./source/rtos/uCOSIII/src/uCOS-III/Source/os_task.o
LOAD ./source/rtos/uCOSIII/src/uCOS-III/Source/os_tick.o
LOAD ./source/rtos/uCOSIII/src/uCOS-III/Source/os_time.o
LOAD ./source/rtos/uCOSIII/src/uCOS-III/Source/os_tmr.o
LOAD ./source/rtos/uCOSIII/src/uCOS-III/Source/os_var.o
LOAD ./source/rtos/uCOSIII/src/uCOS-III/Ports/ARM-Cortex-M4/Generic/GNU/os_cpu_a.o
LOAD ./source/rtos/uCOSIII/src/uCOS-III/Ports/ARM-Cortex-M4/Generic/GNU/os_cpu_c.o
LOAD ./source/rtos/uCOSIII/src/uC-CPU/ARM-Cortex-M4/GNU/cpu_a.o
LOAD ./source/rtos/uCOSIII/src/uC-CPU/ARM-Cortex-M4/GNU/cpu_c.o
LOAD ./source/rtos/uCOSIII/src/uC-CPU/cpu_core.o
LOAD ./source/rtos/uCOSIII/BSP/cpu_bsp.o
LOAD ./source/App.o
LOAD ./source/SysTick.o
LOAD ./source/display.o
LOAD ./source/encoder.o
LOAD ./source/fsm.o
LOAD ./source/gpio.o
LOAD ./source/main.o
LOAD ./source/tarjeta_magnetica.o
LOAD ./source/timer.o
LOAD ./SDK/startup/hardware.o
LOAD ./SDK/startup/semihost_hardfault.o
LOAD ./SDK/startup/startup_mk64f12.o
LOAD ./SDK/CMSIS/system_MK64F12.o
START GROUP
LOAD C:/nxp/MCUXpressoIDE_25.6.136/ide/plugins/com.nxp.mcuxpresso.tools.win32_25.6.0.202501151204/tools/bin/../lib/gcc/arm-none-eabi/14.2.1/../../../../arm-none-eabi/lib/thumb/v7e-m+fp/hard\libcr_c.a
LOAD C:/nxp/MCUXpressoIDE_25.6.136/ide/plugins/com.nxp.mcuxpresso.tools.win32_25.6.0.202501151204/tools/bin/../lib/gcc/arm-none-eabi/14.2.1/thumb/v7e-m+fp/hard\libcr_eabihelpers.a
LOAD C:/nxp/MCUXpressoIDE_25.6.136/ide/plugins/com.nxp.mcuxpresso.tools.win32_25.6.0.202501151204/tools/bin/../lib/gcc/arm-none-eabi/14.2.1/thumb/v7e-m+fp/hard\libgcc.a
END GROUP
                0x00000000                        __base_PROGRAM_FLASH = 0x0
                0x00000000                        __base_Flash = 0x0
                0x00100000                        __top_PROGRAM_FLASH = 0x100000
                0x00100000                        __top_Flash = 0x100000
                0x20000000                        __base_SRAM_UPPER = 0x20000000
                0x20000000                        __base_RAM = 0x20000000
                0x20030000                        __top_SRAM_UPPER = 0x20030000
                0x20030000                        __top_RAM = 0x20030000
                0x1fff0000                        __base_SRAM_LOWER = 0x1fff0000
                0x1fff0000                        __base_RAM2 = 0x1fff0000
                0x20000000                        __top_SRAM_LOWER = 0x20000000
                0x20000000                        __top_RAM2 = 0x20000000
                0x14000000                        __base_FLEX_RAM = 0x14000000
                0x14000000                        __base_RAM3 = 0x14000000
                0x14001000                        __top_FLEX_RAM = 0x14001000
                0x14001000                        __top_RAM3 = 0x14001000

.text           0x00000000     0x95f8
 FILL mask 0xff
                0x00000000                        __vectors_start__ = ABSOLUTE (.)
 *(SORT_BY_ALIGNMENT(.isr_vector))
 .isr_vector    0x00000000      0x198 ./SDK/startup/startup_mk64f12.o
                0x00000000                g_pfnVectors
                0x00000000                __Vectors
                0x00000198                        . = ALIGN (0x4)
                0x00000198                        __section_table_start = .
                0x00000198                        __data_section_table = .
                0x00000198        0x4 LONG 0x95f8 LOADADDR (.data)
                0x0000019c        0x4 LONG 0x20000000 ADDR (.data)
                0x000001a0        0x4 LONG 0x218 SIZEOF (.data)
                0x000001a4        0x4 LONG 0x95f8 LOADADDR (.data_RAM2)
                0x000001a8        0x4 LONG 0x1fff0000 ADDR (.data_RAM2)
                0x000001ac        0x4 LONG 0x0 SIZEOF (.data_RAM2)
                0x000001b0        0x4 LONG 0x95f8 LOADADDR (.data_RAM3)
                0x000001b4        0x4 LONG 0x14000000 ADDR (.data_RAM3)
                0x000001b8        0x4 LONG 0x0 SIZEOF (.data_RAM3)
                0x000001bc                        __data_section_table_end = .
                0x000001bc                        __bss_section_table = .
                0x000001bc        0x4 LONG 0x20000218 ADDR (.bss)
                0x000001c0        0x4 LONG 0x2df0 SIZEOF (.bss)
                0x000001c4        0x4 LONG 0x1fff0000 ADDR (.bss_RAM2)
                0x000001c8        0x4 LONG 0x0 SIZEOF (.bss_RAM2)
                0x000001cc        0x4 LONG 0x14000000 ADDR (.bss_RAM3)
                0x000001d0        0x4 LONG 0x0 SIZEOF (.bss_RAM3)
                0x000001d4                        __bss_section_table_end = .
                0x000001d4                        __section_table_end = .
 *(SORT_BY_ALIGNMENT(.after_vectors*))
 .after_vectors.reset
                0x000001d4       0x4c ./SDK/startup/startup_mk64f12.o
                0x000001d4                ResetISR
 .after_vectors.init_data
                0x00000220       0x1e ./SDK/startup/startup_mk64f12.o
                0x00000220                data_init
 .after_vectors.init_bss
                0x0000023e       0x12 ./SDK/startup/startup_mk64f12.o
                0x0000023e                bss_init
 .after_vectors
                0x00000250       0x14 ./SDK/startup/startup_mk64f12.o
                0x00000250                NMI_Handler
                0x00000254                MemManage_Handler
                0x00000256                BusFault_Handler
                0x00000258                UsageFault_Handler
                0x0000025a                SVC_Handler
                0x0000025c                DebugMon_Handler
                0x00000262                DMA_Error_DriverIRQHandler
                0x00000262                LPTMR0_DriverIRQHandler
                0x00000262                FTM1_DriverIRQHandler
                0x00000262                FTM2_DriverIRQHandler
                0x00000262                PIT2_DriverIRQHandler
                0x00000262                SDHC_DriverIRQHandler
                0x00000262                I2S0_Tx_DriverIRQHandler
                0x00000262                RTC_Seconds_DriverIRQHandler
                0x00000262                DMA6_DriverIRQHandler
                0x00000262                LLWU_DriverIRQHandler
                0x00000262                MCM_DriverIRQHandler
                0x00000262                MCG_DriverIRQHandler
                0x00000262                ENET_1588_Timer_DriverIRQHandler
                0x00000262                I2C2_DriverIRQHandler
                0x00000262                DAC1_DriverIRQHandler
                0x00000262                SPI1_DriverIRQHandler
                0x00000262                CMP1_DriverIRQHandler
                0x00000262                UART5_RX_TX_DriverIRQHandler
                0x00000262                FTM0_DriverIRQHandler
                0x00000262                IntDefaultHandler
                0x00000262                USB0_DriverIRQHandler
                0x00000262                UART5_ERR_DriverIRQHandler
                0x00000262                PORTC_DriverIRQHandler
                0x00000262                DMA11_DriverIRQHandler
                0x00000262                DAC0_DriverIRQHandler
                0x00000262                DMA10_DriverIRQHandler
                0x00000262                CMP2_DriverIRQHandler
                0x00000262                UART2_ERR_DriverIRQHandler
                0x00000262                SPI2_DriverIRQHandler
                0x00000262                LVD_LVW_DriverIRQHandler
                0x00000262                PIT0_DriverIRQHandler
                0x00000262                RNG_DriverIRQHandler
                0x00000262                DMA5_DriverIRQHandler
                0x00000262                DMA12_DriverIRQHandler
                0x00000262                UART2_RX_TX_DriverIRQHandler
                0x00000262                USBDCD_DriverIRQHandler
                0x00000262                UART3_ERR_DriverIRQHandler
                0x00000262                DMA3_DriverIRQHandler
                0x00000262                DMA8_DriverIRQHandler
                0x00000262                DMA9_DriverIRQHandler
                0x00000262                UART0_ERR_DriverIRQHandler
                0x00000262                CMT_DriverIRQHandler
                0x00000262                Reserved71_DriverIRQHandler
                0x00000262                ADC1_DriverIRQHandler
                0x00000262                PORTA_DriverIRQHandler
                0x00000262                DMA14_DriverIRQHandler
                0x00000262                PIT3_DriverIRQHandler
                0x00000262                PIT1_DriverIRQHandler
                0x00000262                WDOG_EWM_DriverIRQHandler
                0x00000262                PDB0_DriverIRQHandler
                0x00000262                RTC_DriverIRQHandler
                0x00000262                I2S0_Rx_DriverIRQHandler
                0x00000262                Read_Collision_DriverIRQHandler
                0x00000262                SWI_DriverIRQHandler
                0x00000262                UART4_RX_TX_DriverIRQHandler
                0x00000262                UART4_ERR_DriverIRQHandler
                0x00000262                PORTB_DriverIRQHandler
                0x00000262                UART0_LON_DriverIRQHandler
                0x00000262                DMA0_DriverIRQHandler
                0x00000262                DMA1_DriverIRQHandler
                0x00000262                I2C1_DriverIRQHandler
                0x00000262                UART3_RX_TX_DriverIRQHandler
                0x00000262                ENET_Receive_DriverIRQHandler
                0x00000262                DMA13_DriverIRQHandler
                0x00000262                ENET_Error_DriverIRQHandler
                0x00000262                DMA15_DriverIRQHandler
                0x00000262                UART0_RX_TX_DriverIRQHandler
                0x00000262                SPI0_DriverIRQHandler
                0x00000262                ADC0_DriverIRQHandler
                0x00000262                CMP0_DriverIRQHandler
                0x00000262                CAN0_DriverIRQHandler
                0x00000262                FTM3_DriverIRQHandler
                0x00000262                DMA4_DriverIRQHandler
                0x00000262                UART1_ERR_DriverIRQHandler
                0x00000262                DMA2_DriverIRQHandler
                0x00000262                ENET_Transmit_DriverIRQHandler
                0x00000262                PORTD_DriverIRQHandler
                0x00000262                PORTE_DriverIRQHandler
                0x00000262                FTFE_DriverIRQHandler
                0x00000262                I2C0_DriverIRQHandler
                0x00000262                DMA7_DriverIRQHandler
                0x00000262                UART1_RX_TX_DriverIRQHandler
                0x00000400                        . = 0x400
 *fill*         0x00000264      0x19c ff
                0x00000400                        PROVIDE (__FLASH_CONFIG_START__ = .)
 *(SORT_BY_ALIGNMENT(.FlashConfig))
 .FlashConfig   0x00000400       0x10 ./SDK/startup/startup_mk64f12.o
                0x00000400                Flash_Config
                0x00000410                        PROVIDE (__FLASH_CONFIG_END__ = .)
                0x00000001                        ASSERT (! ((__FLASH_CONFIG_START__ == __FLASH_CONFIG_END__)), Linker Flash Config Support Enabled, but no .FlashConfig section provided within application)
 *(SORT_BY_ALIGNMENT(.text*))
 .text.OSInit   0x00000410      0x1ec ./source/rtos/uCOSIII/src/uCOS-III/Source/os_core.o
                0x00000410                OSInit
 .text.OSIntEnter
                0x000005fc       0x38 ./source/rtos/uCOSIII/src/uCOS-III/Source/os_core.o
                0x000005fc                OSIntEnter
 .text.OSIntExit
                0x00000634       0xd8 ./source/rtos/uCOSIII/src/uCOS-III/Source/os_core.o
                0x00000634                OSIntExit
 .text.OSSched  0x0000070c       0xa8 ./source/rtos/uCOSIII/src/uCOS-III/Source/os_core.o
                0x0000070c                OSSched
 .text.OSSchedLock
                0x000007b4       0x74 ./source/rtos/uCOSIII/src/uCOS-III/Source/os_core.o
                0x000007b4                OSSchedLock
 .text.OSSchedUnlock
                0x00000828       0x90 ./source/rtos/uCOSIII/src/uCOS-III/Source/os_core.o
                0x00000828                OSSchedUnlock
 .text.OSSchedRoundRobinCfg
                0x000008b8       0x70 ./source/rtos/uCOSIII/src/uCOS-III/Source/os_core.o
                0x000008b8                OSSchedRoundRobinCfg
 .text.OSStart  0x00000928       0x80 ./source/rtos/uCOSIII/src/uCOS-III/Source/os_core.o
                0x00000928                OSStart
 .text.OS_IdleTask
                0x000009a8       0x3c ./source/rtos/uCOSIII/src/uCOS-III/Source/os_core.o
                0x000009a8                OS_IdleTask
 .text.OS_IdleTaskInit
                0x000009e4       0x68 ./source/rtos/uCOSIII/src/uCOS-III/Source/os_core.o
                0x000009e4                OS_IdleTaskInit
 .text.OS_Pend  0x00000a4c       0x84 ./source/rtos/uCOSIII/src/uCOS-III/Source/os_core.o
                0x00000a4c                OS_Pend
 .text.OS_PendDbgNameAdd
                0x00000ad0       0x7c ./source/rtos/uCOSIII/src/uCOS-III/Source/os_core.o
                0x00000ad0                OS_PendDbgNameAdd
 .text.OS_PendDbgNameRemove
                0x00000b4c       0x4c ./source/rtos/uCOSIII/src/uCOS-III/Source/os_core.o
                0x00000b4c                OS_PendDbgNameRemove
 .text.OS_Post  0x00000b98      0x130 ./source/rtos/uCOSIII/src/uCOS-III/Source/os_core.o
                0x00000b98                OS_Post
 .text.OS_RdyListInit
                0x00000cc8       0x4c ./source/rtos/uCOSIII/src/uCOS-III/Source/os_core.o
                0x00000cc8                OS_RdyListInit
 .text.OS_RdyListInsert
                0x00000d14       0x3c ./source/rtos/uCOSIII/src/uCOS-III/Source/os_core.o
                0x00000d14                OS_RdyListInsert
 .text.OS_RdyListInsertHead
                0x00000d50       0x84 ./source/rtos/uCOSIII/src/uCOS-III/Source/os_core.o
                0x00000d50                OS_RdyListInsertHead
 .text.OS_RdyListInsertTail
                0x00000dd4       0x80 ./source/rtos/uCOSIII/src/uCOS-III/Source/os_core.o
                0x00000dd4                OS_RdyListInsertTail
 .text.OS_RdyListRemove
                0x00000e54       0xb0 ./source/rtos/uCOSIII/src/uCOS-III/Source/os_core.o
                0x00000e54                OS_RdyListRemove
 .text.OS_SchedRoundRobin
                0x00000f04       0xc8 ./source/rtos/uCOSIII/src/uCOS-III/Source/os_core.o
                0x00000f04                OS_SchedRoundRobin
 .text.OS_TaskBlock
                0x00000fcc       0x40 ./source/rtos/uCOSIII/src/uCOS-III/Source/os_core.o
                0x00000fcc                OS_TaskBlock
 .text.OS_Dbg_Init
                0x0000100c      0x23c ./source/rtos/uCOSIII/src/uCOS-III/Source/os_dbg.o
                0x0000100c                OS_Dbg_Init
 .text.OS_FlagInit
                0x00001248       0x30 ./source/rtos/uCOSIII/src/uCOS-III/Source/os_flag.o
                0x00001248                OS_FlagInit
 .text.OS_MemInit
                0x00001278       0x30 ./source/rtos/uCOSIII/src/uCOS-III/Source/os_mem.o
                0x00001278                OS_MemInit
 .text.OS_MsgPoolInit
                0x000012a8       0xd0 ./source/rtos/uCOSIII/src/uCOS-III/Source/os_msg.o
                0x000012a8                OS_MsgPoolInit
 .text.OS_MsgQFreeAll
                0x00001378       0x78 ./source/rtos/uCOSIII/src/uCOS-III/Source/os_msg.o
                0x00001378                OS_MsgQFreeAll
 .text.OS_MsgQGet
                0x000013f0       0xc0 ./source/rtos/uCOSIII/src/uCOS-III/Source/os_msg.o
                0x000013f0                OS_MsgQGet
 .text.OS_MsgQPut
                0x000014b0      0x114 ./source/rtos/uCOSIII/src/uCOS-III/Source/os_msg.o
                0x000014b0                OS_MsgQPut
 .text.OSMutexCreate
                0x000015c4       0x98 ./source/rtos/uCOSIII/src/uCOS-III/Source/os_mutex.o
                0x000015c4                OSMutexCreate
 .text.OSMutexPend
                0x0000165c      0x210 ./source/rtos/uCOSIII/src/uCOS-III/Source/os_mutex.o
                0x0000165c                OSMutexPend
 .text.OSMutexPost
                0x0000186c      0x1b8 ./source/rtos/uCOSIII/src/uCOS-III/Source/os_mutex.o
                0x0000186c                OSMutexPost
 .text.OS_MutexDbgListAdd
                0x00001a24       0x50 ./source/rtos/uCOSIII/src/uCOS-III/Source/os_mutex.o
                0x00001a24                OS_MutexDbgListAdd
 .text.OS_MutexInit
                0x00001a74       0x30 ./source/rtos/uCOSIII/src/uCOS-III/Source/os_mutex.o
                0x00001a74                OS_MutexInit
 .text.OSPendMulti
                0x00001aa4      0x180 ./source/rtos/uCOSIII/src/uCOS-III/Source/os_pend_multi.o
                0x00001aa4                OSPendMulti
 .text.OS_PendMultiGetRdy
                0x00001c24       0xec ./source/rtos/uCOSIII/src/uCOS-III/Source/os_pend_multi.o
                0x00001c24                OS_PendMultiGetRdy
 .text.OS_PendMultiValidate
                0x00001d10       0x84 ./source/rtos/uCOSIII/src/uCOS-III/Source/os_pend_multi.o
                0x00001d10                OS_PendMultiValidate
 .text.OS_PendMultiWait
                0x00001d94       0xb4 ./source/rtos/uCOSIII/src/uCOS-III/Source/os_pend_multi.o
                0x00001d94                OS_PendMultiWait
 .text.OS_PrioInit
                0x00001e48       0x34 ./source/rtos/uCOSIII/src/uCOS-III/Source/os_prio.o
                0x00001e48                OS_PrioInit
 .text.OS_PrioGetHighest
                0x00001e7c       0x48 ./source/rtos/uCOSIII/src/uCOS-III/Source/os_prio.o
                0x00001e7c                OS_PrioGetHighest
 .text.OS_PrioInsert
                0x00001ec4       0x50 ./source/rtos/uCOSIII/src/uCOS-III/Source/os_prio.o
                0x00001ec4                OS_PrioInsert
 .text.OS_PrioRemove
                0x00001f14       0x50 ./source/rtos/uCOSIII/src/uCOS-III/Source/os_prio.o
                0x00001f14                OS_PrioRemove
 .text.OSQCreate
                0x00001f64       0xa0 ./source/rtos/uCOSIII/src/uCOS-III/Source/os_q.o
                0x00001f64                OSQCreate
 .text.OSQPost  0x00002004       0xc4 ./source/rtos/uCOSIII/src/uCOS-III/Source/os_q.o
                0x00002004                OSQPost
 .text.OS_QDbgListAdd
                0x000020c8       0x50 ./source/rtos/uCOSIII/src/uCOS-III/Source/os_q.o
                0x000020c8                OS_QDbgListAdd
 .text.OS_QInit
                0x00002118       0x30 ./source/rtos/uCOSIII/src/uCOS-III/Source/os_q.o
                0x00002118                OS_QInit
 .text.OSSemCreate
                0x00002148       0x8c ./source/rtos/uCOSIII/src/uCOS-III/Source/os_sem.o
                0x00002148                OSSemCreate
 .text.OSSemPend
                0x000021d4      0x1c8 ./source/rtos/uCOSIII/src/uCOS-III/Source/os_sem.o
                0x000021d4                OSSemPend
 .text.OSSemPost
                0x0000239c       0x88 ./source/rtos/uCOSIII/src/uCOS-III/Source/os_sem.o
                0x0000239c                OSSemPost
 .text.OS_SemDbgListAdd
                0x00002424       0x50 ./source/rtos/uCOSIII/src/uCOS-III/Source/os_sem.o
                0x00002424                OS_SemDbgListAdd
 .text.OS_SemInit
                0x00002474       0x30 ./source/rtos/uCOSIII/src/uCOS-III/Source/os_sem.o
                0x00002474                OS_SemInit
 .text.OSStatReset
                0x000024a4      0x118 ./source/rtos/uCOSIII/src/uCOS-III/Source/os_stat.o
                0x000024a4                OSStatReset
 .text.OSStatTaskCPUUsageInit
                0x000025bc       0xfc ./source/rtos/uCOSIII/src/uCOS-III/Source/os_stat.o
                0x000025bc                OSStatTaskCPUUsageInit
 .text.OS_StatTask
                0x000026b8      0x310 ./source/rtos/uCOSIII/src/uCOS-III/Source/os_stat.o
                0x000026b8                OS_StatTask
 .text.OS_StatTaskInit
                0x000029c8       0xd4 ./source/rtos/uCOSIII/src/uCOS-III/Source/os_stat.o
                0x000029c8                OS_StatTaskInit
 .text.OSTaskCreate
                0x00002a9c      0x21c ./source/rtos/uCOSIII/src/uCOS-III/Source/os_task.o
                0x00002a9c                OSTaskCreate
 .text.OSTaskDel
                0x00002cb8      0x200 ./source/rtos/uCOSIII/src/uCOS-III/Source/os_task.o
                0x00002cb8                OSTaskDel
 .text.OSTaskResume
                0x00002eb8       0x64 ./source/rtos/uCOSIII/src/uCOS-III/Source/os_task.o
                0x00002eb8                OSTaskResume
 .text.OSTaskSemPend
                0x00002f1c      0x1d8 ./source/rtos/uCOSIII/src/uCOS-III/Source/os_task.o
                0x00002f1c                OSTaskSemPend
 .text.OSTaskStkChk
                0x000030f4       0xf0 ./source/rtos/uCOSIII/src/uCOS-III/Source/os_task.o
                0x000030f4                OSTaskStkChk
 .text.OSTaskSuspend
                0x000031e4       0x44 ./source/rtos/uCOSIII/src/uCOS-III/Source/os_task.o
                0x000031e4                OSTaskSuspend
 .text.OS_TaskDbgListAdd
                0x00003228       0x4c ./source/rtos/uCOSIII/src/uCOS-III/Source/os_task.o
                0x00003228                OS_TaskDbgListAdd
 .text.OS_TaskDbgListRemove
                0x00003274       0x84 ./source/rtos/uCOSIII/src/uCOS-III/Source/os_task.o
                0x00003274                OS_TaskDbgListRemove
 .text.OS_TaskInit
                0x000032f8       0x38 ./source/rtos/uCOSIII/src/uCOS-III/Source/os_task.o
                0x000032f8                OS_TaskInit
 .text.OS_TaskInitTCB
                0x00003330      0x1a0 ./source/rtos/uCOSIII/src/uCOS-III/Source/os_task.o
                0x00003330                OS_TaskInitTCB
 .text.OS_TaskResume
                0x000034d0      0x124 ./source/rtos/uCOSIII/src/uCOS-III/Source/os_task.o
                0x000034d0                OS_TaskResume
 .text.OS_TaskReturn
                0x000035f4       0x28 ./source/rtos/uCOSIII/src/uCOS-III/Source/os_task.o
                0x000035f4                OS_TaskReturn
 .text.OS_TaskSemPost
                0x0000361c      0x128 ./source/rtos/uCOSIII/src/uCOS-III/Source/os_task.o
                0x0000361c                OS_TaskSemPost
 .text.OS_TaskSuspend
                0x00003744      0x118 ./source/rtos/uCOSIII/src/uCOS-III/Source/os_task.o
                0x00003744                OS_TaskSuspend
 .text.OS_TaskChangePrio
                0x0000385c      0x148 ./source/rtos/uCOSIII/src/uCOS-III/Source/os_task.o
                0x0000385c                OS_TaskChangePrio
 .text.OS_TickTask
                0x000039a4       0x64 ./source/rtos/uCOSIII/src/uCOS-III/Source/os_tick.o
                0x000039a4                OS_TickTask
 .text.OS_TickTaskInit
                0x00003a08       0xd8 ./source/rtos/uCOSIII/src/uCOS-III/Source/os_tick.o
                0x00003a08                OS_TickTaskInit
 .text.OS_TickListInsertDly
                0x00003ae0      0x108 ./source/rtos/uCOSIII/src/uCOS-III/Source/os_tick.o
                0x00003ae0                OS_TickListInsertDly
 .text.OS_TickListUpdateDly
                0x00003be8       0xbc ./source/rtos/uCOSIII/src/uCOS-III/Source/os_tick.o
 .text.OS_TickListUpdateTimeout
                0x00003ca4      0x158 ./source/rtos/uCOSIII/src/uCOS-III/Source/os_tick.o
 .text.OSTimeDly
                0x00003dfc       0xd8 ./source/rtos/uCOSIII/src/uCOS-III/Source/os_time.o
                0x00003dfc                OSTimeDly
 .text.OSTimeDlyHMSM
                0x00003ed4      0x1f0 ./source/rtos/uCOSIII/src/uCOS-III/Source/os_time.o
                0x00003ed4                OSTimeDlyHMSM
 .text.OSTimeTick
                0x000040c4       0x74 ./source/rtos/uCOSIII/src/uCOS-III/Source/os_time.o
                0x000040c4                OSTimeTick
 .text.OS_TmrInit
                0x00004138      0x138 ./source/rtos/uCOSIII/src/uCOS-III/Source/os_tmr.o
                0x00004138                OS_TmrInit
 .text.OS_TmrUnlink
                0x00004270       0x80 ./source/rtos/uCOSIII/src/uCOS-III/Source/os_tmr.o
                0x00004270                OS_TmrUnlink
 .text.OS_TmrTask
                0x000042f0       0xc8 ./source/rtos/uCOSIII/src/uCOS-III/Source/os_tmr.o
                0x000042f0                OS_TmrTask
 .text.OS_TmrLock
                0x000043b8       0x24 ./source/rtos/uCOSIII/src/uCOS-III/Source/os_tmr.o
 .text.OS_TmrUnlock
                0x000043dc       0x20 ./source/rtos/uCOSIII/src/uCOS-III/Source/os_tmr.o
 .text          0x000043fc       0xfc ./source/rtos/uCOSIII/src/uCOS-III/Ports/ARM-Cortex-M4/Generic/GNU/os_cpu_a.o
                0x000043fc                OS_CPU_FP_Reg_Push
                0x0000440e                OS_CPU_FP_Reg_Pop
                0x0000441a                OSStartHighRdy
                0x0000448a                OSCtxSw
                0x00004494                OSIntCtxSw
                0x0000449e                PendSV_Handler
 .text.OSIdleTaskHook
                0x000044f8       0x1c ./source/rtos/uCOSIII/src/uCOS-III/Ports/ARM-Cortex-M4/Generic/GNU/os_cpu_c.o
                0x000044f8                OSIdleTaskHook
 .text.OSInitHook
                0x00004514       0x38 ./source/rtos/uCOSIII/src/uCOS-III/Ports/ARM-Cortex-M4/Generic/GNU/os_cpu_c.o
                0x00004514                OSInitHook
 .text.OSStatTaskHook
                0x0000454c       0x1c ./source/rtos/uCOSIII/src/uCOS-III/Ports/ARM-Cortex-M4/Generic/GNU/os_cpu_c.o
                0x0000454c                OSStatTaskHook
 .text.OSTaskCreateHook
                0x00004568       0x24 ./source/rtos/uCOSIII/src/uCOS-III/Ports/ARM-Cortex-M4/Generic/GNU/os_cpu_c.o
                0x00004568                OSTaskCreateHook
 .text.OSTaskDelHook
                0x0000458c       0x24 ./source/rtos/uCOSIII/src/uCOS-III/Ports/ARM-Cortex-M4/Generic/GNU/os_cpu_c.o
                0x0000458c                OSTaskDelHook
 .text.OSTaskReturnHook
                0x000045b0       0x24 ./source/rtos/uCOSIII/src/uCOS-III/Ports/ARM-Cortex-M4/Generic/GNU/os_cpu_c.o
                0x000045b0                OSTaskReturnHook
 .text.OSTaskStkInit
                0x000045d4      0x34c ./source/rtos/uCOSIII/src/uCOS-III/Ports/ARM-Cortex-M4/Generic/GNU/os_cpu_c.o
                0x000045d4                OSTaskStkInit
 .text.OSTaskSwHook
                0x00004920       0xa8 ./source/rtos/uCOSIII/src/uCOS-III/Ports/ARM-Cortex-M4/Generic/GNU/os_cpu_c.o
                0x00004920                OSTaskSwHook
 .text.OSTimeTickHook
                0x000049c8       0x1c ./source/rtos/uCOSIII/src/uCOS-III/Ports/ARM-Cortex-M4/Generic/GNU/os_cpu_c.o
                0x000049c8                OSTimeTickHook
 .text.OS_CPU_SysTickInit
                0x000049e4       0x54 ./source/rtos/uCOSIII/src/uCOS-III/Ports/ARM-Cortex-M4/Generic/GNU/os_cpu_c.o
                0x000049e4                OS_CPU_SysTickInit
 .text          0x00004a38       0x34 ./source/rtos/uCOSIII/src/uC-CPU/ARM-Cortex-M4/GNU/cpu_a.o
                0x00004a38                CPU_IntDis
                0x00004a3c                CPU_IntEn
                0x00004a40                CPU_SR_Save
                0x00004a48                CPU_SR_Restore
                0x00004a4e                CPU_WaitForInt
                0x00004a52                CPU_WaitForExcept
                0x00004a56                CPU_CntLeadZeros
                0x00004a5c                CPU_CntTrailZeros
                0x00004a66                CPU_RevBits
 .text.CPU_TS_TmrFreqSet
                0x00004a6c       0x20 ./source/rtos/uCOSIII/src/uC-CPU/cpu_core.o
                0x00004a6c                CPU_TS_TmrFreqSet
 .text.CPU_TS_Init
                0x00004a8c       0x18 ./source/rtos/uCOSIII/src/uC-CPU/cpu_core.o
 .text.CPU_TS_TmrInit
                0x00004aa4       0x48 ./source/rtos/uCOSIII/BSP/cpu_bsp.o
                0x00004aa4                CPU_TS_TmrInit
 .text.App_Init
                0x00004aec      0x1c4 ./source/App.o
                0x00004aec                App_Init
 .text.revisar_eventos
                0x00004cb0      0x5ac ./source/App.o
                0x00004cb0                revisar_eventos
 .text.menu_nuevo_pin
                0x0000525c       0xd4 ./source/App.o
                0x0000525c                menu_nuevo_pin
 .text.menu_cliente
                0x00005330       0xc0 ./source/App.o
                0x00005330                menu_cliente
 .text.giro_encoder_opciones
                0x000053f0      0x140 ./source/App.o
                0x000053f0                giro_encoder_opciones
 .text.ir_a_id_encoder
                0x00005530       0x2c ./source/App.o
                0x00005530                ir_a_id_encoder
 .text.giro_encoder
                0x0000555c      0x4f0 ./source/App.o
                0x0000555c                giro_encoder
 .text.giro_encoder_opciones_brillito
                0x00005a4c      0x154 ./source/App.o
                0x00005a4c                giro_encoder_opciones_brillito
 .text.revisar_id
                0x00005ba0       0xac ./source/App.o
                0x00005ba0                revisar_id
 .text.revisar_pin
                0x00005c4c       0xa0 ./source/App.o
                0x00005c4c                revisar_pin
 .text.led_azul_prendido
                0x00005cec       0x48 ./source/App.o
                0x00005cec                led_azul_prendido
 .text.reset_encoder
                0x00005d34       0x48 ./source/App.o
                0x00005d34                reset_encoder
 .text.inicio_a_id_completo
                0x00005d7c       0x4c ./source/App.o
                0x00005d7c                inicio_a_id_completo
 .text.reiniciar
                0x00005dc8       0x64 ./source/App.o
                0x00005dc8                reiniciar
 .text.ir_pin_encoder
                0x00005e2c       0x78 ./source/App.o
                0x00005e2c                ir_pin_encoder
 .text.pin_invalido
                0x00005ea4       0x2c ./source/App.o
                0x00005ea4                pin_invalido
 .text.bloquear_id
                0x00005ed0       0x94 ./source/App.o
                0x00005ed0                bloquear_id
 .text.borrar_id
                0x00005f64       0x84 ./source/App.o
                0x00005f64                borrar_id
 .text.reset_boton
                0x00005fe8       0x18 ./source/App.o
                0x00005fe8                reset_boton
 .text.id_invalido
                0x00006000       0x4c ./source/App.o
                0x00006000                id_invalido
 .text.sleep_reset
                0x0000604c       0x1c ./source/App.o
                0x0000604c                sleep_reset
 .text.ir_a_estado_cliente
                0x00006068       0x2c ./source/App.o
                0x00006068                ir_a_estado_cliente
 .text.ir_a_estado_cliente2
                0x00006094       0x74 ./source/App.o
                0x00006094                ir_a_estado_cliente2
 .text.update_cover_pin
                0x00006108       0x5c ./source/App.o
                0x00006108                update_cover_pin
 .text.update_cover_pin2
                0x00006164       0x60 ./source/App.o
                0x00006164                update_cover_pin2
 .text.ir_a_estado_administrador
                0x000061c4       0x2c ./source/App.o
                0x000061c4                ir_a_estado_administrador
 .text.ingrese_id
                0x000061f0       0x3c ./source/App.o
                0x000061f0                ingrese_id
 .text.puerta_timer
                0x0000622c       0x48 ./source/App.o
                0x0000622c                puerta_timer
 .text.ir_a_cant_dig_pin
                0x00006274       0x38 ./source/App.o
                0x00006274                ir_a_cant_dig_pin
 .text.ir_a_nueva_contrasenia
                0x000062ac       0x2c ./source/App.o
                0x000062ac                ir_a_nueva_contrasenia
 .text.ir_a_brillo
                0x000062d8       0x44 ./source/App.o
                0x000062d8                ir_a_brillo
 .text.ir_a_borrar_usuario
                0x0000631c       0x2c ./source/App.o
                0x0000631c                ir_a_borrar_usuario
 .text.cambiar_estado_Boton
                0x00006348      0x168 ./source/App.o
                0x00006348                cambiar_estado_Boton
 .text.fun_timer_encoder
                0x000064b0       0x4c ./source/App.o
                0x000064b0                fun_timer_encoder
 .text.desplazar_digito_izquierda
                0x000064fc       0xac ./source/App.o
                0x000064fc                desplazar_digito_izquierda
 .text.desplazar_digito_derecha
                0x000065a8       0x28 ./source/App.o
                0x000065a8                desplazar_digito_derecha
 .text.chequear_espacio_user
                0x000065d0       0x8c ./source/App.o
                0x000065d0                chequear_espacio_user
 .text.imprimir_pin
                0x0000665c       0x40 ./source/App.o
                0x0000665c                imprimir_pin
 .text.__NVIC_EnableIRQ
                0x0000669c       0x3c ./source/SysTick.o
 .text.__NVIC_SetPriority
                0x000066d8       0x54 ./source/SysTick.o
 .text.Timer_PIT_Init
                0x0000672c       0x68 ./source/SysTick.o
                0x0000672c                Timer_PIT_Init
 .text.PIT0_IRQHandler
                0x00006794       0x48 ./source/SysTick.o
                0x00006794                PIT0_IRQHandler
 .text.clear_display
                0x000067dc       0x34 ./source/display.o
                0x000067dc                clear_display
 .text.brillantina_de_display
                0x00006810       0xb4 ./source/display.o
                0x00006810                brillantina_de_display
 .text.transformar_a_binario
                0x000068c4       0x64 ./source/display.o
                0x000068c4                transformar_a_binario
 .text.atender_llamada_usuario
                0x00006928      0x120 ./source/display.o
                0x00006928                atender_llamada_usuario
 .text.traductor_palabra_a_trama
                0x00006a48       0x74 ./source/display.o
                0x00006a48                traductor_palabra_a_trama
 .text.callback_actualizar_display
                0x00006abc       0x84 ./source/display.o
                0x00006abc                callback_actualizar_display
 .text.prender_ledcitos
                0x00006b40       0x20 ./source/display.o
                0x00006b40                prender_ledcitos
 .text.mostrar_en_display
                0x00006b60       0xdc ./source/display.o
                0x00006b60                mostrar_en_display
 .text.enconderInit
                0x00006c3c       0xd4 ./source/encoder.o
                0x00006c3c                enconderInit
 .text.cambiar_estado_A
                0x00006d10      0x1d8 ./source/encoder.o
                0x00006d10                cambiar_estado_A
 .text.timer_btn_fun
                0x00006ee8       0x88 ./source/encoder.o
                0x00006ee8                timer_btn_fun
 .text.update_encoder
                0x00006f70       0x50 ./source/encoder.o
                0x00006f70                update_encoder
 .text.encoderReset
                0x00006fc0       0x18 ./source/encoder.o
                0x00006fc0                encoderReset
 .text.gpioMode
                0x00006fd8      0x138 ./source/gpio.o
                0x00006fd8                gpioMode
 .text.gpioIRQ  0x00007110      0x218 ./source/gpio.o
                0x00007110                gpioIRQ
 .text.gpioWrite
                0x00007328       0x94 ./source/gpio.o
                0x00007328                gpioWrite
 .text.gpioToggle
                0x000073bc       0x4c ./source/gpio.o
                0x000073bc                gpioToggle
 .text.gpioRead
                0x00007408       0x44 ./source/gpio.o
                0x00007408                gpioRead
 .text.gpioRead_ISF
                0x0000744c       0x44 ./source/gpio.o
                0x0000744c                gpioRead_ISF
 .text.gpioClear_ISF
                0x00007490       0x3c ./source/gpio.o
                0x00007490                gpioClear_ISF
 .text.PORTA_IRQHandler
                0x000074cc       0x70 ./source/gpio.o
                0x000074cc                PORTA_IRQHandler
 .text.PORTB_IRQHandler
                0x0000753c       0x84 ./source/gpio.o
                0x0000753c                PORTB_IRQHandler
 .text.PORTC_IRQHandler
                0x000075c0       0x30 ./source/gpio.o
                0x000075c0                PORTC_IRQHandler
 .text.PORTD_IRQHandler
                0x000075f0       0x74 ./source/gpio.o
                0x000075f0                PORTD_IRQHandler
 .text.PORTE_IRQHandler
                0x00007664       0x74 ./source/gpio.o
                0x00007664                PORTE_IRQHandler
 .text.TaskStart
                0x000076d8      0x160 ./source/main.o
 .text.App_Task2kHz
                0x00007838       0x44 ./source/main.o
                0x00007838                App_Task2kHz
 .text.main     0x0000787c      0x11c ./source/main.o
                0x0000787c                main
 .text.inicializar_tarjeta
                0x00007998       0x34 ./source/tarjeta_magnetica.o
                0x00007998                inicializar_tarjeta
 .text.guardar_dato_serie
                0x000079cc      0x120 ./source/tarjeta_magnetica.o
                0x000079cc                guardar_dato_serie
 .text.guardar_caracter
                0x00007aec      0x1e0 ./source/tarjeta_magnetica.o
 .text.reset_datos_tarjeta
                0x00007ccc       0x78 ./source/tarjeta_magnetica.o
                0x00007ccc                reset_datos_tarjeta
 .text.timerInit
                0x00007d44       0x44 ./source/timer.o
                0x00007d44                timerInit
 .text.timerGetId
                0x00007d88       0x40 ./source/timer.o
                0x00007d88                timerGetId
 .text.timerStart
                0x00007dc8      0x158 ./source/timer.o
                0x00007dc8                timerStart
 .text.timerStop
                0x00007f20       0x34 ./source/timer.o
                0x00007f20                timerStop
 .text.timerExpired
                0x00007f54       0x30 ./source/timer.o
                0x00007f54                timerExpired
 .text.interrupt_fun
                0x00007f84       0xb4 ./source/timer.o
                0x00007f84                interrupt_fun
 .text.timerRestart
                0x00008038       0x38 ./source/timer.o
                0x00008038                timerRestart
 .text.__NVIC_EnableIRQ
                0x00008070       0x3c ./SDK/startup/hardware.o
 .text.__NVIC_SetPriority
                0x000080ac       0x54 ./SDK/startup/hardware.o
 .text.hw_Init  0x00008100      0x114 ./SDK/startup/hardware.o
                0x00008100                hw_Init
 .text.hw_EnableInterrupts
                0x00008214       0x70 ./SDK/startup/hardware.o
                0x00008214                hw_EnableInterrupts
 .text.hw_DisableInterrupts
                0x00008284       0x20 ./SDK/startup/hardware.o
                0x00008284                hw_DisableInterrupts
 .text.SystemInit
                0x000082a4       0x3c ./SDK/CMSIS/system_MK64F12.o
                0x000082a4                SystemInit
 .text.SystemCoreClockUpdate
                0x000082e0      0x28c ./SDK/CMSIS/system_MK64F12.o
                0x000082e0                SystemCoreClockUpdate
 .text.OSCfg_Init
                0x0000856c        0xe ./source/rtos/uCOSIII/src/uCOS-III/Source/os_cfg_app.o
                0x0000856c                OSCfg_Init
 .text.OS_PendDataInit
                0x0000857a       0x6e ./source/rtos/uCOSIII/src/uCOS-III/Source/os_core.o
                0x0000857a                OS_PendDataInit
 .text.OS_PendListChangePrio
                0x000085e8       0x58 ./source/rtos/uCOSIII/src/uCOS-III/Source/os_core.o
                0x000085e8                OS_PendListChangePrio
 .text.OS_PendListInit
                0x00008640       0x26 ./source/rtos/uCOSIII/src/uCOS-III/Source/os_core.o
                0x00008640                OS_PendListInit
 .text.OS_PendListInsertPrio
                0x00008666       0xe8 ./source/rtos/uCOSIII/src/uCOS-III/Source/os_core.o
                0x00008666                OS_PendListInsertPrio
 .text.OS_PendListRemove
                0x0000874e       0x54 ./source/rtos/uCOSIII/src/uCOS-III/Source/os_core.o
                0x0000874e                OS_PendListRemove
 .text.OS_PendListRemove1
                0x000087a2       0x94 ./source/rtos/uCOSIII/src/uCOS-III/Source/os_core.o
                0x000087a2                OS_PendListRemove1
 .text.OS_Post1
                0x00008836       0x62 ./source/rtos/uCOSIII/src/uCOS-III/Source/os_core.o
                0x00008836                OS_Post1
 .text.OS_RdyListMoveHeadToTail
                0x00008898       0x92 ./source/rtos/uCOSIII/src/uCOS-III/Source/os_core.o
                0x00008898                OS_RdyListMoveHeadToTail
 .text.OS_MsgQInit
                0x0000892a       0x36 ./source/rtos/uCOSIII/src/uCOS-III/Source/os_msg.o
                0x0000892a                OS_MsgQInit
 .text.OS_MutexGrpAdd
                0x00008960       0x24 ./source/rtos/uCOSIII/src/uCOS-III/Source/os_mutex.o
                0x00008960                OS_MutexGrpAdd
 .text.OS_MutexGrpRemove
                0x00008984       0x3a ./source/rtos/uCOSIII/src/uCOS-III/Source/os_mutex.o
                0x00008984                OS_MutexGrpRemove
 .text.OS_MutexGrpPrioFindHighest
                0x000089be       0x56 ./source/rtos/uCOSIII/src/uCOS-III/Source/os_mutex.o
                0x000089be                OS_MutexGrpPrioFindHighest
 .text.OS_MutexGrpPostAll
                0x00008a14       0x88 ./source/rtos/uCOSIII/src/uCOS-III/Source/os_mutex.o
                0x00008a14                OS_MutexGrpPostAll
 .text.OS_QPost
                0x00008a9c       0xce ./source/rtos/uCOSIII/src/uCOS-III/Source/os_q.o
                0x00008a9c                OS_QPost
 .text.OS_SemPost
                0x00008b6a       0xde ./source/rtos/uCOSIII/src/uCOS-III/Source/os_sem.o
                0x00008b6a                OS_SemPost
 .text.OSTaskSemPost
                0x00008c48       0x44 ./source/rtos/uCOSIII/src/uCOS-III/Source/os_task.o
                0x00008c48                OSTaskSemPost
 .text.OS_TickListInsert
                0x00008c8c      0x12e ./source/rtos/uCOSIII/src/uCOS-III/Source/os_tick.o
                0x00008c8c                OS_TickListInsert
 .text.OS_TickListRemove
                0x00008dba       0xca ./source/rtos/uCOSIII/src/uCOS-III/Source/os_tick.o
                0x00008dba                OS_TickListRemove
 .text.OS_TickListResetPeak
                0x00008e84        0xe ./source/rtos/uCOSIII/src/uCOS-III/Source/os_tick.o
                0x00008e84                OS_TickListResetPeak
 .text.OS_TmrResetPeak
                0x00008e92        0xe ./source/rtos/uCOSIII/src/uCOS-III/Source/os_tmr.o
                0x00008e92                OS_TmrResetPeak
 .text.SysTick_Handler
                0x00008ea0       0x2a ./source/rtos/uCOSIII/src/uCOS-III/Ports/ARM-Cortex-M4/Generic/GNU/os_cpu_c.o
                0x00008ea0                SysTick_Handler
 .text.CPU_Init
                0x00008eca        0xc ./source/rtos/uCOSIII/src/uC-CPU/cpu_core.o
                0x00008eca                CPU_Init
 .text.do_nothing
                0x00008ed6        0xe ./source/fsm.o
                0x00008ed6                do_nothing
 .text.fsm      0x00008ee4       0x3c ./source/fsm.o
                0x00008ee4                fsm
 .text.HardFault_Handler
                0x00008f20       0x2c ./SDK/startup/semihost_hardfault.o
                0x00008f20                HardFault_Handler
 .text.DMA0_IRQHandler
                0x00008f4c        0x8 ./SDK/startup/startup_mk64f12.o
                0x00008f4c                DMA0_IRQHandler
 .text.DMA1_IRQHandler
                0x00008f54        0x8 ./SDK/startup/startup_mk64f12.o
                0x00008f54                DMA1_IRQHandler
 .text.DMA2_IRQHandler
                0x00008f5c        0x8 ./SDK/startup/startup_mk64f12.o
                0x00008f5c                DMA2_IRQHandler
 .text.DMA3_IRQHandler
                0x00008f64        0x8 ./SDK/startup/startup_mk64f12.o
                0x00008f64                DMA3_IRQHandler
 .text.DMA4_IRQHandler
                0x00008f6c        0x8 ./SDK/startup/startup_mk64f12.o
                0x00008f6c                DMA4_IRQHandler
 .text.DMA5_IRQHandler
                0x00008f74        0x8 ./SDK/startup/startup_mk64f12.o
                0x00008f74                DMA5_IRQHandler
 .text.DMA6_IRQHandler
                0x00008f7c        0x8 ./SDK/startup/startup_mk64f12.o
                0x00008f7c                DMA6_IRQHandler
 .text.DMA7_IRQHandler
                0x00008f84        0x8 ./SDK/startup/startup_mk64f12.o
                0x00008f84                DMA7_IRQHandler
 .text.DMA8_IRQHandler
                0x00008f8c        0x8 ./SDK/startup/startup_mk64f12.o
                0x00008f8c                DMA8_IRQHandler
 .text.DMA9_IRQHandler
                0x00008f94        0x8 ./SDK/startup/startup_mk64f12.o
                0x00008f94                DMA9_IRQHandler
 .text.DMA10_IRQHandler
                0x00008f9c        0x8 ./SDK/startup/startup_mk64f12.o
                0x00008f9c                DMA10_IRQHandler
 .text.DMA11_IRQHandler
                0x00008fa4        0x8 ./SDK/startup/startup_mk64f12.o
                0x00008fa4                DMA11_IRQHandler
 .text.DMA12_IRQHandler
                0x00008fac        0x8 ./SDK/startup/startup_mk64f12.o
                0x00008fac                DMA12_IRQHandler
 .text.DMA13_IRQHandler
                0x00008fb4        0x8 ./SDK/startup/startup_mk64f12.o
                0x00008fb4                DMA13_IRQHandler
 .text.DMA14_IRQHandler
                0x00008fbc        0x8 ./SDK/startup/startup_mk64f12.o
                0x00008fbc                DMA14_IRQHandler
 .text.DMA15_IRQHandler
                0x00008fc4        0x8 ./SDK/startup/startup_mk64f12.o
                0x00008fc4                DMA15_IRQHandler
 .text.DMA_Error_IRQHandler
                0x00008fcc        0x8 ./SDK/startup/startup_mk64f12.o
                0x00008fcc                DMA_Error_IRQHandler
 .text.MCM_IRQHandler
                0x00008fd4        0x8 ./SDK/startup/startup_mk64f12.o
                0x00008fd4                MCM_IRQHandler
 .text.FTFE_IRQHandler
                0x00008fdc        0x8 ./SDK/startup/startup_mk64f12.o
                0x00008fdc                FTFE_IRQHandler
 .text.Read_Collision_IRQHandler
                0x00008fe4        0x8 ./SDK/startup/startup_mk64f12.o
                0x00008fe4                Read_Collision_IRQHandler
 .text.LVD_LVW_IRQHandler
                0x00008fec        0x8 ./SDK/startup/startup_mk64f12.o
                0x00008fec                LVD_LVW_IRQHandler
 .text.LLWU_IRQHandler
                0x00008ff4        0x8 ./SDK/startup/startup_mk64f12.o
                0x00008ff4                LLWU_IRQHandler
 .text.WDOG_EWM_IRQHandler
                0x00008ffc        0x8 ./SDK/startup/startup_mk64f12.o
                0x00008ffc                WDOG_EWM_IRQHandler
 .text.RNG_IRQHandler
                0x00009004        0x8 ./SDK/startup/startup_mk64f12.o
                0x00009004                RNG_IRQHandler
 .text.I2C0_IRQHandler
                0x0000900c        0x8 ./SDK/startup/startup_mk64f12.o
                0x0000900c                I2C0_IRQHandler
 .text.I2C1_IRQHandler
                0x00009014        0x8 ./SDK/startup/startup_mk64f12.o
                0x00009014                I2C1_IRQHandler
 .text.SPI0_IRQHandler
                0x0000901c        0x8 ./SDK/startup/startup_mk64f12.o
                0x0000901c                SPI0_IRQHandler
 .text.SPI1_IRQHandler
                0x00009024        0x8 ./SDK/startup/startup_mk64f12.o
                0x00009024                SPI1_IRQHandler
 .text.I2S0_Tx_IRQHandler
                0x0000902c        0x8 ./SDK/startup/startup_mk64f12.o
                0x0000902c                I2S0_Tx_IRQHandler
 .text.I2S0_Rx_IRQHandler
                0x00009034        0x8 ./SDK/startup/startup_mk64f12.o
                0x00009034                I2S0_Rx_IRQHandler
 .text.UART0_LON_IRQHandler
                0x0000903c        0x8 ./SDK/startup/startup_mk64f12.o
                0x0000903c                UART0_LON_IRQHandler
 .text.UART0_RX_TX_IRQHandler
                0x00009044        0x8 ./SDK/startup/startup_mk64f12.o
                0x00009044                UART0_RX_TX_IRQHandler
 .text.UART0_ERR_IRQHandler
                0x0000904c        0x8 ./SDK/startup/startup_mk64f12.o
                0x0000904c                UART0_ERR_IRQHandler
 .text.UART1_RX_TX_IRQHandler
                0x00009054        0x8 ./SDK/startup/startup_mk64f12.o
                0x00009054                UART1_RX_TX_IRQHandler
 .text.UART1_ERR_IRQHandler
                0x0000905c        0x8 ./SDK/startup/startup_mk64f12.o
                0x0000905c                UART1_ERR_IRQHandler
 .text.UART2_RX_TX_IRQHandler
                0x00009064        0x8 ./SDK/startup/startup_mk64f12.o
                0x00009064                UART2_RX_TX_IRQHandler
 .text.UART2_ERR_IRQHandler
                0x0000906c        0x8 ./SDK/startup/startup_mk64f12.o
                0x0000906c                UART2_ERR_IRQHandler
 .text.UART3_RX_TX_IRQHandler
                0x00009074        0x8 ./SDK/startup/startup_mk64f12.o
                0x00009074                UART3_RX_TX_IRQHandler
 .text.UART3_ERR_IRQHandler
                0x0000907c        0x8 ./SDK/startup/startup_mk64f12.o
                0x0000907c                UART3_ERR_IRQHandler
 .text.ADC0_IRQHandler
                0x00009084        0x8 ./SDK/startup/startup_mk64f12.o
                0x00009084                ADC0_IRQHandler
 .text.CMP0_IRQHandler
                0x0000908c        0x8 ./SDK/startup/startup_mk64f12.o
                0x0000908c                CMP0_IRQHandler
 .text.CMP1_IRQHandler
                0x00009094        0x8 ./SDK/startup/startup_mk64f12.o
                0x00009094                CMP1_IRQHandler
 .text.FTM0_IRQHandler
                0x0000909c        0x8 ./SDK/startup/startup_mk64f12.o
                0x0000909c                FTM0_IRQHandler
 .text.FTM1_IRQHandler
                0x000090a4        0x8 ./SDK/startup/startup_mk64f12.o
                0x000090a4                FTM1_IRQHandler
 .text.FTM2_IRQHandler
                0x000090ac        0x8 ./SDK/startup/startup_mk64f12.o
                0x000090ac                FTM2_IRQHandler
 .text.CMT_IRQHandler
                0x000090b4        0x8 ./SDK/startup/startup_mk64f12.o
                0x000090b4                CMT_IRQHandler
 .text.RTC_IRQHandler
                0x000090bc        0x8 ./SDK/startup/startup_mk64f12.o
                0x000090bc                RTC_IRQHandler
 .text.RTC_Seconds_IRQHandler
                0x000090c4        0x8 ./SDK/startup/startup_mk64f12.o
                0x000090c4                RTC_Seconds_IRQHandler
 .text.PIT1_IRQHandler
                0x000090cc        0x8 ./SDK/startup/startup_mk64f12.o
                0x000090cc                PIT1_IRQHandler
 .text.PIT2_IRQHandler
                0x000090d4        0x8 ./SDK/startup/startup_mk64f12.o
                0x000090d4                PIT2_IRQHandler
 .text.PIT3_IRQHandler
                0x000090dc        0x8 ./SDK/startup/startup_mk64f12.o
                0x000090dc                PIT3_IRQHandler
 .text.PDB0_IRQHandler
                0x000090e4        0x8 ./SDK/startup/startup_mk64f12.o
                0x000090e4                PDB0_IRQHandler
 .text.USB0_IRQHandler
                0x000090ec        0x8 ./SDK/startup/startup_mk64f12.o
                0x000090ec                USB0_IRQHandler
 .text.USBDCD_IRQHandler
                0x000090f4        0x8 ./SDK/startup/startup_mk64f12.o
                0x000090f4                USBDCD_IRQHandler
 .text.Reserved71_IRQHandler
                0x000090fc        0x8 ./SDK/startup/startup_mk64f12.o
                0x000090fc                Reserved71_IRQHandler
 .text.DAC0_IRQHandler
                0x00009104        0x8 ./SDK/startup/startup_mk64f12.o
                0x00009104                DAC0_IRQHandler
 .text.MCG_IRQHandler
                0x0000910c        0x8 ./SDK/startup/startup_mk64f12.o
                0x0000910c                MCG_IRQHandler
 .text.LPTMR0_IRQHandler
                0x00009114        0x8 ./SDK/startup/startup_mk64f12.o
                0x00009114                LPTMR0_IRQHandler
 .text.SWI_IRQHandler
                0x0000911c        0x8 ./SDK/startup/startup_mk64f12.o
                0x0000911c                SWI_IRQHandler
 .text.SPI2_IRQHandler
                0x00009124        0x8 ./SDK/startup/startup_mk64f12.o
                0x00009124                SPI2_IRQHandler
 .text.UART4_RX_TX_IRQHandler
                0x0000912c        0x8 ./SDK/startup/startup_mk64f12.o
                0x0000912c                UART4_RX_TX_IRQHandler
 .text.UART4_ERR_IRQHandler
                0x00009134        0x8 ./SDK/startup/startup_mk64f12.o
                0x00009134                UART4_ERR_IRQHandler
 .text.UART5_RX_TX_IRQHandler
                0x0000913c        0x8 ./SDK/startup/startup_mk64f12.o
                0x0000913c                UART5_RX_TX_IRQHandler
 .text.UART5_ERR_IRQHandler
                0x00009144        0x8 ./SDK/startup/startup_mk64f12.o
                0x00009144                UART5_ERR_IRQHandler
 .text.CMP2_IRQHandler
                0x0000914c        0x8 ./SDK/startup/startup_mk64f12.o
                0x0000914c                CMP2_IRQHandler
 .text.FTM3_IRQHandler
                0x00009154        0x8 ./SDK/startup/startup_mk64f12.o
                0x00009154                FTM3_IRQHandler
 .text.DAC1_IRQHandler
                0x0000915c        0x8 ./SDK/startup/startup_mk64f12.o
                0x0000915c                DAC1_IRQHandler
 .text.ADC1_IRQHandler
                0x00009164        0x8 ./SDK/startup/startup_mk64f12.o
                0x00009164                ADC1_IRQHandler
 .text.I2C2_IRQHandler
                0x0000916c        0x8 ./SDK/startup/startup_mk64f12.o
                0x0000916c                I2C2_IRQHandler
 .text.CAN0_ORed_Message_buffer_IRQHandler
                0x00009174        0x8 ./SDK/startup/startup_mk64f12.o
                0x00009174                CAN0_ORed_Message_buffer_IRQHandler
 .text.CAN0_Bus_Off_IRQHandler
                0x0000917c        0x8 ./SDK/startup/startup_mk64f12.o
                0x0000917c                CAN0_Bus_Off_IRQHandler
 .text.CAN0_Error_IRQHandler
                0x00009184        0x8 ./SDK/startup/startup_mk64f12.o
                0x00009184                CAN0_Error_IRQHandler
 .text.CAN0_Tx_Warning_IRQHandler
                0x0000918c        0x8 ./SDK/startup/startup_mk64f12.o
                0x0000918c                CAN0_Tx_Warning_IRQHandler
 .text.CAN0_Rx_Warning_IRQHandler
                0x00009194        0x8 ./SDK/startup/startup_mk64f12.o
                0x00009194                CAN0_Rx_Warning_IRQHandler
 .text.CAN0_Wake_Up_IRQHandler
                0x0000919c        0x8 ./SDK/startup/startup_mk64f12.o
                0x0000919c                CAN0_Wake_Up_IRQHandler
 .text.SDHC_IRQHandler
                0x000091a4        0x8 ./SDK/startup/startup_mk64f12.o
                0x000091a4                SDHC_IRQHandler
 .text.ENET_1588_Timer_IRQHandler
                0x000091ac        0x8 ./SDK/startup/startup_mk64f12.o
                0x000091ac                ENET_1588_Timer_IRQHandler
 .text.ENET_Transmit_IRQHandler
                0x000091b4        0x8 ./SDK/startup/startup_mk64f12.o
                0x000091b4                ENET_Transmit_IRQHandler
 .text.ENET_Receive_IRQHandler
                0x000091bc        0x8 ./SDK/startup/startup_mk64f12.o
                0x000091bc                ENET_Receive_IRQHandler
 .text.ENET_Error_IRQHandler
                0x000091c4        0x8 ./SDK/startup/startup_mk64f12.o
                0x000091c4                ENET_Error_IRQHandler
 .text.SystemInitHook
                0x000091cc        0xe ./SDK/CMSIS/system_MK64F12.o
                0x000091cc                SystemInitHook
 .text.__bhs_ui2d
                0x000091da       0x46 C:/nxp/MCUXpressoIDE_25.6.136/ide/plugins/com.nxp.mcuxpresso.tools.win32_25.6.0.202501151204/tools/bin/../lib/gcc/arm-none-eabi/14.2.1/thumb/v7e-m+fp/hard\libcr_eabihelpers.a(double.o)
                0x000091da                __bhs_ui2d
 .text.__aeabi_i2d
                0x00009220       0x10 C:/nxp/MCUXpressoIDE_25.6.136/ide/plugins/com.nxp.mcuxpresso.tools.win32_25.6.0.202501151204/tools/bin/../lib/gcc/arm-none-eabi/14.2.1/thumb/v7e-m+fp/hard\libcr_eabihelpers.a(double.o)
                0x00009220                __aeabi_i2d
 *(SORT_BY_ALIGNMENT(.rodata) SORT_BY_ALIGNMENT(.rodata.*) SORT_BY_ALIGNMENT(.constdata) SORT_BY_ALIGNMENT(.constdata.*))
 .rodata.OSCfg_IdleTaskStkBasePtr
                0x00009230        0x4 ./source/rtos/uCOSIII/src/uCOS-III/Source/os_cfg_app.o
                0x00009230                OSCfg_IdleTaskStkBasePtr
 .rodata.OSCfg_IdleTaskStkLimit
                0x00009234        0x4 ./source/rtos/uCOSIII/src/uCOS-III/Source/os_cfg_app.o
                0x00009234                OSCfg_IdleTaskStkLimit
 .rodata.OSCfg_IdleTaskStkSize
                0x00009238        0x4 ./source/rtos/uCOSIII/src/uCOS-III/Source/os_cfg_app.o
                0x00009238                OSCfg_IdleTaskStkSize
 .rodata.OSCfg_ISRStkBasePtr
                0x0000923c        0x4 ./source/rtos/uCOSIII/src/uCOS-III/Source/os_cfg_app.o
                0x0000923c                OSCfg_ISRStkBasePtr
 .rodata.OSCfg_ISRStkSize
                0x00009240        0x4 ./source/rtos/uCOSIII/src/uCOS-III/Source/os_cfg_app.o
                0x00009240                OSCfg_ISRStkSize
 .rodata.OSCfg_MsgPoolBasePtr
                0x00009244        0x4 ./source/rtos/uCOSIII/src/uCOS-III/Source/os_cfg_app.o
                0x00009244                OSCfg_MsgPoolBasePtr
 .rodata.OSCfg_StatTaskRate_Hz
                0x00009248        0x4 ./source/rtos/uCOSIII/src/uCOS-III/Source/os_cfg_app.o
                0x00009248                OSCfg_StatTaskRate_Hz
 .rodata.OSCfg_StatTaskStkBasePtr
                0x0000924c        0x4 ./source/rtos/uCOSIII/src/uCOS-III/Source/os_cfg_app.o
                0x0000924c                OSCfg_StatTaskStkBasePtr
 .rodata.OSCfg_StatTaskStkLimit
                0x00009250        0x4 ./source/rtos/uCOSIII/src/uCOS-III/Source/os_cfg_app.o
                0x00009250                OSCfg_StatTaskStkLimit
 .rodata.OSCfg_StatTaskStkSize
                0x00009254        0x4 ./source/rtos/uCOSIII/src/uCOS-III/Source/os_cfg_app.o
                0x00009254                OSCfg_StatTaskStkSize
 .rodata.OSCfg_StkSizeMin
                0x00009258        0x4 ./source/rtos/uCOSIII/src/uCOS-III/Source/os_cfg_app.o
                0x00009258                OSCfg_StkSizeMin
 .rodata.OSCfg_TickRate_Hz
                0x0000925c        0x4 ./source/rtos/uCOSIII/src/uCOS-III/Source/os_cfg_app.o
                0x0000925c                OSCfg_TickRate_Hz
 .rodata.OSCfg_TickTaskStkBasePtr
                0x00009260        0x4 ./source/rtos/uCOSIII/src/uCOS-III/Source/os_cfg_app.o
                0x00009260                OSCfg_TickTaskStkBasePtr
 .rodata.OSCfg_TickTaskStkLimit
                0x00009264        0x4 ./source/rtos/uCOSIII/src/uCOS-III/Source/os_cfg_app.o
                0x00009264                OSCfg_TickTaskStkLimit
 .rodata.OSCfg_TickTaskStkSize
                0x00009268        0x4 ./source/rtos/uCOSIII/src/uCOS-III/Source/os_cfg_app.o
                0x00009268                OSCfg_TickTaskStkSize
 .rodata.OSCfg_TmrTaskRate_Hz
                0x0000926c        0x4 ./source/rtos/uCOSIII/src/uCOS-III/Source/os_cfg_app.o
                0x0000926c                OSCfg_TmrTaskRate_Hz
 .rodata.OSCfg_TmrTaskStkBasePtr
                0x00009270        0x4 ./source/rtos/uCOSIII/src/uCOS-III/Source/os_cfg_app.o
                0x00009270                OSCfg_TmrTaskStkBasePtr
 .rodata.OSCfg_TmrTaskStkLimit
                0x00009274        0x4 ./source/rtos/uCOSIII/src/uCOS-III/Source/os_cfg_app.o
                0x00009274                OSCfg_TmrTaskStkLimit
 .rodata.OSCfg_TmrTaskStkSize
                0x00009278        0x4 ./source/rtos/uCOSIII/src/uCOS-III/Source/os_cfg_app.o
                0x00009278                OSCfg_TmrTaskStkSize
 .rodata.OS_IdleTaskInit.str1.4
                0x0000927c      0x1e3 ./source/rtos/uCOSIII/src/uCOS-III/Source/os_core.o
                                 0x14 (size before relaxing)
 .rodata.OS_PendDbgNameAdd.str1.4
                0x0000945f       0x16 ./source/rtos/uCOSIII/src/uCOS-III/Source/os_core.o
 *fill*         0x0000945f        0x1 ff
 .rodata.OSDbg_EndiannessTest
                0x00009460        0x4 ./source/rtos/uCOSIII/src/uCOS-III/Source/os_dbg.o
                0x00009460                OSDbg_EndiannessTest
 .rodata.OSDbg_FlagGrp
                0x00009464       0x28 ./source/rtos/uCOSIII/src/uCOS-III/Source/os_dbg.o
                0x00009464                OSDbg_FlagGrp
 .rodata.OSDbg_Mem
                0x0000948c       0x20 ./source/rtos/uCOSIII/src/uCOS-III/Source/os_dbg.o
                0x0000948c                OSDbg_Mem
 .rodata.OSDbg_Mutex
                0x000094ac       0x30 ./source/rtos/uCOSIII/src/uCOS-III/Source/os_dbg.o
                0x000094ac                OSDbg_Mutex
 .rodata.OSDbg_Q
                0x000094dc       0x30 ./source/rtos/uCOSIII/src/uCOS-III/Source/os_dbg.o
                0x000094dc                OSDbg_Q
 .rodata.OSDbg_Sem
                0x0000950c       0x28 ./source/rtos/uCOSIII/src/uCOS-III/Source/os_dbg.o
                0x0000950c                OSDbg_Sem
 .rodata.OSDbg_RdyListSize
                0x00009534        0x4 ./source/rtos/uCOSIII/src/uCOS-III/Source/os_dbg.o
                0x00009534                OSDbg_RdyListSize
 .rodata.OSDbg_Tmr
                0x00009538       0x30 ./source/rtos/uCOSIII/src/uCOS-III/Source/os_dbg.o
                0x00009538                OSDbg_Tmr
 .rodata.OSDbg_DataSize
                0x00009568        0x4 ./source/rtos/uCOSIII/src/uCOS-III/Source/os_dbg.o
                0x00009568                OSDbg_DataSize
 .rodata.OS_MutexDbgListAdd.str1.4
                0x0000956c        0x2 ./source/rtos/uCOSIII/src/uCOS-III/Source/os_mutex.o
 .rodata.OS_QDbgListAdd.str1.4
                0x0000956c        0x2 ./source/rtos/uCOSIII/src/uCOS-III/Source/os_q.o
 .rodata.OS_SemDbgListAdd.str1.4
                0x0000956c        0x2 ./source/rtos/uCOSIII/src/uCOS-III/Source/os_sem.o
 .rodata.OS_StatTaskInit.str1.4
                0x0000956c       0x14 ./source/rtos/uCOSIII/src/uCOS-III/Source/os_stat.o
 .rodata.OS_TaskInitTCB.str1.4
                0x0000956c        0xa ./source/rtos/uCOSIII/src/uCOS-III/Source/os_task.o
 .rodata.OS_TickTaskInit.str1.4
                0x0000956c       0x14 ./source/rtos/uCOSIII/src/uCOS-III/Source/os_tick.o
 .rodata.OS_TmrInit.str1.4
                0x0000956c       0x25 ./source/rtos/uCOSIII/src/uCOS-III/Source/os_tmr.o
 .rodata.App_Init.str1.4
                0x0000956c        0x5 ./source/App.o
 .rodata.revisar_eventos.str1.4
                0x0000956c       0x1f ./source/App.o
 .rodata.menu_nuevo_pin.str1.4
                0x0000956c        0xd ./source/App.o
 .rodata.menu_cliente.str1.4
                0x0000956c       0x1b ./source/App.o
 .rodata.giro_encoder_opciones.str1.4
                0x0000956c       0x29 ./source/App.o
 .rodata.ir_a_id_encoder.str1.4
                0x0000956c        0xa ./source/App.o
 .rodata.giro_encoder_opciones_brillito.str1.4
                0x0000956c       0x12 ./source/App.o
 .rodata.revisar_id.str1.4
                0x0000956c        0x5 ./source/App.o
 .rodata.ir_pin_encoder.str1.4
                0x0000956c        0xc ./source/App.o
 .rodata.pin_invalido.str1.4
                0x0000956c        0xb ./source/App.o
 .rodata.bloquear_id.str1.4
                0x0000956c       0x12 ./source/App.o
 .rodata.borrar_id.str1.4
                0x0000956c       0x10 ./source/App.o
 .rodata.id_invalido.str1.4
                0x0000956c        0x9 ./source/App.o
 .rodata.ingrese_id.str1.4
                0x0000956c        0x7 ./source/App.o
 .rodata.puerta_timer.str1.4
                0x0000956c        0x8 ./source/App.o
 .rodata.ir_a_borrar_usuario.str1.4
                0x0000956c        0x7 ./source/App.o
 .rodata.imprimir_pin.str1.4
                0x0000956c        0xb ./source/App.o
 .rodata.pines  0x0000956c        0xc ./source/display.o
 .rodata.gpio   0x00009578       0x14 ./source/gpio.o
 .rodata.port   0x0000958c       0x14 ./source/gpio.o
                0x0000958c                port
 .rodata.TaskStart.str1.4
                0x000095a0       0x2e ./source/main.o
 .rodata.App_Task2kHz.str1.4
                0x000095a0        0xe ./source/main.o
 .rodata.main.str1.4
                0x000095a0        0xf ./source/main.o
 .rodata.OSCfg_MsgPoolSize
                0x000095a0        0x2 ./source/rtos/uCOSIII/src/uCOS-III/Source/os_cfg_app.o
                0x000095a0                OSCfg_MsgPoolSize
 .rodata.OSDbg_FlagGrpSize
                0x000095a2        0x2 ./source/rtos/uCOSIII/src/uCOS-III/Source/os_dbg.o
                0x000095a2                OSDbg_FlagGrpSize
 .rodata.OSDbg_FlagWidth
                0x000095a4        0x2 ./source/rtos/uCOSIII/src/uCOS-III/Source/os_dbg.o
                0x000095a4                OSDbg_FlagWidth
 .rodata.OSDbg_MemSize
                0x000095a6        0x2 ./source/rtos/uCOSIII/src/uCOS-III/Source/os_dbg.o
                0x000095a6                OSDbg_MemSize
 .rodata.OSDbg_MsgSize
                0x000095a8        0x2 ./source/rtos/uCOSIII/src/uCOS-III/Source/os_dbg.o
                0x000095a8                OSDbg_MsgSize
 .rodata.OSDbg_MsgPoolSize
                0x000095aa        0x2 ./source/rtos/uCOSIII/src/uCOS-III/Source/os_dbg.o
                0x000095aa                OSDbg_MsgPoolSize
 .rodata.OSDbg_MsgQSize
                0x000095ac        0x2 ./source/rtos/uCOSIII/src/uCOS-III/Source/os_dbg.o
                0x000095ac                OSDbg_MsgQSize
 .rodata.OSDbg_MutexSize
                0x000095ae        0x2 ./source/rtos/uCOSIII/src/uCOS-III/Source/os_dbg.o
                0x000095ae                OSDbg_MutexSize
 .rodata.OSDbg_PendDataSize
                0x000095b0        0x2 ./source/rtos/uCOSIII/src/uCOS-III/Source/os_dbg.o
                0x000095b0                OSDbg_PendDataSize
 .rodata.OSDbg_PendListSize
                0x000095b2        0x2 ./source/rtos/uCOSIII/src/uCOS-III/Source/os_dbg.o
                0x000095b2                OSDbg_PendListSize
 .rodata.OSDbg_PendObjSize
                0x000095b4        0x2 ./source/rtos/uCOSIII/src/uCOS-III/Source/os_dbg.o
                0x000095b4                OSDbg_PendObjSize
 .rodata.OSDbg_PrioMax
                0x000095b6        0x2 ./source/rtos/uCOSIII/src/uCOS-III/Source/os_dbg.o
                0x000095b6                OSDbg_PrioMax
 .rodata.OSDbg_PrioTblSize
                0x000095b8        0x2 ./source/rtos/uCOSIII/src/uCOS-III/Source/os_dbg.o
                0x000095b8                OSDbg_PrioTblSize
 .rodata.OSDbg_PtrSize
                0x000095ba        0x2 ./source/rtos/uCOSIII/src/uCOS-III/Source/os_dbg.o
                0x000095ba                OSDbg_PtrSize
 .rodata.OSDbg_QSize
                0x000095bc        0x2 ./source/rtos/uCOSIII/src/uCOS-III/Source/os_dbg.o
                0x000095bc                OSDbg_QSize
 .rodata.OSDbg_SemSize
                0x000095be        0x2 ./source/rtos/uCOSIII/src/uCOS-III/Source/os_dbg.o
                0x000095be                OSDbg_SemSize
 .rodata.OSDbg_RdyList
                0x000095c0        0x2 ./source/rtos/uCOSIII/src/uCOS-III/Source/os_dbg.o
                0x000095c0                OSDbg_RdyList
 .rodata.OSDbg_TaskRegTblSize
                0x000095c2        0x2 ./source/rtos/uCOSIII/src/uCOS-III/Source/os_dbg.o
                0x000095c2                OSDbg_TaskRegTblSize
 .rodata.OSDbg_TCBSize
                0x000095c4        0x2 ./source/rtos/uCOSIII/src/uCOS-III/Source/os_dbg.o
                0x000095c4                OSDbg_TCBSize
 .rodata.OSDbg_TickListSize
                0x000095c6        0x2 ./source/rtos/uCOSIII/src/uCOS-III/Source/os_dbg.o
                0x000095c6                OSDbg_TickListSize
 .rodata.OSDbg_TmrSize
                0x000095c8        0x2 ./source/rtos/uCOSIII/src/uCOS-III/Source/os_dbg.o
                0x000095c8                OSDbg_TmrSize
 .rodata.OSDbg_VersionNbr
                0x000095ca        0x2 ./source/rtos/uCOSIII/src/uCOS-III/Source/os_dbg.o
                0x000095ca                OSDbg_VersionNbr
 .rodata.OSCfg_StatTaskPrio
                0x000095cc        0x1 ./source/rtos/uCOSIII/src/uCOS-III/Source/os_cfg_app.o
                0x000095cc                OSCfg_StatTaskPrio
 .rodata.OSCfg_TickTaskPrio
                0x000095cd        0x1 ./source/rtos/uCOSIII/src/uCOS-III/Source/os_cfg_app.o
                0x000095cd                OSCfg_TickTaskPrio
 .rodata.OSCfg_TmrTaskPrio
                0x000095ce        0x1 ./source/rtos/uCOSIII/src/uCOS-III/Source/os_cfg_app.o
                0x000095ce                OSCfg_TmrTaskPrio
 .rodata.OSDbg_DbgEn
                0x000095cf        0x1 ./source/rtos/uCOSIII/src/uCOS-III/Source/os_dbg.o
                0x000095cf                OSDbg_DbgEn
 .rodata.OSDbg_ArgChkEn
                0x000095d0        0x1 ./source/rtos/uCOSIII/src/uCOS-III/Source/os_dbg.o
                0x000095d0                OSDbg_ArgChkEn
 .rodata.OSDbg_AppHooksEn
                0x000095d1        0x1 ./source/rtos/uCOSIII/src/uCOS-III/Source/os_dbg.o
                0x000095d1                OSDbg_AppHooksEn
 .rodata.OSDbg_CalledFromISRChkEn
                0x000095d2        0x1 ./source/rtos/uCOSIII/src/uCOS-III/Source/os_dbg.o
                0x000095d2                OSDbg_CalledFromISRChkEn
 .rodata.OSDbg_FlagEn
                0x000095d3        0x1 ./source/rtos/uCOSIII/src/uCOS-III/Source/os_dbg.o
                0x000095d3                OSDbg_FlagEn
 .rodata.OSDbg_FlagDelEn
                0x000095d4        0x1 ./source/rtos/uCOSIII/src/uCOS-III/Source/os_dbg.o
                0x000095d4                OSDbg_FlagDelEn
 .rodata.OSDbg_FlagModeClrEn
                0x000095d5        0x1 ./source/rtos/uCOSIII/src/uCOS-III/Source/os_dbg.o
                0x000095d5                OSDbg_FlagModeClrEn
 .rodata.OSDbg_FlagPendAbortEn
                0x000095d6        0x1 ./source/rtos/uCOSIII/src/uCOS-III/Source/os_dbg.o
                0x000095d6                OSDbg_FlagPendAbortEn
 .rodata.OSDbg_ISRPostDeferredEn
                0x000095d7        0x1 ./source/rtos/uCOSIII/src/uCOS-III/Source/os_dbg.o
                0x000095d7                OSDbg_ISRPostDeferredEn
 .rodata.OSDbg_MemEn
                0x000095d8        0x1 ./source/rtos/uCOSIII/src/uCOS-III/Source/os_dbg.o
                0x000095d8                OSDbg_MemEn
 .rodata.OSDbg_MsgEn
                0x000095d9        0x1 ./source/rtos/uCOSIII/src/uCOS-III/Source/os_dbg.o
                0x000095d9                OSDbg_MsgEn
 .rodata.OSDbg_MutexEn
                0x000095da        0x1 ./source/rtos/uCOSIII/src/uCOS-III/Source/os_dbg.o
                0x000095da                OSDbg_MutexEn
 .rodata.OSDbg_MutexDelEn
                0x000095db        0x1 ./source/rtos/uCOSIII/src/uCOS-III/Source/os_dbg.o
                0x000095db                OSDbg_MutexDelEn
 .rodata.OSDbg_MutexPendAbortEn
                0x000095dc        0x1 ./source/rtos/uCOSIII/src/uCOS-III/Source/os_dbg.o
                0x000095dc                OSDbg_MutexPendAbortEn
 .rodata.OSDbg_ObjTypeChkEn
                0x000095dd        0x1 ./source/rtos/uCOSIII/src/uCOS-III/Source/os_dbg.o
                0x000095dd                OSDbg_ObjTypeChkEn
 .rodata.OSDbg_PendMultiEn
                0x000095de        0x1 ./source/rtos/uCOSIII/src/uCOS-III/Source/os_dbg.o
                0x000095de                OSDbg_PendMultiEn
 .rodata.OSDbg_QEn
                0x000095df        0x1 ./source/rtos/uCOSIII/src/uCOS-III/Source/os_dbg.o
                0x000095df                OSDbg_QEn
 .rodata.OSDbg_QDelEn
                0x000095e0        0x1 ./source/rtos/uCOSIII/src/uCOS-III/Source/os_dbg.o
                0x000095e0                OSDbg_QDelEn
 .rodata.OSDbg_QFlushEn
                0x000095e1        0x1 ./source/rtos/uCOSIII/src/uCOS-III/Source/os_dbg.o
                0x000095e1                OSDbg_QFlushEn
 .rodata.OSDbg_QPendAbortEn
                0x000095e2        0x1 ./source/rtos/uCOSIII/src/uCOS-III/Source/os_dbg.o
                0x000095e2                OSDbg_QPendAbortEn
 .rodata.OSDbg_SchedRoundRobinEn
                0x000095e3        0x1 ./source/rtos/uCOSIII/src/uCOS-III/Source/os_dbg.o
                0x000095e3                OSDbg_SchedRoundRobinEn
 .rodata.OSDbg_SemEn
                0x000095e4        0x1 ./source/rtos/uCOSIII/src/uCOS-III/Source/os_dbg.o
                0x000095e4                OSDbg_SemEn
 .rodata.OSDbg_SemDelEn
                0x000095e5        0x1 ./source/rtos/uCOSIII/src/uCOS-III/Source/os_dbg.o
                0x000095e5                OSDbg_SemDelEn
 .rodata.OSDbg_SemPendAbortEn
                0x000095e6        0x1 ./source/rtos/uCOSIII/src/uCOS-III/Source/os_dbg.o
                0x000095e6                OSDbg_SemPendAbortEn
 .rodata.OSDbg_SemSetEn
                0x000095e7        0x1 ./source/rtos/uCOSIII/src/uCOS-III/Source/os_dbg.o
                0x000095e7                OSDbg_SemSetEn
 .rodata.OSDbg_StkWidth
                0x000095e8        0x1 ./source/rtos/uCOSIII/src/uCOS-III/Source/os_dbg.o
                0x000095e8                OSDbg_StkWidth
 .rodata.OSDbg_StatTaskEn
                0x000095e9        0x1 ./source/rtos/uCOSIII/src/uCOS-III/Source/os_dbg.o
                0x000095e9                OSDbg_StatTaskEn
 .rodata.OSDbg_StatTaskStkChkEn
                0x000095ea        0x1 ./source/rtos/uCOSIII/src/uCOS-III/Source/os_dbg.o
                0x000095ea                OSDbg_StatTaskStkChkEn
 .rodata.OSDbg_TaskChangePrioEn
                0x000095eb        0x1 ./source/rtos/uCOSIII/src/uCOS-III/Source/os_dbg.o
                0x000095eb                OSDbg_TaskChangePrioEn
 .rodata.OSDbg_TaskDelEn
                0x000095ec        0x1 ./source/rtos/uCOSIII/src/uCOS-III/Source/os_dbg.o
                0x000095ec                OSDbg_TaskDelEn
 .rodata.OSDbg_TaskQEn
                0x000095ed        0x1 ./source/rtos/uCOSIII/src/uCOS-III/Source/os_dbg.o
                0x000095ed                OSDbg_TaskQEn
 .rodata.OSDbg_TaskQPendAbortEn
                0x000095ee        0x1 ./source/rtos/uCOSIII/src/uCOS-III/Source/os_dbg.o
                0x000095ee                OSDbg_TaskQPendAbortEn
 .rodata.OSDbg_TaskProfileEn
                0x000095ef        0x1 ./source/rtos/uCOSIII/src/uCOS-III/Source/os_dbg.o
                0x000095ef                OSDbg_TaskProfileEn
 .rodata.OSDbg_TaskSemPendAbortEn
                0x000095f0        0x1 ./source/rtos/uCOSIII/src/uCOS-III/Source/os_dbg.o
                0x000095f0                OSDbg_TaskSemPendAbortEn
 .rodata.OSDbg_TaskSuspendEn
                0x000095f1        0x1 ./source/rtos/uCOSIII/src/uCOS-III/Source/os_dbg.o
                0x000095f1                OSDbg_TaskSuspendEn
 .rodata.OSDbg_TimeDlyHMSMEn
                0x000095f2        0x1 ./source/rtos/uCOSIII/src/uCOS-III/Source/os_dbg.o
                0x000095f2                OSDbg_TimeDlyHMSMEn
 .rodata.OSDbg_TimeDlyResumeEn
                0x000095f3        0x1 ./source/rtos/uCOSIII/src/uCOS-III/Source/os_dbg.o
                0x000095f3                OSDbg_TimeDlyResumeEn
 .rodata.OSDbg_TmrEn
                0x000095f4        0x1 ./source/rtos/uCOSIII/src/uCOS-III/Source/os_dbg.o
                0x000095f4                OSDbg_TmrEn
 .rodata.OSDbg_TmrDelEn
                0x000095f5        0x1 ./source/rtos/uCOSIII/src/uCOS-III/Source/os_dbg.o
                0x000095f5                OSDbg_TmrDelEn
                0x000095f8                        . = ALIGN (0x8)
 *fill*         0x000095f6        0x2 ff

.glue_7         0x000095f8        0x0
 .glue_7        0x000095f8        0x0 linker stubs

.glue_7t        0x000095f8        0x0
 .glue_7t       0x000095f8        0x0 linker stubs

.vfp11_veneer   0x000095f8        0x0
 .vfp11_veneer  0x000095f8        0x0 linker stubs

.v4_bx          0x000095f8        0x0
 .v4_bx         0x000095f8        0x0 linker stubs

.iplt           0x000095f8        0x0
 .iplt          0x000095f8        0x0 ./source/rtos/uCOSIII/src/uCOS-III/Source/os_cfg_app.o

.rel.dyn        0x000095f8        0x0
 .rel.iplt      0x000095f8        0x0 ./source/rtos/uCOSIII/src/uCOS-III/Source/os_cfg_app.o

.ARM.extab
 *(SORT_BY_ALIGNMENT(.ARM.extab*) SORT_BY_ALIGNMENT(.gnu.linkonce.armextab.*))

.ARM.exidx      0x000095f8        0x0
                0x000095f8                        __exidx_start = .
 *(SORT_BY_ALIGNMENT(.ARM.exidx*) SORT_BY_ALIGNMENT(.gnu.linkonce.armexidx.*))
                0x000095f8                        __exidx_end = .
                0x000095f8                        _etext = .

.m_usb_data
 *(SORT_BY_ALIGNMENT(m_usb_bdt))

.data_RAM2      0x1fff0000        0x0 load address 0x000095f8
 FILL mask 0xff
                [!provide]                        PROVIDE (__start_data_RAM2 = .)
                [!provide]                        PROVIDE (__start_data_SRAM_LOWER = .)
 *(SORT_BY_ALIGNMENT(.ramfunc.$RAM2))
 *(SORT_BY_ALIGNMENT(.ramfunc.$SRAM_LOWER))
 *(SORT_BY_ALIGNMENT(.data.$RAM2))
 *(SORT_BY_ALIGNMENT(.data.$SRAM_LOWER))
 *(SORT_BY_ALIGNMENT(.data.$RAM2.*))
 *(SORT_BY_ALIGNMENT(.data.$SRAM_LOWER.*))
                0x1fff0000                        . = ALIGN (0x8)
                [!provide]                        PROVIDE (__end_data_RAM2 = .)
                [!provide]                        PROVIDE (__end_data_SRAM_LOWER = .)

.data_RAM3      0x14000000        0x0 load address 0x000095f8
 FILL mask 0xff
                [!provide]                        PROVIDE (__start_data_RAM3 = .)
                [!provide]                        PROVIDE (__start_data_FLEX_RAM = .)
 *(SORT_BY_ALIGNMENT(.ramfunc.$RAM3))
 *(SORT_BY_ALIGNMENT(.ramfunc.$FLEX_RAM))
 *(SORT_BY_ALIGNMENT(.data.$RAM3))
 *(SORT_BY_ALIGNMENT(.data.$FLEX_RAM))
 *(SORT_BY_ALIGNMENT(.data.$RAM3.*))
 *(SORT_BY_ALIGNMENT(.data.$FLEX_RAM.*))
                0x14000000                        . = ALIGN (0x8)
                [!provide]                        PROVIDE (__end_data_RAM3 = .)
                [!provide]                        PROVIDE (__end_data_FLEX_RAM = .)

.uninit_RESERVED
                0x20000000        0x0
                0x20000000                        _start_uninit_RESERVED = .
 *(SORT_BY_ALIGNMENT(.bss.$RESERVED*))
                0x20000000                        . = ALIGN (0x8)
                0x20000000                        _end_uninit_RESERVED = .

.data           0x20000000      0x218 load address 0x000095f8
 FILL mask 0xff
                0x20000000                        _data = .
                [!provide]                        PROVIDE (__start_data_RAM = .)
                [!provide]                        PROVIDE (__start_data_SRAM_UPPER = .)
 *(SORT_BY_ALIGNMENT(vtable))
 *(SORT_BY_ALIGNMENT(.ramfunc*))
 *(SORT_BY_ALIGNMENT(CodeQuickAccess))
 *(SORT_BY_ALIGNMENT(DataQuickAccess))
 *(SORT_BY_ALIGNMENT(RamFunction))
 *(SORT_BY_ALIGNMENT(.data*))
 .data.brillo_actual
                0x20000000        0x4 ./source/App.o
                0x20000000                brillo_actual
 .data.decision_cliente
                0x20000004        0x4 ./source/App.o
                0x20000004                decision_cliente
 .data.decision_pin
                0x20000008        0x4 ./source/App.o
                0x20000008                decision_pin
 .data.nivel_de_brillo
                0x2000000c        0x4 ./source/display.o
 .data.buffer_caracteres
                0x20000010       0x26 ./source/display.o
                0x20000010                buffer_caracteres
 *fill*         0x20000036        0x2 ff
 .data.inicio   0x20000038       0x30 ./source/fsm.o
                0x20000038                inicio
 .data.id_completo
                0x20000068       0x24 ./source/fsm.o
                0x20000068                id_completo
 .data.pin_completo
                0x2000008c       0x3c ./source/fsm.o
                0x2000008c                pin_completo
 .data.administrador
                0x200000c8       0x3c ./source/fsm.o
                0x200000c8                administrador
 .data.agregar_id_usuario
                0x20000104       0x24 ./source/fsm.o
                0x20000104                agregar_id_usuario
 .data.id_encoder_nuevo
                0x20000128       0x24 ./source/fsm.o
                0x20000128                id_encoder_nuevo
 .data.decision_longitud_pin
                0x2000014c       0x18 ./source/fsm.o
                0x2000014c                decision_longitud_pin
 .data.agregar_pin_usuario
                0x20000164       0x18 ./source/fsm.o
                0x20000164                agregar_pin_usuario
 .data.borrar_usuario
                0x2000017c       0x24 ./source/fsm.o
                0x2000017c                borrar_usuario
 .data.ajustar_brillo
                0x200001a0       0x18 ./source/fsm.o
                0x200001a0                ajustar_brillo
 .data.cliente  0x200001b8       0x24 ./source/fsm.o
                0x200001b8                cliente
 .data.cant_dig_pin
                0x200001dc       0x18 ./source/fsm.o
                0x200001dc                cant_dig_pin
 .data.nueva_contrasenia
                0x200001f4       0x18 ./source/fsm.o
                0x200001f4                nueva_contrasenia
 .data.SystemCoreClock
                0x2000020c        0x4 ./SDK/CMSIS/system_MK64F12.o
                0x2000020c                SystemCoreClock
 .data.valor_digito_encoder
                0x20000210        0x1 ./source/App.o
                0x20000210                valor_digito_encoder
 .data.flag_clean
                0x20000211        0x1 ./source/App.o
                0x20000211                flag_clean
 .data.flag_desplazamiento
                0x20000212        0x1 ./source/display.o
                0x20000218                        . = ALIGN (0x8)
 *fill*         0x20000213        0x5 ff
                0x20000218                        _edata = .
                [!provide]                        PROVIDE (__end_data_RAM = .)
                [!provide]                        PROVIDE (__end_data_SRAM_UPPER = .)

.igot.plt       0x20000218        0x0 load address 0x00009810
 .igot.plt      0x20000218        0x0 ./source/rtos/uCOSIII/src/uCOS-III/Source/os_cfg_app.o

.bss_RAM2       0x1fff0000        0x0
                [!provide]                        PROVIDE (__start_bss_RAM2 = .)
                [!provide]                        PROVIDE (__start_bss_SRAM_LOWER = .)
 *(SORT_BY_ALIGNMENT(.bss.$RAM2))
 *(SORT_BY_ALIGNMENT(.bss.$SRAM_LOWER))
 *(SORT_BY_ALIGNMENT(.bss.$RAM2.*))
 *(SORT_BY_ALIGNMENT(.bss.$SRAM_LOWER.*))
                0x1fff0000                        . = ALIGN ((. != 0x0)?0x8:0x1)
                [!provide]                        PROVIDE (__end_bss_RAM2 = .)
                [!provide]                        PROVIDE (__end_bss_SRAM_LOWER = .)

.bss_RAM3       0x14000000        0x0
                [!provide]                        PROVIDE (__start_bss_RAM3 = .)
                [!provide]                        PROVIDE (__start_bss_FLEX_RAM = .)
 *(SORT_BY_ALIGNMENT(.bss.$RAM3))
 *(SORT_BY_ALIGNMENT(.bss.$FLEX_RAM))
 *(SORT_BY_ALIGNMENT(.bss.$RAM3.*))
 *(SORT_BY_ALIGNMENT(.bss.$FLEX_RAM.*))
                0x14000000                        . = ALIGN ((. != 0x0)?0x8:0x1)
                [!provide]                        PROVIDE (__end_bss_RAM3 = .)
                [!provide]                        PROVIDE (__end_bss_FLEX_RAM = .)

.bss            0x20000218     0x2df0
                0x20000218                        _bss = .
                [!provide]                        PROVIDE (__start_bss_RAM = .)
                [!provide]                        PROVIDE (__start_bss_SRAM_UPPER = .)
 *(SORT_BY_ALIGNMENT(.bss*))
 .bss.tiempo_on
                0x20000218        0x8 ./source/display.o
 .bss.OSCfg_IdleTaskStk
                0x20000220      0x200 ./source/rtos/uCOSIII/src/uCOS-III/Source/os_cfg_app.o
                0x20000220                OSCfg_IdleTaskStk
 .bss.OSCfg_ISRStk
                0x20000420      0x200 ./source/rtos/uCOSIII/src/uCOS-III/Source/os_cfg_app.o
                0x20000420                OSCfg_ISRStk
 .bss.OSCfg_MsgPool
                0x20000620      0x640 ./source/rtos/uCOSIII/src/uCOS-III/Source/os_cfg_app.o
                0x20000620                OSCfg_MsgPool
 .bss.OSCfg_StatTaskStk
                0x20000c60      0x200 ./source/rtos/uCOSIII/src/uCOS-III/Source/os_cfg_app.o
                0x20000c60                OSCfg_StatTaskStk
 .bss.OSCfg_TickTaskStk
                0x20000e60      0x200 ./source/rtos/uCOSIII/src/uCOS-III/Source/os_cfg_app.o
                0x20000e60                OSCfg_TickTaskStk
 .bss.OSCfg_TmrTaskStk
                0x20001060      0x200 ./source/rtos/uCOSIII/src/uCOS-III/Source/os_cfg_app.o
                0x20001060                OSCfg_TmrTaskStk
 .bss.OSPrioTbl
                0x20001260        0x4 ./source/rtos/uCOSIII/src/uCOS-III/Source/os_prio.o
                0x20001260                OSPrioTbl
 .bss.OS_AppTaskCreateHookPtr
                0x20001264        0x4 ./source/rtos/uCOSIII/src/uCOS-III/Source/os_var.o
                0x20001264                OS_AppTaskCreateHookPtr
 .bss.OS_AppTaskDelHookPtr
                0x20001268        0x4 ./source/rtos/uCOSIII/src/uCOS-III/Source/os_var.o
                0x20001268                OS_AppTaskDelHookPtr
 .bss.OS_AppTaskReturnHookPtr
                0x2000126c        0x4 ./source/rtos/uCOSIII/src/uCOS-III/Source/os_var.o
                0x2000126c                OS_AppTaskReturnHookPtr
 .bss.OS_AppIdleTaskHookPtr
                0x20001270        0x4 ./source/rtos/uCOSIII/src/uCOS-III/Source/os_var.o
                0x20001270                OS_AppIdleTaskHookPtr
 .bss.OS_AppStatTaskHookPtr
                0x20001274        0x4 ./source/rtos/uCOSIII/src/uCOS-III/Source/os_var.o
                0x20001274                OS_AppStatTaskHookPtr
 .bss.OS_AppTaskSwHookPtr
                0x20001278        0x4 ./source/rtos/uCOSIII/src/uCOS-III/Source/os_var.o
                0x20001278                OS_AppTaskSwHookPtr
 .bss.OS_AppTimeTickHookPtr
                0x2000127c        0x4 ./source/rtos/uCOSIII/src/uCOS-III/Source/os_var.o
                0x2000127c                OS_AppTimeTickHookPtr
 .bss.OSIdleTaskCtr
                0x20001280        0x4 ./source/rtos/uCOSIII/src/uCOS-III/Source/os_var.o
                0x20001280                OSIdleTaskCtr
 .bss.OSIdleTaskTCB
                0x20001284       0xc4 ./source/rtos/uCOSIII/src/uCOS-III/Source/os_var.o
                0x20001284                OSIdleTaskTCB
 .bss.OSFlagDbgListPtr
                0x20001348        0x4 ./source/rtos/uCOSIII/src/uCOS-III/Source/os_var.o
                0x20001348                OSFlagDbgListPtr
 .bss.OSMemDbgListPtr
                0x2000134c        0x4 ./source/rtos/uCOSIII/src/uCOS-III/Source/os_var.o
                0x2000134c                OSMemDbgListPtr
 .bss.OSMsgPool
                0x20001350        0xc ./source/rtos/uCOSIII/src/uCOS-III/Source/os_var.o
                0x20001350                OSMsgPool
 .bss.OSMutexDbgListPtr
                0x2000135c        0x4 ./source/rtos/uCOSIII/src/uCOS-III/Source/os_var.o
                0x2000135c                OSMutexDbgListPtr
 .bss.OSQDbgListPtr
                0x20001360        0x4 ./source/rtos/uCOSIII/src/uCOS-III/Source/os_var.o
                0x20001360                OSQDbgListPtr
 .bss.OSRdyList
                0x20001364      0x180 ./source/rtos/uCOSIII/src/uCOS-III/Source/os_var.o
                0x20001364                OSRdyList
 .bss.OSSchedRoundRobinDfltTimeQuanta
                0x200014e4        0x4 ./source/rtos/uCOSIII/src/uCOS-III/Source/os_var.o
                0x200014e4                OSSchedRoundRobinDfltTimeQuanta
 .bss.OSSemDbgListPtr
                0x200014e8        0x4 ./source/rtos/uCOSIII/src/uCOS-III/Source/os_var.o
                0x200014e8                OSSemDbgListPtr
 .bss.OSStatTaskCtr
                0x200014ec        0x4 ./source/rtos/uCOSIII/src/uCOS-III/Source/os_var.o
                0x200014ec                OSStatTaskCtr
 .bss.OSStatTaskCtrMax
                0x200014f0        0x4 ./source/rtos/uCOSIII/src/uCOS-III/Source/os_var.o
                0x200014f0                OSStatTaskCtrMax
 .bss.OSStatTaskCtrRun
                0x200014f4        0x4 ./source/rtos/uCOSIII/src/uCOS-III/Source/os_var.o
                0x200014f4                OSStatTaskCtrRun
 .bss.OSStatTaskTCB
                0x200014f8       0xc4 ./source/rtos/uCOSIII/src/uCOS-III/Source/os_var.o
                0x200014f8                OSStatTaskTCB
 .bss.OSStatTaskTimeMax
                0x200015bc        0x4 ./source/rtos/uCOSIII/src/uCOS-III/Source/os_var.o
                0x200015bc                OSStatTaskTimeMax
 .bss.OSTaskCtxSwCtr
                0x200015c0        0x4 ./source/rtos/uCOSIII/src/uCOS-III/Source/os_var.o
                0x200015c0                OSTaskCtxSwCtr
 .bss.OSTaskDbgListPtr
                0x200015c4        0x4 ./source/rtos/uCOSIII/src/uCOS-III/Source/os_var.o
                0x200015c4                OSTaskDbgListPtr
 .bss.OSTickCtr
                0x200015c8        0x4 ./source/rtos/uCOSIII/src/uCOS-III/Source/os_var.o
                0x200015c8                OSTickCtr
 .bss.OSTickTaskTCB
                0x200015cc       0xc4 ./source/rtos/uCOSIII/src/uCOS-III/Source/os_var.o
                0x200015cc                OSTickTaskTCB
 .bss.OSTickTaskTimeMax
                0x20001690        0x4 ./source/rtos/uCOSIII/src/uCOS-III/Source/os_var.o
                0x20001690                OSTickTaskTimeMax
 .bss.OSTickListDly
                0x20001694        0x8 ./source/rtos/uCOSIII/src/uCOS-III/Source/os_var.o
                0x20001694                OSTickListDly
 .bss.OSTickListTimeout
                0x2000169c        0x8 ./source/rtos/uCOSIII/src/uCOS-III/Source/os_var.o
                0x2000169c                OSTickListTimeout
 .bss.OSTmrDbgListPtr
                0x200016a4        0x4 ./source/rtos/uCOSIII/src/uCOS-III/Source/os_var.o
                0x200016a4                OSTmrDbgListPtr
 .bss.OSTmrListPtr
                0x200016a8        0x4 ./source/rtos/uCOSIII/src/uCOS-III/Source/os_var.o
                0x200016a8                OSTmrListPtr
 .bss.OSTmrMutex
                0x200016ac       0x30 ./source/rtos/uCOSIII/src/uCOS-III/Source/os_var.o
                0x200016ac                OSTmrMutex
 .bss.OSTmrTaskTCB
                0x200016dc       0xc4 ./source/rtos/uCOSIII/src/uCOS-III/Source/os_var.o
                0x200016dc                OSTmrTaskTCB
 .bss.OSTmrTaskTimeMax
                0x200017a0        0x4 ./source/rtos/uCOSIII/src/uCOS-III/Source/os_var.o
                0x200017a0                OSTmrTaskTimeMax
 .bss.OSTmrTickCtr
                0x200017a4        0x4 ./source/rtos/uCOSIII/src/uCOS-III/Source/os_var.o
                0x200017a4                OSTmrTickCtr
 .bss.OSTmrUpdateCnt
                0x200017a8        0x4 ./source/rtos/uCOSIII/src/uCOS-III/Source/os_var.o
                0x200017a8                OSTmrUpdateCnt
 .bss.OSTmrUpdateCtr
                0x200017ac        0x4 ./source/rtos/uCOSIII/src/uCOS-III/Source/os_var.o
                0x200017ac                OSTmrUpdateCtr
 .bss.OSTCBCurPtr
                0x200017b0        0x4 ./source/rtos/uCOSIII/src/uCOS-III/Source/os_var.o
                0x200017b0                OSTCBCurPtr
 .bss.OSTCBHighRdyPtr
                0x200017b4        0x4 ./source/rtos/uCOSIII/src/uCOS-III/Source/os_var.o
                0x200017b4                OSTCBHighRdyPtr
 .bss.OS_CPU_ExceptStkBase
                0x200017b8        0x4 ./source/rtos/uCOSIII/src/uCOS-III/Ports/ARM-Cortex-M4/Generic/GNU/os_cpu_c.o
                0x200017b8                OS_CPU_ExceptStkBase
 .bss.CPU_TS_TmrFreq_Hz
                0x200017bc        0x4 ./source/rtos/uCOSIII/src/uC-CPU/cpu_core.o
                0x200017bc                CPU_TS_TmrFreq_Hz
 .bss.usuarios  0x200017c0       0xa0 ./source/App.o
                0x200017c0                usuarios